<html>
<body>
<pre>
<h1>礦ision Build Log</h1>
<h2>Tool Versions:</h2>
IDE-Version: μVision V5.27.1.0
Copyright (C) 2019 ARM Ltd and ARM Germany GmbH. All rights reserved.
License Information: 111 潘亚光, 111, LIC=BL28T-R5L3G-35FTX-HA4QP-9LM2N-X7CAA
 
Tool Versions:
Toolchain:       MDK-ARM Professional  Version: 5.27.1.0
Toolchain Path:  D:\SW_Install\keil\ARM\ARMCC\Bin
C Compiler:      Armcc.exe V5.06 update 6 (build 750)
Assembler:       Armasm.exe V5.06 update 6 (build 750)
Linker/Locator:  ArmLink.exe V5.06 update 6 (build 750)
Library Manager: ArmAr.exe V5.06 update 6 (build 750)
Hex Converter:   FromElf.exe V5.06 update 6 (build 750)
CPU DLL:         SARMCM3.DLL V5.27.1.0
Dialog DLL:      DCM.DLL V1.17.2.0
Target DLL:      Segger\JL2CM3.dll V2.99.35.0
Dialog DLL:      TCM.DLL V1.36.1.0
 
<h2>Project:</h2>
C:\Users\潘亚光\Desktop\新建文件夹\nRF5_SDK_17.0.2_d674dde - Copy\examples\dfu\secure_bootloader\pca10100_s140_ble\arm5_no_packs\secure_bootloader_ble_s140_pca10100.uvprojx
Project File Date:  01/20/2021

<h2>Output:</h2>
*** Using Compiler 'V5.06 update 6 (build 750)', folder: 'D:\SW_Install\keil\ARM\ARMCC\Bin'
Rebuild target 'nrf52833_xxaa_s140'
compiling dfu_public_key.c...
compiling ble_srv_common.c...
compiling nrf_bootloader_app_start.c...
compiling nrf_bootloader_dfu_timers.c...
compiling nrf_bootloader_app_start_final.c...
compiling boards.c...
compiling main.c...
compiling nrf_crypto_ecc.c...
compiling nrf_bootloader.c...
compiling nrf_bootloader_fw_activation.c...
compiling nrf_bootloader_wdt.c...
compiling nrf_bootloader_info.c...
compiling oberon_backend_ecc.c...
compiling oberon_backend_ecdh.c...
compiling nrf_crypto_ecdsa.c...
compiling oberon_backend_ecdsa.c...
compiling oberon_backend_eddsa.c...
compiling nrf_crypto_hash.c...
compiling oberon_backend_chacha_poly_aead.c...
compiling nrf_crypto_init.c...
compiling nrf_crypto_shared.c...
compiling dfu-cc.pb.c...
compiling oberon_backend_hash.c...
compiling oberon_backend_hmac.c...
compiling micro_ecc_backend_ecc.c...
compiling nrf_sw_backend_hash.c...
compiling micro_ecc_backend_ecdh.c...
compiling micro_ecc_backend_ecdsa.c...
compiling nrf_dfu.c...
compiling nrf_dfu_handling_error.c...
compiling nrf_dfu_flash.c...
compiling nrf_dfu_mbr.c...
compiling nrf_dfu_ble.c...
compiling nrf_dfu_settings.c...
compiling nrf_dfu_settings_svci.c...
compiling nrf_dfu_req_handler.c...
compiling nrf_dfu_transport.c...
compiling nrf_dfu_utils.c...
compiling nrf_nvmc.c...
compiling nrf_dfu_validation.c...
compiling nrf_dfu_ver_validation.c...
compiling app_util_platform.c...
compiling nrfx_atomic.c...
compiling app_error_weak.c...
compiling app_scheduler.c...
compiling crc32.c...
compiling nrf_assert.c...
compiling mem_manager.c...
compiling nrf_atfifo.c...
compiling nrf_atomic.c...
compiling nrf_fstorage.c...
compiling nrf_balloc.c...
compiling nrf_fstorage_sd.c...
compiling nrf_fstorage_nvmc.c...
compiling nrf_queue.c...
compiling nrf_section_iter.c...
compiling nrf_ringbuf.c...
compiling nrf_strerror.c...
compiling sha256.c...
compiling pb_common.c...
compiling nrf_dfu_svci.c...
compiling pb_decode.c...
assembling arm_startup_nrf52820.s...
compiling nrf_dfu_svci_handler.c...
compiling nrf_svc_handler.c...
compiling nrf_sdh_soc.c...
compiling nrf_sdh.c...
compiling system_nrf52820.c...
compiling nrf_sdh_ble.c...
linking...
Program Size: Code=21816 RO-data=2256 RW-data=192 ZI-data=19772  
FromELF: creating hex file...
".\_build\nrf52833_xxaa_s140.axf" - 0 Error(s), 0 Warning(s).

<h2>Software Packages used:</h2>

Package Vendor: ARM
                http://www.keil.com/pack/ARM.CMSIS.5.6.0.pack
                ARM.CMSIS.5.6.0
                CMSIS (Cortex Microcontroller Software Interface Standard)
   * Component: CORE Version: 5.3.0

Package Vendor: NordicSemiconductor
                http://developer.nordicsemi.com/nRF5_SDK/pieces/nRF_DeviceFamilyPack/NordicSemiconductor.nRF_DeviceFamilyPack.8.35.0.pack
                NordicSemiconductor.nRF_DeviceFamilyPack.8.35.0
                Nordic Semiconductor nRF ARM devices Device Family Pack with BSD license.
   * Component: Startup Version: 8.35.0

<h2>Collection of Component include folders:</h2>
  .\RTE\_nrf52833_xxaa_s140
  D:\SW_Install\keil\ARM\CMSIS\5.6.0\CMSIS\Core\Include
  D:\SW_Install\keil\NordicSemiconductor\nRF_DeviceFamilyPack\8.35.0\Device\Include

<h2>Collection of Component Files used:</h2>

   * Component: ARM::CMSIS:CORE:5.3.0

   * Component: NordicSemiconductor::Device:Startup:8.35.0
      Source file:   Device\Source\arm\arm_startup_nrf52820.s
      Source file:   Device\Source\system_nrf52820.c
      Include file:  Device\Include\system_nrf.h
      Include file:  Device\Include\system_nrf52820.h
Build Time Elapsed:  00:00:24
</pre>
</body>
</html>
