Component: ARM Compiler 5.06 update 6 (build 750) Tool: armlink [4d35ed]

==============================================================================

Section Cross References

    main.o(i.app_error_fault_handler) refers to main.o(i.on_error) for on_error
    main.o(i.app_error_handler) refers to main.o(i.on_error) for on_error
    main.o(i.app_error_handler_bare) refers to main.o(i.on_error) for on_error
    main.o(i.dfu_observer) refers to boards.o(i.bsp_board_init) for bsp_board_init
    main.o(i.dfu_observer) refers to boards.o(i.bsp_board_led_on) for bsp_board_led_on
    main.o(i.dfu_observer) refers to boards.o(i.bsp_board_led_off) for bsp_board_led_off
    main.o(i.main) refers to nrf_bootloader_info.o(i.nrf_bootloader_mbr_addrs_populate) for nrf_bootloader_mbr_addrs_populate
    main.o(i.main) refers to nrf_bootloader_app_start_final.o(i.nrf_bootloader_flash_protect) for nrf_bootloader_flash_protect
    main.o(i.main) refers to nrf_bootloader.o(i.nrf_bootloader_init) for nrf_bootloader_init
    main.o(i.main) refers to main.o(i.on_error) for on_error
    main.o(i.main) refers to main.o(i.dfu_observer) for dfu_observer
    boards.o(i.bsp_board_button_idx_to_pin) refers to boards.o(.constdata) for .constdata
    boards.o(i.bsp_board_button_state_get) refers to boards.o(.constdata) for .constdata
    boards.o(i.bsp_board_init) refers to boards.o(i.nrf_gpio_cfg) for nrf_gpio_cfg
    boards.o(i.bsp_board_init) refers to boards.o(i.bsp_board_leds_off) for bsp_board_leds_off
    boards.o(i.bsp_board_init) refers to boards.o(.constdata) for .constdata
    boards.o(i.bsp_board_led_idx_to_pin) refers to boards.o(.constdata) for .constdata
    boards.o(i.bsp_board_led_invert) refers to boards.o(.constdata) for .constdata
    boards.o(i.bsp_board_led_off) refers to boards.o(i.nrf_gpio_pin_write) for nrf_gpio_pin_write
    boards.o(i.bsp_board_led_off) refers to boards.o(.constdata) for .constdata
    boards.o(i.bsp_board_led_on) refers to boards.o(i.nrf_gpio_pin_write) for nrf_gpio_pin_write
    boards.o(i.bsp_board_led_on) refers to boards.o(.constdata) for .constdata
    boards.o(i.bsp_board_led_state_get) refers to boards.o(.constdata) for .constdata
    boards.o(i.bsp_board_leds_off) refers to boards.o(i.bsp_board_led_off) for bsp_board_led_off
    boards.o(i.bsp_board_leds_on) refers to boards.o(i.bsp_board_led_on) for bsp_board_led_on
    boards.o(i.bsp_board_pin_to_button_idx) refers to boards.o(.constdata) for .constdata
    boards.o(i.bsp_board_pin_to_led_idx) refers to boards.o(.constdata) for .constdata
    ble_srv_common.o(i.ble_srv_ascii_to_utf8) refers to strlen.o(.text) for strlen
    ble_srv_common.o(i.characteristic_add) refers to ble_srv_common.o(i.set_security_req) for set_security_req
    ble_srv_common.o(i.characteristic_add) refers to memseta.o(.text) for __aeabi_memclr4
    ble_srv_common.o(i.descriptor_add) refers to memseta.o(.text) for __aeabi_memclr4
    ble_srv_common.o(i.descriptor_add) refers to ble_srv_common.o(i.set_security_req) for set_security_req
    nrf_bootloader.o(i.boot_validate) refers to nrf_dfu_validation.o(i.nrf_dfu_validation_boot_validate) for nrf_dfu_validation_boot_validate
    nrf_bootloader.o(i.bootloader_reset) refers to nrf_dfu_settings.o(i.nrf_dfu_settings_backup) for nrf_dfu_settings_backup
    nrf_bootloader.o(i.bootloader_reset) refers to nrf_bootloader.o(i.do_reset) for do_reset
    nrf_bootloader.o(i.bootloader_reset) refers to nrf_bootloader.o(.data) for .data
    nrf_bootloader.o(i.dfu_enter_check) refers to nrf_bootloader.o(i.boot_validate) for boot_validate
    nrf_bootloader.o(i.dfu_enter_check) refers to nrf_dfu_utils.o(i.nrf_dfu_bank0_start_addr) for nrf_dfu_bank0_start_addr
    nrf_bootloader.o(i.dfu_enter_check) refers to nrf_bootloader.o(i.nrf_power_gpregret_get) for nrf_power_gpregret_get
    nrf_bootloader.o(i.dfu_enter_check) refers to nrf_dfu_settings.o(.bss) for s_dfu_settings
    nrf_bootloader.o(i.dfu_observer) refers to nrf_bootloader_dfu_timers.o(i.nrf_bootloader_dfu_inactivity_timer_restart) for nrf_bootloader_dfu_inactivity_timer_restart
    nrf_bootloader.o(i.dfu_observer) refers to nrf_bootloader.o(i.bootloader_reset) for bootloader_reset
    nrf_bootloader.o(i.dfu_observer) refers to nrf_dfu_settings.o(i.nrf_dfu_settings_reinit) for nrf_dfu_settings_reinit
    nrf_bootloader.o(i.dfu_observer) refers to nrf_bootloader.o(i.inactivity_timeout) for inactivity_timeout
    nrf_bootloader.o(i.dfu_observer) refers to nrf_bootloader.o(.data) for .data
    nrf_bootloader.o(i.flash_write_callback) refers to nrf_bootloader.o(.data) for .data
    nrf_bootloader.o(i.inactivity_timeout) refers to nrf_bootloader.o(i.bootloader_reset) for bootloader_reset
    nrf_bootloader.o(i.nrf_bootloader_init) refers to nrf_dfu_settings.o(i.nrf_dfu_settings_init) for nrf_dfu_settings_init
    nrf_bootloader.o(i.nrf_bootloader_init) refers to nrf_dfu_validation.o(i.nrf_dfu_validation_init) for nrf_dfu_validation_init
[...]
    m_firmware_start_addr                    0x20002b4c   Data           4  nrf_dfu_req_handler.o(.data)
    m_firmware_size_req                      0x20002b50   Data           4  nrf_dfu_req_handler.o(.data)
    m_observer                               0x20002b54   Data           4  nrf_dfu_req_handler.o(.data)
    .data                                    0x20002b58   Section        4  nrf_dfu_settings.o(.data)
    .data                                    0x20002b5c   Section       16  nrf_dfu_validation.o(.data)
    m_valid_init_cmd_present                 0x20002b5c   Data           1  nrf_dfu_validation.o(.data)
    m_crypto_initialized                     0x20002b5d   Data           1  nrf_dfu_validation.o(.data)
    m_init_packet_valid                      0x20002b5e   Data           1  nrf_dfu_validation.o(.data)
    m_init_packet_data_ptr                   0x20002b60   Data           4  nrf_dfu_validation.o(.data)
    m_init_packet_data_len                   0x20002b64   Data           4  nrf_dfu_validation.o(.data)
    mp_init                                  0x20002b68   Data           4  nrf_dfu_validation.o(.data)
    .data                                    0x20002b6c   Section       16  app_scheduler.o(.data)
    m_queue_start_index                      0x20002b6c   Data           1  app_scheduler.o(.data)
    m_queue_end_index                        0x20002b6d   Data           1  app_scheduler.o(.data)
    m_queue_event_size                       0x20002b6e   Data           2  app_scheduler.o(.data)
    m_queue_size                             0x20002b70   Data           2  app_scheduler.o(.data)
    m_queue_event_headers                    0x20002b74   Data           4  app_scheduler.o(.data)
    m_queue_event_data                       0x20002b78   Data           4  app_scheduler.o(.data)
    .data                                    0x20002b7c   Section        4  nrf_fstorage_nvmc.o(.data)
    m_flash_operation_ongoing                0x20002b7c   Data           4  nrf_fstorage_nvmc.o(.data)
    .data                                    0x20002b80   Section        8  nrf_fstorage_sd.o(.data)
    m_p_cur_op                               0x20002b80   Data           4  nrf_fstorage_sd.o(.data)
    m_iget_ctx                               0x20002b84   Data           4  nrf_fstorage_sd.o(.data)
    .data                                    0x20002b88   Section        3  nrf_sdh.o(.data)
    m_nrf_sdh_enabled                        0x20002b88   Data           1  nrf_sdh.o(.data)
    m_nrf_sdh_suspended                      0x20002b89   Data           1  nrf_sdh.o(.data)
    m_nrf_sdh_continue                       0x20002b8a   Data           1  nrf_sdh.o(.data)
    .data                                    0x20002b8b   Section        1  nrf_sdh_ble.o(.data)
    m_stack_is_enabled                       0x20002b8b   Data           1  nrf_sdh_ble.o(.data)
    .data                                    0x20002b8c   Section        4  system_nrf52820.o(.data)
    __tagsym$$used                           0x20002b8c   Number         0  system_nrf52820.o(.data)
    fs_data                                  0x20002b90   Section       20  nrf_dfu_flash.o(fs_data)
    __tagsym$$used                           0x20002b90   Number         0  nrf_dfu_flash.o(fs_data)
    .bss                                     0x20002ba4   Section     1056  nrf_bootloader.o(.bss)
    APP_SCHED_BUF                            0x20002ba4   Data        1056  nrf_bootloader.o(.bss)
    .bss                                     0x20002fc4   Section       80  nrf_dfu_ble.o(.bss)
    m_enc_advdata                            0x20002fc4   Data          31  nrf_dfu_ble.o(.bss)
    m_adv_name                               0x20002fe4   Data          28  nrf_dfu_ble.o(.bss)
    m_dfu                                    0x20003000   Data          20  nrf_dfu_ble.o(.bss)
    .bss                                     0x20003014   Section       17  nrf_dfu_ble.o(.bss)
    m_buffer_pool_nrf_balloc_pool_stack      0x20003014   Data          17  nrf_dfu_ble.o(.bss)
    .bss                                     0x20003028   Section     4148  nrf_dfu_ble.o(.bss)
    m_buffer_pool_nrf_balloc_pool_mem        0x20003028   Data        4148  nrf_dfu_ble.o(.bss)
    .bss                                     0x2000405c   Section     2688  nrf_dfu_settings.o(.bss)
    dfu_settings_buffer                      0x2000405c   Data         896  nrf_dfu_settings.o(.bss)
    dfu_settings_buffer                      0x200043dc   Data         896  nrf_dfu_settings.o(.bss)
    .bss                                     0x20004adc   Section     1012  nrf_dfu_validation.o(.bss)
    m_packet                                 0x20004adc   Data         796  nrf_dfu_validation.o(.bss)
    m_pb_stream                              0x20004df8   Data          16  nrf_dfu_validation.o(.bss)
    m_public_key                             0x20004e08   Data          72  nrf_dfu_validation.o(.bss)
    m_signature                              0x20004e50   Data          64  nrf_dfu_validation.o(.bss)
    m_sig_hash                               0x20004e90   Data          32  nrf_dfu_validation.o(.bss)
    m_fw_hash                                0x20004eb0   Data          32  nrf_dfu_validation.o(.bss)
    .bss                                     0x20004ed0   Section       12  app_util_platform.o(.bss)
    .bss                                     0x20004edc   Section       16  nrf_fstorage_sd.o(.bss)
    m_fifo_inst                              0x20004edc   Data          16  nrf_fstorage_sd.o(.bss)
    .bss                                     0x20004eec   Section      496  nrf_fstorage_sd.o(.bss)
    m_fifo_data                              0x20004eec   Data         476  nrf_fstorage_sd.o(.bss)
    m_flags                                  0x200050c8   Data          20  nrf_fstorage_sd.o(.bss)
    STACK                                    0x200050e0   Section     2048  arm_startup_nrf52820.o(STACK)

    Global Symbols

    Symbol Name                              Value     Ov Type        Size  Object(Section)

    BuildAttributes$$THM_ISAv4$E$P$D$K$B$S$7EM$PE$A:L22UL41UL21$X:L11$S22US41US21$IEEE1$IW$USESV6$~STKCKD$USESV7$~SHL$OSPACE$IEEEX$EBA8$MICROLIB$REQ8$EABIv2 0x00000000   Number         0  anon$$obj.o ABSOLUTE
    __ARM_use_no_argv                        0x00000000   Number         0  main.o ABSOLUTE
    __cpp_initialize__aeabi_                  - Undefined Weak Reference
    __cxa_finalize                            - Undefined Weak Reference
    __decompress                              - Undefined Weak Reference
    _clock_init                               - Undefined Weak Reference
    _microlib_exit                            - Undefined Weak Reference
    crypto_data$$Base                         - Undefined Reference
    crypto_data$$Limit                        - Undefined Reference
    sdh_ble_observers0$$Base                  - Undefined Reference
    sdh_ble_observers0$$Limit                 - Undefined Reference
    sdh_ble_observers1$$Base                  - Undefined Reference
    sdh_ble_observers1$$Limit                 - Undefined Reference
    sdh_ble_observers3$$Base                  - Undefined Reference
    sdh_ble_observers3$$Limit                 - Undefined Reference
    sdh_req_observers1$$Base                  - Undefined Reference
    sdh_req_observers1$$Limit                 - Undefined Reference
    sdh_soc_observers1$$Base                  - Undefined Reference
    sdh_soc_observers1$$Limit                 - Undefined Reference
    sdh_stack_observers1$$Base                - Undefined Reference
    sdh_stack_observers1$$Limit               - Undefined Reference
    sdh_state_observers1$$Base                - Undefined Reference
    sdh_state_observers1$$Limit               - Undefined Reference
    __Vectors_Size                           0x00000200   Number         0  arm_startup_nrf52820.o ABSOLUTE
    Load$$LR$$LR_IROM1$$Base                 0x00038000   Number         0  anon$$obj.o ABSOLUTE
    __Vectors                                0x00038000   Data           4  arm_startup_nrf52820.o(RESET)
    __Vectors_End                            0x00038200   Data           0  arm_startup_nrf52820.o(RESET)
    __main                                   0x00038201   Thumb Code     0  entry.o(.ARM.Collect$$$$00000000)
    _main_stk                                0x00038201   Thumb Code     0  entry2.o(.ARM.Collect$$$$00000001)
    _main_scatterload                        0x00038205   Thumb Code     0  entry5.o(.ARM.Collect$$$$00000004)
    __main_after_scatterload                 0x00038209   Thumb Code     0  entry5.o(.ARM.Collect$$$$00000004)
    _main_clock                              0x00038209   Thumb Code     0  entry7b.o(.ARM.Collect$$$$00000008)
    _main_cpp_init                           0x00038209   Thumb Code     0  entry8b.o(.ARM.Collect$$$$0000000A)
    _main_init                               0x00038209   Thumb Code     0  entry9a.o(.ARM.Collect$$$$0000000B)
    __rt_final_cpp                           0x00038211   Thumb Code     0  entry10a.o(.ARM.Collect$$$$0000000D)
    __rt_final_exit                          0x00038211   Thumb Code     0  entry11a.o(.ARM.Collect$$$$0000000F)
    __asm___12_nrf_atfifo_c_51f461e1__nrf_atfifo_wspace_req 0x00038215   Thumb Code    56  nrf_atfifo.o(.emb_text)
    __asm___12_nrf_atfifo_c_51f461e1__nrf_atfifo_wspace_close 0x0003824d   Thumb Code    18  nrf_atfifo.o(.emb_text)
    __asm___12_nrf_atfifo_c_51f461e1__nrf_atfifo_rspace_req 0x0003825f   Thumb Code    58  nrf_atfifo.o(.emb_text)
    __asm___12_nrf_atfifo_c_51f461e1__nrf_atfifo_rspace_close 0x00038299   Thumb Code    18  nrf_atfifo.o(.emb_text)
    __asm___12_nrf_atfifo_c_51f461e1__nrf_atfifo_space_clear 0x000382ab   Thumb Code    50  nrf_atfifo.o(.emb_text)
    __asm___12_nrf_atomic_c_85ca2469__nrf_atomic_internal_mov 0x000382dd   Thumb Code    24  nrf_atomic.o(.emb_text)
    __asm___12_nrf_atomic_c_85ca2469__nrf_atomic_internal_orr 0x000382f5   Thumb Code    26  nrf_atomic.o(.emb_text)
    __asm___12_nrf_atomic_c_85ca2469__nrf_atomic_internal_and 0x0003830f   Thumb Code    26  nrf_atomic.o(.emb_text)
    __asm___12_nrf_atomic_c_85ca2469__nrf_atomic_internal_eor 0x00038329   Thumb Code    26  nrf_atomic.o(.emb_text)
    __asm___12_nrf_atomic_c_85ca2469__nrf_atomic_internal_add 0x00038343   Thumb Code    26  nrf_atomic.o(.emb_text)
    __asm___12_nrf_atomic_c_85ca2469__nrf_atomic_internal_sub 0x0003835d   Thumb Code    26  nrf_atomic.o(.emb_text)
    __asm___12_nrf_atomic_c_85ca2469__nrf_atomic_internal_cmp_exch 0x00038377   Thumb Code    42  nrf_atomic.o(.emb_text)
    __asm___12_nrf_atomic_c_85ca2469__nrf_atomic_internal_sub_hs 0x000383a1   Thumb Code    30  nrf_atomic.o(.emb_text)
    SVC_Handler                              0x000383c1   Thumb Code    20  nrf_svc_handler.o(.emb_text)
    Reset_Handler                            0x000383d5   Thumb Code     8  arm_startup_nrf52820.o(.text)
    NMI_Handler                              0x000383dd   Thumb Code     2  arm_startup_nrf52820.o(.text)
    HardFault_Handler                        0x000383df   Thumb Code     2  arm_startup_nrf52820.o(.text)
    MemoryManagement_Handler                 0x000383e1   Thumb Code     2  arm_startup_nrf52820.o(.text)
    BusFault_Handler                         0x000383e3   Thumb Code     2  arm_startup_nrf52820.o(.text)
    UsageFault_Handler                       0x000383e5   Thumb Code     2  arm_startup_nrf52820.o(.text)
    DebugMon_Handler                         0x000383e9   Thumb Code     2  arm_startup_nrf52820.o(.text)
    PendSV_Handler                           0x000383eb   Thumb Code     2  arm_startup_nrf52820.o(.text)
    SysTick_Handler                          0x000383ed   Thumb Code     2  arm_startup_nrf52820.o(.text)
    CCM_AAR_IRQHandler                       0x000383ef   Thumb Code     0  arm_startup_nrf52820.o(.text)
    COMP_IRQHandler                          0x000383ef   Thumb Code     0  arm_startup_nrf52820.o(.text)
    ECB_IRQHandler                           0x000383ef   Thumb Code     0  arm_startup_nrf52820.o(.text)
    GPIOTE_IRQHandler                        0x000383ef   Thumb Code     0  arm_startup_nrf52820.o(.text)
    POWER_CLOCK_IRQHandler                   0x000383ef   Thumb Code     0  arm_startup_nrf52820.o(.text)
    QDEC_IRQHandler                          0x000383ef   Thumb Code     0  arm_startup_nrf52820.o(.text)
    RADIO_IRQHandler                         0x000383ef   Thumb Code     0  arm_startup_nrf52820.o(.text)
    RNG_IRQHandler                           0x000383ef   Thumb Code     0  arm_startup_nrf52820.o(.text)
    RTC0_IRQHandler                          0x000383ef   Thumb Code     0  arm_startup_nrf52820.o(.text)
    SPIM0_SPIS0_TWIM0_TWIS0_SPI0_TWI0_IRQHandler 0x000383ef   Thumb Code     0  arm_startup_nrf52820.o(.text)
    SPIM1_SPIS1_TWIM1_TWIS1_SPI1_TWI1_IRQHandler 0x000383ef   Thumb Code     0  arm_startup_nrf52820.o(.text)
    SWI0_EGU0_IRQHandler                     0x000383ef   Thumb Code     0  arm_startup_nrf52820.o(.text)
    SWI1_EGU1_IRQHandler                     0x000383ef   Thumb Code     0  arm_startup_nrf52820.o(.text)
    SWI3_EGU3_IRQHandler                     0x000383ef   Thumb Code     0  arm_startup_nrf52820.o(.text)
    SWI4_EGU4_IRQHandler                     0x000383ef   Thumb Code     0  arm_startup_nrf52820.o(.text)
    SWI5_EGU5_IRQHandler                     0x000383ef   Thumb Code     0  arm_startup_nrf52820.o(.text)
    TEMP_IRQHandler                          0x000383ef   Thumb Code     0  arm_startup_nrf52820.o(.text)
    TIMER0_IRQHandler                        0x000383ef   Thumb Code     0  arm_startup_nrf52820.o(.text)
    TIMER1_IRQHandler                        0x000383ef   Thumb Code     0  arm_startup_nrf52820.o(.text)
    TIMER2_IRQHandler                        0x000383ef   Thumb Code     0  arm_startup_nrf52820.o(.text)
    TIMER3_IRQHandler                        0x000383ef   Thumb Code     0  arm_startup_nrf52820.o(.text)
    UARTE0_UART0_IRQHandler                  0x000383ef   Thumb Code     0  arm_startup_nrf52820.o(.text)
    USBD_IRQHandler                          0x000383ef   Thumb Code     0  arm_startup_nrf52820.o(.text)
    __aeabi_llsl                             0x000383f9   Thumb Code    30  llshl.o(.text)
    _ll_shift_l                              0x000383f9   Thumb Code     0  llshl.o(.text)
    __aeabi_memcpy                           0x00038417   Thumb Code    36  memcpya.o(.text)
    __aeabi_memcpy4                          0x00038417   Thumb Code     0  memcpya.o(.text)
    __aeabi_memcpy8                          0x00038417   Thumb Code     0  memcpya.o(.text)
    __aeabi_memset                           0x0003843b   Thumb Code    14  memseta.o(.text)
    __aeabi_memset4                          0x0003843b   Thumb Code     0  memseta.o(.text)
    __aeabi_memset8                          0x0003843b   Thumb Code     0  memseta.o(.text)
    __aeabi_memclr                           0x00038449   Thumb Code     4  memseta.o(.text)
    __aeabi_memclr4                          0x00038449   Thumb Code     0  memseta.o(.text)
    __aeabi_memclr8                          0x00038449   Thumb Code     0  memseta.o(.text)
    memset                                   0x0003844d   Thumb Code    18  memseta.o(.text)
    memcmp                                   0x0003845f   Thumb Code    26  memcmp.o(.text)
    __scatterload                            0x00038479   Thumb Code    28  init.o(.text)
    __scatterload_rt2                        0x00038479   Thumb Code     0  init.o(.text)
    uECC_secp256r1                           0x0003878d   Thumb Code     8  uECC.c.o(.text.uECC_secp256r1)
    uECC_verify                              0x00038795   Thumb Code   724  uECC.c.o(.text.uECC_verify)
    uECC_vli_add                             0x00038a71   Thumb Code    88  uECC.c.o(.text.uECC_vli_add)
    uECC_vli_clear                           0x00038ac9   Thumb Code    24  uECC.c.o(.text.uECC_vli_clear)
    uECC_vli_equal                           0x00038b0b   Thumb Code    42  uECC.c.o(.text.uECC_vli_equal)
    uECC_vli_isZero                          0x00038b35   Thumb Code    30  uECC.c.o(.text.uECC_vli_isZero)
    uECC_vli_mmod                            0x00038b55   Thumb Code   316  uECC.c.o(.text.uECC_vli_mmod)
    uECC_vli_modAdd                          0x00038c91   Thumb Code    50  uECC.c.o(.text.uECC_vli_modAdd)
    uECC_vli_modInv                          0x00038cc3   Thumb Code   268  uECC.c.o(.text.uECC_vli_modInv)
    uECC_vli_modMult                         0x00038dcf   Thumb Code    36  uECC.c.o(.text.uECC_vli_modMult)
    uECC_vli_modMult_fast                    0x00038df3   Thumb Code    32  uECC.c.o(.text.uECC_vli_modMult_fast)
    uECC_vli_modSquare_fast                  0x00038e13   Thumb Code    32  uECC.c.o(.text.uECC_vli_modSquare_fast)
    uECC_vli_modSub                          0x00038e33   Thumb Code    36  uECC.c.o(.text.uECC_vli_modSub)
    uECC_vli_mult                            0x00038e57   Thumb Code   786  uECC.c.o(.text.uECC_vli_mult)
    uECC_vli_numBits                         0x00039169   Thumb Code    68  uECC.c.o(.text.uECC_vli_numBits)
    uECC_vli_rshift1                         0x000391ad   Thumb Code    26  uECC.c.o(.text.uECC_vli_rshift1)
    uECC_vli_set                             0x000391c7   Thumb Code    26  uECC.c.o(.text.uECC_vli_set)
    uECC_vli_square                          0x000391e1   Thumb Code   652  uECC.c.o(.text.uECC_vli_square)
    uECC_vli_sub                             0x00039471   Thumb Code    94  uECC.c.o(.text.uECC_vli_sub)
    uECC_vli_testBit                         0x000394d1   Thumb Code    18  uECC.c.o(.text.uECC_vli_testBit)
    RTC1_IRQHandler                          0x00039729   Thumb Code   106  nrf_bootloader_dfu_timers.o(i.RTC1_IRQHandler)
    SWI2_EGU2_IRQHandler                     0x0003979d   Thumb Code     4  nrf_sdh.o(i.SWI2_EGU2_IRQHandler)
    SystemInit                               0x000397a1   Thumb Code   322  system_nrf52820.o(i.SystemInit)
    WDT_IRQHandler                           0x0003990d   Thumb Code    14  nrf_bootloader_wdt.o(i.WDT_IRQHandler)
    __scatterload_copy                       0x00039921   Thumb Code    14  handlers.o(i.__scatterload_copy)
    __scatterload_null                       0x0003992f   Thumb Code     2  handlers.o(i.__scatterload_null)
    __scatterload_zeroinit                   0x00039931   Thumb Code    14  handlers.o(i.__scatterload_zeroinit)
    app_error_fault_handler                  0x00039a71   Thumb Code     4  main.o(i.app_error_fault_handler)
    app_error_handler_bare                   0x00039a75   Thumb Code     4  main.o(i.app_error_handler_bare)
    app_sched_event_put                      0x00039a79   Thumb Code   154  app_scheduler.o(i.app_sched_event_put)
    app_sched_execute                        0x00039b19   Thumb Code    58  app_scheduler.o(i.app_sched_execute)
    app_sched_init                           0x00039b59   Thumb Code    40  app_scheduler.o(i.app_sched_init)
    app_util_critical_region_enter           0x00039b85   Thumb Code    64  app_util_platform.o(i.app_util_critical_region_enter)
    app_util_critical_region_exit            0x00039bcd   Thumb Code    46  app_util_platform.o(i.app_util_critical_region_exit)
    ble_dfu_init                             0x00039c4d   Thumb Code   182  nrf_dfu_ble.o(i.ble_dfu_init)
    ble_dfu_transport_close                  0x00039dc9   Thumb Code    82  nrf_dfu_ble.o(i.ble_dfu_transport_close)
    ble_dfu_transport_init                   0x00039e29   Thumb Code   134  nrf_dfu_ble.o(i.ble_dfu_transport_init)
    ble_srv_is_notification_enabled          0x0003a099   Thumb Code     8  ble_srv_common.o(i.ble_srv_is_notification_enabled)
    bsp_board_init                           0x0003a179   Thumb Code    80  boards.o(i.bsp_board_init)
    bsp_board_led_off                        0x0003a1cd   Thumb Code    10  boards.o(i.bsp_board_led_off)
    bsp_board_led_on                         0x0003a1dd   Thumb Code    10  boards.o(i.bsp_board_led_on)
    bsp_board_leds_off                       0x0003a1ed   Thumb Code    18  boards.o(i.bsp_board_leds_off)
    crc32_compute                            0x0003a22d   Thumb Code    54  crc32.o(i.crc32_compute)
    dfu_fstorage_evt_handler                 0x0003a4dd   Thumb Code    12  nrf_dfu_flash.o(i.dfu_fstorage_evt_handler)
    ext_error_get                            0x0003a6e9   Thumb Code    10  nrf_dfu_handling_error.o(i.ext_error_get)
    ext_error_set                            0x0003a6f9   Thumb Code     8  nrf_dfu_handling_error.o(i.ext_error_set)
    fw_hash_ok                               0x0003a71d   Thumb Code     8  nrf_dfu_validation.o(i.fw_hash_ok)
    main                                     0x0003a919   Thumb Code    38  main.o(i.main)
    nrf_atfifo_clear                         0x0003a949   Thumb Code    16  nrf_atfifo.o(i.nrf_atfifo_clear)
    nrf_atfifo_init                          0x0003a959   Thumb Code    38  nrf_atfifo.o(i.nrf_atfifo_init)
    nrf_atfifo_item_alloc                    0x0003a97f   Thumb Code    22  nrf_atfifo.o(i.nrf_atfifo_item_alloc)
    nrf_atfifo_item_free                     0x0003a995   Thumb Code    22  nrf_atfifo.o(i.nrf_atfifo_item_free)
    nrf_atfifo_item_get                      0x0003a9ab   Thumb Code    22  nrf_atfifo.o(i.nrf_atfifo_item_get)
    nrf_atfifo_item_put                      0x0003a9c1   Thumb Code    22  nrf_atfifo.o(i.nrf_atfifo_item_put)
    nrf_atomic_flag_clear                    0x0003a9d7   Thumb Code     6  nrf_atomic.o(i.nrf_atomic_flag_clear)
    nrf_atomic_flag_set_fetch                0x0003a9dd   Thumb Code     6  nrf_atomic.o(i.nrf_atomic_flag_set_fetch)
    nrf_atomic_u32_and                       0x0003a9e3   Thumb Code    12  nrf_atomic.o(i.nrf_atomic_u32_and)
    nrf_atomic_u32_fetch_or                  0x0003a9ef   Thumb Code    10  nrf_atomic.o(i.nrf_atomic_u32_fetch_or)
    nrf_balloc_alloc                         0x0003a9f9   Thumb Code    68  nrf_balloc.o(i.nrf_balloc_alloc)
    nrf_balloc_free                          0x0003aa3d   Thumb Code    48  nrf_balloc.o(i.nrf_balloc_free)
    nrf_balloc_init                          0x0003aa6d   Thumb Code    48  nrf_balloc.o(i.nrf_balloc_init)
    nrf_bootloader_app_start                 0x0003aa9d   Thumb Code    36  nrf_bootloader_app_start.o(i.nrf_bootloader_app_start)
    nrf_bootloader_app_start_final           0x0003aac1   Thumb Code    88  nrf_bootloader_app_start_final.o(i.nrf_bootloader_app_start_final)
    nrf_bootloader_dfu_inactivity_timer_restart 0x0003ab21   Thumb Code    34  nrf_bootloader_dfu_timers.o(i.nrf_bootloader_dfu_inactivity_timer_restart)
    nrf_bootloader_flash_protect             0x0003ab49   Thumb Code    56  nrf_bootloader_app_start_final.o(i.nrf_bootloader_flash_protect)
    nrf_bootloader_fw_activate               0x0003ab89   Thumb Code   102  nrf_bootloader_fw_activation.o(i.nrf_bootloader_fw_activate)
    nrf_bootloader_init                      0x0003abfd   Thumb Code   266  nrf_bootloader.o(i.nrf_bootloader_init)
    nrf_bootloader_mbr_addrs_populate        0x0003ad29   Thumb Code    42  nrf_bootloader_info.o(i.nrf_bootloader_mbr_addrs_populate)
    nrf_bootloader_wdt_feed                  0x0003ad59   Thumb Code    20  nrf_bootloader_wdt.o(i.nrf_bootloader_wdt_feed)
    nrf_bootloader_wdt_feed_timer_start      0x0003ad6d   Thumb Code    16  nrf_bootloader_dfu_timers.o(i.nrf_bootloader_wdt_feed_timer_start)
    nrf_bootloader_wdt_init                  0x0003ad81   Thumb Code    60  nrf_bootloader_wdt.o(i.nrf_bootloader_wdt_init)
    nrf_crypto_backend_micro_ecc_curve_get   0x0003adc9   Thumb Code     6  micro_ecc_backend_ecc.o(i.nrf_crypto_backend_micro_ecc_curve_get)
    nrf_crypto_backend_micro_ecc_public_key_from_raw 0x0003adcf   Thumb Code    16  micro_ecc_backend_ecc.o(i.nrf_crypto_backend_micro_ecc_public_key_from_raw)
    nrf_crypto_backend_micro_ecc_verify      0x0003addf   Thumb Code    86  micro_ecc_backend_ecdsa.o(i.nrf_crypto_backend_micro_ecc_verify)
    nrf_crypto_ecc_public_key_from_raw       0x0003ae35   Thumb Code    48  nrf_crypto_ecc.o(i.nrf_crypto_ecc_public_key_from_raw)
    nrf_crypto_ecdsa_verify                  0x0003ae69   Thumb Code    72  nrf_crypto_ecdsa.o(i.nrf_crypto_ecdsa_verify)
    nrf_crypto_hash_calculate                0x0003aeb5   Thumb Code    54  nrf_crypto_hash.o(i.nrf_crypto_hash_calculate)
    nrf_crypto_hash_finalize                 0x0003aeeb   Thumb Code    54  nrf_crypto_hash.o(i.nrf_crypto_hash_finalize)
    nrf_crypto_hash_init                     0x0003af21   Thumb Code    38  nrf_crypto_hash.o(i.nrf_crypto_hash_init)
    nrf_crypto_hash_update                   0x0003af4d   Thumb Code    46  nrf_crypto_hash.o(i.nrf_crypto_hash_update)
    nrf_crypto_init                          0x0003af7d   Thumb Code    50  nrf_crypto_init.o(i.nrf_crypto_init)
    nrf_crypto_internal_double_swap_endian   0x0003afbd   Thumb Code    26  nrf_crypto_shared.o(i.nrf_crypto_internal_double_swap_endian)
    nrf_crypto_internal_double_swap_endian_in_place 0x0003afd7   Thumb Code    22  nrf_crypto_shared.o(i.nrf_crypto_internal_double_swap_endian_in_place)
    nrf_crypto_internal_ecc_key_input_check  0x0003afed   Thumb Code    24  nrf_crypto_ecc.o(i.nrf_crypto_internal_ecc_key_input_check)
    nrf_crypto_internal_ecc_key_output_prepare 0x0003b005   Thumb Code    26  nrf_crypto_ecc.o(i.nrf_crypto_internal_ecc_key_output_prepare)
    nrf_crypto_internal_ecc_raw_input_check  0x0003b01f   Thumb Code    22  nrf_crypto_ecc.o(i.nrf_crypto_internal_ecc_raw_input_check)
    nrf_crypto_internal_swap_endian          0x0003b035   Thumb Code    22  nrf_crypto_shared.o(i.nrf_crypto_internal_swap_endian)
    nrf_crypto_internal_swap_endian_in_place 0x0003b04b   Thumb Code    24  nrf_crypto_shared.o(i.nrf_crypto_internal_swap_endian_in_place)
    nrf_dfu_bank0_start_addr                 0x0003b065   Thumb Code    34  nrf_dfu_utils.o(i.nrf_dfu_bank0_start_addr)
    nrf_dfu_bank1_start_addr                 0x0003b08d   Thumb Code    28  nrf_dfu_utils.o(i.nrf_dfu_bank1_start_addr)
    nrf_dfu_bank_invalidate                  0x0003b0ad   Thumb Code    14  nrf_dfu_utils.o(i.nrf_dfu_bank_invalidate)
    nrf_dfu_cache_prepare                    0x0003b0c1   Thumb Code   140  nrf_dfu_utils.o(i.nrf_dfu_cache_prepare)
    nrf_dfu_flash_erase                      0x0003b261   Thumb Code    12  nrf_dfu_flash.o(i.nrf_dfu_flash_erase)
    nrf_dfu_flash_init                       0x0003b271   Thumb Code    16  nrf_dfu_flash.o(i.nrf_dfu_flash_init)
    nrf_dfu_flash_store                      0x0003b28d   Thumb Code    18  nrf_dfu_flash.o(i.nrf_dfu_flash_store)
    nrf_dfu_init                             0x0003b2a5   Thumb Code    34  nrf_dfu.o(i.nrf_dfu_init)
    nrf_dfu_init_user                        0x0003b2d1   Thumb Code     4  nrf_bootloader.o(i.nrf_dfu_init_user)
    nrf_dfu_mbr_copy_bl                      0x0003b2d5   Thumb Code    22  nrf_dfu_mbr.o(i.nrf_dfu_mbr_copy_bl)
    nrf_dfu_mbr_init_sd                      0x0003b2ed   Thumb Code    18  nrf_dfu_mbr.o(i.nrf_dfu_mbr_init_sd)
    nrf_dfu_mbr_irq_forward_address_set      0x0003b305   Thumb Code    12  nrf_dfu_mbr.o(i.nrf_dfu_mbr_irq_forward_address_set)
    nrf_dfu_req_handler_init                 0x0003b311   Thumb Code    62  nrf_dfu_req_handler.o(i.nrf_dfu_req_handler_init)
    nrf_dfu_req_handler_on_req               0x0003b355   Thumb Code    16  nrf_dfu_req_handler.o(i.nrf_dfu_req_handler_on_req)
    nrf_dfu_settings_additional_erase        0x0003b479   Thumb Code    46  nrf_dfu_settings_svci.o(i.nrf_dfu_settings_additional_erase)
    nrf_dfu_settings_adv_name_copy           0x0003b4ad   Thumb Code    20  nrf_dfu_settings_svci.o(i.nrf_dfu_settings_adv_name_copy)
    nrf_dfu_settings_adv_name_is_valid       0x0003b4c5   Thumb Code    28  nrf_dfu_settings_svci.o(i.nrf_dfu_settings_adv_name_is_valid)
    nrf_dfu_settings_adv_name_write          0x0003b4e5   Thumb Code    50  nrf_dfu_settings_svci.o(i.nrf_dfu_settings_adv_name_write)
    nrf_dfu_settings_backup                  0x0003b51d   Thumb Code     6  nrf_dfu_settings.o(i.nrf_dfu_settings_backup)
    nrf_dfu_settings_init                    0x0003b529   Thumb Code    26  nrf_dfu_settings.o(i.nrf_dfu_settings_init)
    nrf_dfu_settings_progress_reset          0x0003b545   Thumb Code    34  nrf_dfu_settings.o(i.nrf_dfu_settings_progress_reset)
    nrf_dfu_settings_reinit                  0x0003b56d   Thumb Code   206  nrf_dfu_settings.o(i.nrf_dfu_settings_reinit)
    nrf_dfu_settings_write                   0x0003b651   Thumb Code    42  nrf_dfu_settings.o(i.nrf_dfu_settings_write)
    nrf_dfu_settings_write_and_backup        0x0003b685   Thumb Code    26  nrf_dfu_settings.o(i.nrf_dfu_settings_write_and_backup)
    nrf_dfu_softdevice_start_address         0x0003b6a5   Thumb Code     6  nrf_dfu_utils.o(i.nrf_dfu_softdevice_start_address)
    nrf_dfu_transports_close                 0x0003b6ad   Thumb Code    44  nrf_dfu_transport.o(i.nrf_dfu_transports_close)
    nrf_dfu_transports_init                  0x0003b6e1   Thumb Code    42  nrf_dfu_transport.o(i.nrf_dfu_transports_init)
    nrf_dfu_validation_activation_prepare    0x0003b715   Thumb Code     6  nrf_dfu_validation.o(i.nrf_dfu_validation_activation_prepare)
    nrf_dfu_validation_boot_validate         0x0003b71b   Thumb Code    82  nrf_dfu_validation.o(i.nrf_dfu_validation_boot_validate)
    nrf_dfu_validation_init                  0x0003b7d1   Thumb Code    26  nrf_dfu_validation.o(i.nrf_dfu_validation_init)
    nrf_dfu_validation_init_cmd_append       0x0003b7f5   Thumb Code    66  nrf_dfu_validation.o(i.nrf_dfu_validation_init_cmd_append)
    nrf_dfu_validation_init_cmd_create       0x0003b83d   Thumb Code    42  nrf_dfu_validation.o(i.nrf_dfu_validation_init_cmd_create)
    nrf_dfu_validation_init_cmd_execute      0x0003b871   Thumb Code   138  nrf_dfu_validation.o(i.nrf_dfu_validation_init_cmd_execute)
    nrf_dfu_validation_init_cmd_present      0x0003b905   Thumb Code     6  nrf_dfu_validation.o(i.nrf_dfu_validation_init_cmd_present)
    nrf_dfu_validation_prevalidate           0x0003b911   Thumb Code    62  nrf_dfu_validation.o(i.nrf_dfu_validation_prevalidate)
    nrf_dfu_ver_validation_check             0x0003b9ed   Thumb Code   122  nrf_dfu_ver_validation.o(i.nrf_dfu_ver_validation_check)
    nrf_fstorage_erase                       0x0003ba6d   Thumb Code    44  nrf_fstorage.o(i.nrf_fstorage_erase)
    nrf_fstorage_init                        0x0003ba99   Thumb Code     8  nrf_fstorage.o(i.nrf_fstorage_init)
    nrf_fstorage_is_busy                     0x0003baa1   Thumb Code    70  nrf_fstorage.o(i.nrf_fstorage_is_busy)
    nrf_fstorage_sdh_req_handler             0x0003baf1   Thumb Code    18  nrf_fstorage_sd.o(i.nrf_fstorage_sdh_req_handler)
    nrf_fstorage_sdh_state_handler           0x0003bb09   Thumb Code    28  nrf_fstorage_sd.o(i.nrf_fstorage_sdh_state_handler)
    nrf_fstorage_sys_evt_handler             0x0003bb29   Thumb Code   150  nrf_fstorage_sd.o(i.nrf_fstorage_sys_evt_handler)
    nrf_fstorage_write                       0x0003bbc9   Thumb Code    62  nrf_fstorage.o(i.nrf_fstorage_write)
    nrf_nvmc_page_erase                      0x0003bc41   Thumb Code    40  nrf_nvmc.o(i.nrf_nvmc_page_erase)
    nrf_nvmc_write_word                      0x0003bc71   Thumb Code    38  nrf_nvmc.o(i.nrf_nvmc_write_word)
    nrf_nvmc_write_words                     0x0003bca1   Thumb Code    58  nrf_nvmc.o(i.nrf_nvmc_write_words)
    nrf_sdh_ble_app_ram_start_get            0x0003bcfd   Thumb Code    16  nrf_sdh_ble.o(i.nrf_sdh_ble_app_ram_start_get)
    nrf_sdh_ble_default_cfg_set              0x0003bd11   Thumb Code   156  nrf_sdh_ble.o(i.nrf_sdh_ble_default_cfg_set)
    nrf_sdh_ble_enable                       0x0003bdad   Thumb Code    14  nrf_sdh_ble.o(i.nrf_sdh_ble_enable)
    nrf_sdh_disable_request                  0x0003be21   Thumb Code    80  nrf_sdh.o(i.nrf_sdh_disable_request)
    nrf_sdh_enable_request                   0x0003be75   Thumb Code   102  nrf_sdh.o(i.nrf_sdh_enable_request)
    nrf_sdh_evts_poll                        0x0003bee9   Thumb Code    32  nrf_sdh.o(i.nrf_sdh_evts_poll)
    nrf_sdh_is_enabled                       0x0003bf0d   Thumb Code     6  nrf_sdh.o(i.nrf_sdh_is_enabled)
    nrf_sdh_request_continue                 0x0003bf19   Thumb Code    22  nrf_sdh.o(i.nrf_sdh_request_continue)
    nrf_section_iter_init                    0x0003bf71   Thumb Code    10  nrf_section_iter.o(i.nrf_section_iter_init)
    nrf_section_iter_next                    0x0003bf9f   Thumb Code    32  nrf_section_iter.o(i.nrf_section_iter_next)
    nrf_svc_handler_c                        0x0003bfc1   Thumb Code    84  nrf_svc_handler.o(i.nrf_svc_handler_c)
    pb_decode                                0x0003c4d3   Thumb Code    30  pb_decode.o(i.pb_decode)
    pb_decode_fixed32                        0x0003c4f1   Thumb Code    32  pb_decode.o(i.pb_decode_fixed32)
    pb_decode_fixed64                        0x0003c511   Thumb Code    92  pb_decode.o(i.pb_decode_fixed64)
    pb_decode_noinit                         0x0003c56d   Thumb Code   390  pb_decode.o(i.pb_decode_noinit)
    pb_decode_svarint                        0x0003c6f3   Thumb Code    58  pb_decode.o(i.pb_decode_svarint)
    pb_decode_tag                            0x0003c72d   Thumb Code    66  pb_decode.o(i.pb_decode_tag)
    pb_decode_varint                         0x0003c76f   Thumb Code    74  pb_decode.o(i.pb_decode_varint)
    pb_field_iter_begin                      0x0003c841   Thumb Code    34  pb_common.o(i.pb_field_iter_begin)
    pb_field_iter_find                       0x0003c863   Thumb Code    46  pb_common.o(i.pb_field_iter_find)
    pb_field_iter_next                       0x0003c891   Thumb Code   126  pb_common.o(i.pb_field_iter_next)
    pb_istream_from_buffer                   0x0003c9b5   Thumb Code    14  pb_decode.o(i.pb_istream_from_buffer)
    pb_make_string_substream                 0x0003c9c9   Thumb Code    54  pb_decode.o(i.pb_make_string_substream)
    pb_read                                  0x0003ca25   Thumb Code    84  pb_decode.o(i.pb_read)
    pb_skip_field                            0x0003ca9d   Thumb Code    90  pb_decode.o(i.pb_skip_field)
    postvalidate                             0x0003caf9   Thumb Code   184  nrf_dfu_validation.o(i.postvalidate)
    settings_backup                          0x0003cfe5   Thumb Code    12  nrf_dfu_settings.o(i.settings_backup)
    sha256_final                             0x0003d053   Thumb Code   272  sha256.o(i.sha256_final)
    sha256_init                              0x0003d165   Thumb Code    50  sha256.o(i.sha256_init)
    sha256_transform                         0x0003d1b9   Thumb Code   294  sha256.o(i.sha256_transform)
    sha256_update                            0x0003d2e5   Thumb Code    84  sha256.o(i.sha256_update)
    pk                                       0x0003d738   Data          64  dfu_public_key.o(.constdata)
    g_nrf_crypto_hash_sha256_info            0x0003d788   Data          24  nrf_sw_backend_hash.o(.constdata)
    g_nrf_crypto_ecc_secp256r1_curve_info    0x0003d7a0   Data          12  micro_ecc_backend_ecc.o(.constdata)
    dfu_init_command_is_debug_default        0x0003d7ac   Data           1  dfu-cc.pb.o(.constdata)
    dfu_hash_fields                          0x0003d7b0   Data          48  dfu-cc.pb.o(.constdata)
    dfu_boot_validation_fields               0x0003d7e0   Data          48  dfu-cc.pb.o(.constdata)
    dfu_init_command_fields                  0x0003d810   Data         176  dfu-cc.pb.o(.constdata)
    dfu_command_fields                       0x0003d8c0   Data          48  dfu-cc.pb.o(.constdata)
    dfu_signed_command_fields                0x0003d8f0   Data          64  dfu-cc.pb.o(.constdata)
    dfu_packet_fields                        0x0003d930   Data          48  dfu-cc.pb.o(.constdata)
    nrf_fstorage_nvmc                        0x0003dac4   Data          32  nrf_fstorage_nvmc.o(.constdata)
    nrf_fstorage_sd                          0x0003daf4   Data          32  nrf_fstorage_sd.o(.constdata)
    m_ram_start                              0x0003dc8c   Data           4  nrf_sdh_ble.o(.constdata)
    Region$$Table$$Base                      0x0003dd8c   Number         0  anon$$obj.o(Region$$Table)
    Region$$Table$$Limit                     0x0003ddac   Number         0  anon$$obj.o(Region$$Table)
    ble_dfu_transport                        0x0003ddac   Data           8  nrf_dfu_ble.o(dfu_trans)
    dfu_trans$$Base                          0x0003ddac   Number         0  nrf_dfu_ble.o(dfu_trans)
    dfu_trans$$Limit                         0x0003ddb4   Number         0  nrf_dfu_ble.o(dfu_trans)
    m_buffer_pool                            0x0003ddb4   Data          20  nrf_dfu_ble.o(nrf_balloc)
    sdh_ble_observers2$$Base                 0x0003ddc8   Number         0  nrf_dfu_ble.o(sdh_ble_observers2)
    m_req_obs                                0x0003ddd0   Data           8  nrf_fstorage_sd.o(sdh_req_observers0)
    sdh_ble_observers2$$Limit                0x0003ddd0   Number         0  nrf_dfu_ble.o(sdh_ble_observers2)
    sdh_req_observers0$$Base                 0x0003ddd0   Number         0  nrf_fstorage_sd.o(sdh_req_observers0)
    sdh_req_observers0$$Limit                0x0003ddd8   Number         0  nrf_fstorage_sd.o(sdh_req_observers0)
    sdh_soc_observers0$$Base                 0x0003ddd8   Number         0  nrf_fstorage_sd.o(sdh_soc_observers0)
    sdh_soc_observers0$$Limit                0x0003dde0   Number         0  nrf_fstorage_sd.o(sdh_soc_observers0)
    sdh_stack_observers0$$Base               0x0003dde0   Number         0  nrf_sdh_ble.o(sdh_stack_observers0)
    sdh_stack_observers0$$Limit              0x0003ddf0   Number         0  nrf_sdh_soc.o(sdh_stack_observers0)
    sdh_state_observers0$$Base               0x0003ddf0   Number         0  nrf_fstorage_sd.o(sdh_state_observers0)
    nrf_dfu_set_adv_name_var                 0x0003ddf8   Data          12  nrf_dfu_svci_handler.o(svc_data)
    sdh_state_observers0$$Limit              0x0003ddf8   Number         0  nrf_fstorage_sd.o(sdh_state_observers0)
    svc_data$$Base                           0x0003ddf8   Number         0  nrf_dfu_svci_handler.o(svc_data)
    svc_data$$Limit                          0x0003de04   Number         0  nrf_dfu_svci_handler.o(svc_data)
    m_mbr_params_page                        0x0003e000   Data        4096  nrf_dfu_settings.o(.ARM.__AT_0x0003E000)
    m_dfu_settings_buffer                    0x0003f000   Data        4096  nrf_dfu_settings.o(.ARM.__AT_0x0003F000)
    m_uicr_bootloader_start_address          0x10001014   Data           4  nrf_bootloader_info.o(.ARM.__AT_0x10001014)
    m_uicr_mbr_params_page_address           0x10001018   Data           4  nrf_dfu_settings.o(.ARM.__AT_0x10001018)
    Image$$RW_IRAM1$$Base                    0x20002ae8   Number         0  anon$$obj.o ABSOLUTE
    mp_inactivity                            0x20002af8   Data           4  nrf_bootloader_dfu_timers.o(.data)
    mp_wdt_feed                              0x20002afc   Data           4  nrf_bootloader_dfu_timers.o(.data)
    m_counter_loops                          0x20002b00   Data           4  nrf_bootloader_dfu_timers.o(.data)
    m_timers                                 0x20002b04   Data          32  nrf_bootloader_dfu_timers.o(.data)
    mp_dfu_settings_backup_buffer            0x20002b58   Data           4  nrf_dfu_settings.o(.data)
    SystemCoreClock                          0x20002b8c   Data           4  system_nrf52820.o(.data)
    fs_data$$Base                            0x20002b90   Number         0  nrf_dfu_flash.o(fs_data)
    m_fs                                     0x20002b90   Data          20  nrf_dfu_flash.o(fs_data)
    fs_data$$Limit                           0x20002ba4   Number         0  nrf_dfu_flash.o(fs_data)
    s_dfu_settings                           0x2000475c   Data         896  nrf_dfu_settings.o(.bss)
    nrf_nvic_state                           0x20004ed0   Data          12  app_util_platform.o(.bss)
    __initial_sp                             0x200058e0   Data           0  arm_startup_nrf52820.o(STACK)



==============================================================================

Memory Map of the image

  Image Entry point : 0x00038201

  Load Region LR_IROM1 (Base: 0x00038000, Size: 0x00005ec0, Max: 0x00006000, ABSOLUTE)

    Execution Region ER_IROM1 (Exec base: 0x00038000, Load base: 0x00038000, Size: 0x00005e04, Max: 0x00006000, ABSOLUTE)

    Exec Addr    Load Addr    Size         Type   Attr      Idx    E Section Name        Object

    0x00038000   0x00038000   0x00000200   Data   RO         4491    RESET               arm_startup_nrf52820.o
    0x00038200   0x00038200   0x00000000   Code   RO         4630  * .ARM.Collect$$$$00000000  mc_w.l(entry.o)
    0x00038200   0x00038200   0x00000004   Code   RO         4647    .ARM.Collect$$$$00000001  mc_w.l(entry2.o)
    0x00038204   0x00038204   0x00000004   Code   RO         4650    .ARM.Collect$$$$00000004  mc_w.l(entry5.o)
    0x00038208   0x00038208   0x00000000   Code   RO         4652    .ARM.Collect$$$$00000008  mc_w.l(entry7b.o)
    0x00038208   0x00038208   0x00000000   Code   RO         4654    .ARM.Collect$$$$0000000A  mc_w.l(entry8b.o)
    0x00038208   0x00038208   0x00000008   Code   RO         4655    .ARM.Collect$$$$0000000B  mc_w.l(entry9a.o)
    0x00038210   0x00038210   0x00000000   Code   RO         4657    .ARM.Collect$$$$0000000D  mc_w.l(entry10a.o)
    0x00038210   0x00038210   0x00000000   Code   RO         4659    .ARM.Collect$$$$0000000F  mc_w.l(entry11a.o)
    0x00038210   0x00038210   0x00000004   Code   RO         4648    .ARM.Collect$$$$00002712  mc_w.l(entry2.o)
    0x00038214   0x00038214   0x000000c8   Code   RO         3243    .emb_text           nrf_atfifo.o
    0x000382dc   0x000382dc   0x000000e2   Code   RO         3316    .emb_text           nrf_atomic.o
    0x000383be   0x000383be   0x00000002   PAD
    0x000383c0   0x000383c0   0x00000014   Code   RO         4050    .emb_text           nrf_svc_handler.o
    0x000383d4   0x000383d4   0x00000024   Code   RO         4492    .text               arm_startup_nrf52820.o
    0x000383f8   0x000383f8   0x0000001e   Code   RO         4633    .text               mc_w.l(llshl.o)
    0x00038416   0x00038416   0x00000024   Code   RO         4635    .text               mc_w.l(memcpya.o)
    0x0003843a   0x0003843a   0x00000024   Code   RO         4639    .text               mc_w.l(memseta.o)
    0x0003845e   0x0003845e   0x0000001a   Code   RO         4643    .text               mc_w.l(memcmp.o)
    0x00038478   0x00038478   0x00000024   Code   RO         4661    .text               mc_w.l(init.o)
    0x0003849c   0x0003849c   0x000000ca   Code   RO         4582    .text.XYcZ_add      micro_ecc_lib_nrf52.lib(uECC.c.o)
    0x00038566   0x00038566   0x0000003e   Code   RO         4583    .text.apply_z       micro_ecc_lib_nrf52.lib(uECC.c.o)
    0x000385a4   0x000385a4   0x0000000c   Code   RO         4538    .text.bcopy         micro_ecc_lib_nrf52.lib(uECC.c.o)
    0x000385b0   0x000385b0   0x00000088   Code   RO         4555    .text.bits2int      micro_ecc_lib_nrf52.lib(uECC.c.o)
    0x00038638   0x00038638   0x00000154   Code   RO         4578    .text.double_jacobian_default  micro_ecc_lib_nrf52.lib(uECC.c.o)
    0x0003878c   0x0003878c   0x00000008   Code   RO         4590    .text.uECC_secp256r1  micro_ecc_lib_nrf52.lib(uECC.c.o)
    0x00038794   0x00038794   0x000002d4   Code   RO         4603    .text.uECC_verify   micro_ecc_lib_nrf52.lib(uECC.c.o)
    0x00038a68   0x00038a68   0x00000008   PAD
    0x00038a70   0x00038a70   0x00000058   Code   RO         4544    .text.uECC_vli_add  micro_ecc_lib_nrf52.lib(uECC.c.o)
    0x00038ac8   0x00038ac8   0x00000018   Code   RO         4553    .text.uECC_vli_clear  micro_ecc_lib_nrf52.lib(uECC.c.o)
    0x00038ae0   0x00038ae0   0x0000002a   Code   RO         4539    .text.uECC_vli_cmp_unsafe  micro_ecc_lib_nrf52.lib(uECC.c.o)
    0x00038b0a   0x00038b0a   0x0000002a   Code   RO         4564    .text.uECC_vli_equal  micro_ecc_lib_nrf52.lib(uECC.c.o)
    0x00038b34   0x00038b34   0x0000001e   Code   RO         4556    .text.uECC_vli_isZero  micro_ecc_lib_nrf52.lib(uECC.c.o)
    0x00038b52   0x00038b52   0x00000002   PAD
    0x00038b54   0x00038b54   0x0000013c   Code   RO         4572    .text.uECC_vli_mmod  micro_ecc_lib_nrf52.lib(uECC.c.o)
    0x00038c90   0x00038c90   0x00000032   Code   RO         4570    .text.uECC_vli_modAdd  micro_ecc_lib_nrf52.lib(uECC.c.o)
    0x00038cc2   0x00038cc2   0x0000010c   Code   RO         4584    .text.uECC_vli_modInv  micro_ecc_lib_nrf52.lib(uECC.c.o)
    0x00038dce   0x00038dce   0x00000024   Code   RO         4573    .text.uECC_vli_modMult  micro_ecc_lib_nrf52.lib(uECC.c.o)
    0x00038df2   0x00038df2   0x00000020   Code   RO         4574    .text.uECC_vli_modMult_fast  micro_ecc_lib_nrf52.lib(uECC.c.o)
    0x00038e12   0x00038e12   0x00000020   Code   RO         4576    .text.uECC_vli_modSquare_fast  micro_ecc_lib_nrf52.lib(uECC.c.o)
    0x00038e32   0x00038e32   0x00000024   Code   RO         4571    .text.uECC_vli_modSub  micro_ecc_lib_nrf52.lib(uECC.c.o)
    0x00038e56   0x00038e56   0x00000312   Code   RO         4547    .text.uECC_vli_mult  micro_ecc_lib_nrf52.lib(uECC.c.o)
    0x00039168   0x00039168   0x00000044   Code   RO         4559    .text.uECC_vli_numBits  micro_ecc_lib_nrf52.lib(uECC.c.o)
    0x000391ac   0x000391ac   0x0000001a   Code   RO         4566    .text.uECC_vli_rshift1  micro_ecc_lib_nrf52.lib(uECC.c.o)
    0x000391c6   0x000391c6   0x0000001a   Code   RO         4560    .text.uECC_vli_set  micro_ecc_lib_nrf52.lib(uECC.c.o)
    0x000391e0   0x000391e0   0x0000028c   Code   RO         4548    .text.uECC_vli_square  micro_ecc_lib_nrf52.lib(uECC.c.o)
    0x0003946c   0x0003946c   0x00000004   PAD
    0x00039470   0x00039470   0x00000060   Code   RO         4546    .text.uECC_vli_sub  micro_ecc_lib_nrf52.lib(uECC.c.o)
    0x000394d0   0x000394d0   0x00000012   Code   RO         4557    .text.uECC_vli_testBit  micro_ecc_lib_nrf52.lib(uECC.c.o)
    0x000394e2   0x000394e2   0x00000002   PAD
    0x000394e4   0x000394e4   0x000001b0   Code   RO         4563    .text.vli_mmod_fast_secp256r1  micro_ecc_lib_nrf52.lib(uECC.c.o)
    0x00039694   0x00039694   0x0000003a   Code   RO         4567    .text.vli_modInv_update  micro_ecc_lib_nrf52.lib(uECC.c.o)
    0x000396ce   0x000396ce   0x0000005a   Code   RO         4577    .text.x_side_default  micro_ecc_lib_nrf52.lib(uECC.c.o)
    0x00039728   0x00039728   0x00000074   Code   RO          700    i.RTC1_IRQHandler   nrf_bootloader_dfu_timers.o
    0x0003979c   0x0003979c   0x00000004   Code   RO         4079    i.SWI2_EGU2_IRQHandler  nrf_sdh.o
    0x000397a0   0x000397a0   0x0000016c   Code   RO         4500    i.SystemInit        system_nrf52820.o
    0x0003990c   0x0003990c   0x00000014   Code   RO          879    i.WDT_IRQHandler    nrf_bootloader_wdt.o
    0x00039920   0x00039920   0x0000000e   Code   RO         4665    i.__scatterload_copy  mc_w.l(handlers.o)
    0x0003992e   0x0003992e   0x00000002   Code   RO         4666    i.__scatterload_null  mc_w.l(handlers.o)
    0x00039930   0x00039930   0x0000000e   Code   RO         4667    i.__scatterload_zeroinit  mc_w.l(handlers.o)
    0x0003993e   0x0003993e   0x00000002   PAD
    0x00039940   0x00039940   0x00000024   Code   RO         4080    i.__sd_nvic_app_accessible_irq  nrf_sdh.o
    0x00039964   0x00039964   0x0000000c   Code   RO         3492    i.addr_is_aligned32  nrf_fstorage.o
    0x00039970   0x00039970   0x00000018   Code   RO         3493    i.addr_is_within_bounds  nrf_fstorage.o
    0x00039988   0x00039988   0x0000006c   Code   RO         1723    i.advertising_init  nrf_dfu_ble.o
    0x000399f4   0x000399f4   0x00000034   Code   RO         1724    i.advertising_start  nrf_dfu_ble.o
    0x00039a28   0x00039a28   0x00000048   Code   RO          784    i.app_activate      nrf_bootloader_fw_activation.o
    0x00039a70   0x00039a70   0x00000004   Code   RO           21    i.app_error_fault_handler  main.o
    0x00039a74   0x00039a74   0x00000004   Code   RO           23    i.app_error_handler_bare  main.o
    0x00039a78   0x00039a78   0x000000a0   Code   RO         2982    i.app_sched_event_put  app_scheduler.o
    0x00039b18   0x00039b18   0x00000040   Code   RO         2983    i.app_sched_execute  app_scheduler.o
    0x00039b58   0x00039b58   0x0000002c   Code   RO         2984    i.app_sched_init    app_scheduler.o
    0x00039b84   0x00039b84   0x00000048   Code   RO         3037    i.app_util_critical_region_enter  app_util_platform.o
    0x00039bcc   0x00039bcc   0x00000034   Code   RO         3038    i.app_util_critical_region_exit  app_util_platform.o
    0x00039c00   0x00039c00   0x0000004c   Code   RO          785    i.bl_activate       nrf_bootloader_fw_activation.o
    0x00039c4c   0x00039c4c   0x000000c4   Code   RO         1725    i.ble_dfu_init      nrf_dfu_ble.o
    0x00039d10   0x00039d10   0x000000b8   Code   RO         1726    i.ble_dfu_req_handler_callback  nrf_dfu_ble.o
    0x00039dc8   0x00039dc8   0x00000060   Code   RO         1727    i.ble_dfu_transport_close  nrf_dfu_ble.o
    0x00039e28   0x00039e28   0x00000098   Code   RO         1729    i.ble_dfu_transport_init  nrf_dfu_ble.o
    0x00039ec0   0x00039ec0   0x000001d8   Code   RO         1730    i.ble_evt_handler   nrf_dfu_ble.o
    0x0003a098   0x0003a098   0x00000008   Code   RO          434    i.ble_srv_is_notification_enabled  ble_srv_common.o
    0x0003a0a0   0x0003a0a0   0x00000010   Code   RO          515    i.boot_validate     nrf_bootloader.o
    0x0003a0b0   0x0003a0b0   0x0000000c   Code   RO         2310    i.boot_validation_crc  nrf_dfu_settings.o
    0x0003a0bc   0x0003a0bc   0x00000098   Code   RO         2556    i.boot_validation_extract  nrf_dfu_validation.o
    0x0003a154   0x0003a154   0x00000024   Code   RO          516    i.bootloader_reset  nrf_bootloader.o
    0x0003a178   0x0003a178   0x00000054   Code   RO          327    i.bsp_board_init    boards.o
    0x0003a1cc   0x0003a1cc   0x00000010   Code   RO          330    i.bsp_board_led_off  boards.o
    0x0003a1dc   0x0003a1dc   0x00000010   Code   RO          331    i.bsp_board_led_on  boards.o
    0x0003a1ec   0x0003a1ec   0x00000012   Code   RO          333    i.bsp_board_leds_off  boards.o
    0x0003a1fe   0x0003a1fe   0x0000001c   Code   RO         4307    i.buf_read          pb_decode.o
    0x0003a21a   0x0003a21a   0x00000002   PAD
    0x0003a21c   0x0003a21c   0x00000010   Code   RO         2033    i.cmd_response_offset_and_crc_set  nrf_dfu_req_handler.o
    0x0003a22c   0x0003a22c   0x0000003c   Code   RO         3105    i.crc32_compute     crc32.o
    0x0003a268   0x0003a268   0x0000001e   Code   RO         2311    i.crc_ok            nrf_dfu_settings.o
    0x0003a286   0x0003a286   0x00000002   PAD
    0x0003a288   0x0003a288   0x00000040   Code   RO         2557    i.crypto_init       nrf_dfu_validation.o
    0x0003a2c8   0x0003a2c8   0x0000007e   Code   RO         4308    i.decode_callback_field  pb_decode.o
    0x0003a346   0x0003a346   0x0000001a   Code   RO         4309    i.decode_field      pb_decode.o
    0x0003a360   0x0003a360   0x000000e0   Code   RO         4310    i.decode_static_field  pb_decode.o
    0x0003a440   0x0003a440   0x0000009c   Code   RO          517    i.dfu_enter_check   nrf_bootloader.o
    0x0003a4dc   0x0003a4dc   0x0000000c   Code   RO         1897    i.dfu_fstorage_evt_handler  nrf_dfu_flash.o
    0x0003a4e8   0x0003a4e8   0x00000040   Code   RO           24    i.dfu_observer      main.o
    0x0003a528   0x0003a528   0x00000048   Code   RO          518    i.dfu_observer      nrf_bootloader.o
    0x0003a570   0x0003a570   0x00000028   Code   RO         1689    i.dfu_observer      nrf_dfu.o
    0x0003a598   0x0003a598   0x00000024   Code   RO          519    i.do_reset          nrf_bootloader.o
    0x0003a5bc   0x0003a5bc   0x00000048   Code   RO         3578    i.erase             nrf_fstorage_nvmc.o
    0x0003a604   0x0003a604   0x0000004c   Code   RO         3652    i.erase             nrf_fstorage_sd.o
    0x0003a650   0x0003a650   0x00000036   Code   RO         3579    i.event_send        nrf_fstorage_nvmc.o
    0x0003a686   0x0003a686   0x00000054   Code   RO         3653    i.event_send        nrf_fstorage_sd.o
    0x0003a6da   0x0003a6da   0x0000000e   Code   RO         2034    i.ext_err_code_handle  nrf_dfu_req_handler.o
    0x0003a6e8   0x0003a6e8   0x00000010   Code   RO         1958    i.ext_error_get     nrf_dfu_handling_error.o
    0x0003a6f8   0x0003a6f8   0x0000000c   Code   RO         1959    i.ext_error_set     nrf_dfu_handling_error.o
    0x0003a704   0x0003a704   0x0000000c   Code   RO          520    i.flash_write_callback  nrf_bootloader.o
    0x0003a710   0x0003a710   0x0000000c   Code   RO          786    i.flash_write_callback  nrf_bootloader_fw_activation.o
    0x0003a71c   0x0003a71c   0x00000008   Code   RO         2558    i.fw_hash_ok        nrf_dfu_validation.o
    0x0003a724   0x0003a724   0x00000068   Code   RO         1731    i.gap_params_init   nrf_dfu_ble.o
    0x0003a78c   0x0003a78c   0x00000090   Code   RO          787    i.image_copy        nrf_bootloader_fw_activation.o
    0x0003a81c   0x0003a81c   0x00000006   Code   RO          521    i.inactivity_timeout  nrf_bootloader.o
    0x0003a822   0x0003a822   0x00000002   PAD
    0x0003a824   0x0003a824   0x0000000c   Code   RO         3580    i.init              nrf_fstorage_nvmc.o
    0x0003a830   0x0003a830   0x00000038   Code   RO         3654    i.init              nrf_fstorage_sd.o
    0x0003a868   0x0003a868   0x00000010   Code   RO         3581    i.is_busy           nrf_fstorage_nvmc.o
    0x0003a878   0x0003a878   0x00000010   Code   RO         3655    i.is_busy           nrf_fstorage_sd.o
    0x0003a888   0x0003a888   0x00000060   Code   RO         2559    i.is_major_softdevice_update  nrf_dfu_validation.o
    0x0003a8e8   0x0003a8e8   0x0000002e   Code   RO         4311    i.iter_from_extension  pb_decode.o
    0x0003a916   0x0003a916   0x00000002   PAD
    0x0003a918   0x0003a918   0x00000030   Code   RO           25    i.main              main.o
    0x0003a948   0x0003a948   0x00000010   Code   RO         3245    i.nrf_atfifo_clear  nrf_atfifo.o
    0x0003a958   0x0003a958   0x00000026   Code   RO         3247    i.nrf_atfifo_init   nrf_atfifo.o
    0x0003a97e   0x0003a97e   0x00000016   Code   RO         3248    i.nrf_atfifo_item_alloc  nrf_atfifo.o
    0x0003a994   0x0003a994   0x00000016   Code   RO         3249    i.nrf_atfifo_item_free  nrf_atfifo.o
    0x0003a9aa   0x0003a9aa   0x00000016   Code   RO         3250    i.nrf_atfifo_item_get  nrf_atfifo.o
    0x0003a9c0   0x0003a9c0   0x00000016   Code   RO         3251    i.nrf_atfifo_item_put  nrf_atfifo.o
    0x0003a9d6   0x0003a9d6   0x00000006   Code   RO         3317    i.nrf_atomic_flag_clear  nrf_atomic.o
    0x0003a9dc   0x0003a9dc   0x00000006   Code   RO         3320    i.nrf_atomic_flag_set_fetch  nrf_atomic.o
    0x0003a9e2   0x0003a9e2   0x0000000c   Code   RO         3322    i.nrf_atomic_u32_and  nrf_atomic.o
    0x0003a9ee   0x0003a9ee   0x0000000a   Code   RO         3326    i.nrf_atomic_u32_fetch_or  nrf_atomic.o
    0x0003a9f8   0x0003a9f8   0x00000044   Code   RO         3455    i.nrf_balloc_alloc  nrf_balloc.o
    0x0003aa3c   0x0003aa3c   0x00000030   Code   RO         3456    i.nrf_balloc_free   nrf_balloc.o
    0x0003aa6c   0x0003aa6c   0x00000030   Code   RO         3457    i.nrf_balloc_init   nrf_balloc.o
    0x0003aa9c   0x0003aa9c   0x00000024   Code   RO          633    i.nrf_bootloader_app_start  nrf_bootloader_app_start.o
    0x0003aac0   0x0003aac0   0x00000060   Code   RO          661    i.nrf_bootloader_app_start_final  nrf_bootloader_app_start_final.o
    0x0003ab20   0x0003ab20   0x00000028   Code   RO          701    i.nrf_bootloader_dfu_inactivity_timer_restart  nrf_bootloader_dfu_timers.o
    0x0003ab48   0x0003ab48   0x00000040   Code   RO          662    i.nrf_bootloader_flash_protect  nrf_bootloader_app_start_final.o
    0x0003ab88   0x0003ab88   0x00000074   Code   RO          788    i.nrf_bootloader_fw_activate  nrf_bootloader_fw_activation.o
    0x0003abfc   0x0003abfc   0x0000012c   Code   RO          522    i.nrf_bootloader_init  nrf_bootloader.o
    0x0003ad28   0x0003ad28   0x00000030   Code   RO          840    i.nrf_bootloader_mbr_addrs_populate  nrf_bootloader_info.o
    0x0003ad58   0x0003ad58   0x00000014   Code   RO          880    i.nrf_bootloader_wdt_feed  nrf_bootloader_wdt.o
    0x0003ad6c   0x0003ad6c   0x00000014   Code   RO          703    i.nrf_bootloader_wdt_feed_timer_start  nrf_bootloader_dfu_timers.o
    0x0003ad80   0x0003ad80   0x00000048   Code   RO          881    i.nrf_bootloader_wdt_init  nrf_bootloader_wdt.o
    0x0003adc8   0x0003adc8   0x00000006   Code   RO         1481    i.nrf_crypto_backend_micro_ecc_curve_get  micro_ecc_backend_ecc.o
    0x0003adce   0x0003adce   0x00000010   Code   RO         1486    i.nrf_crypto_backend_micro_ecc_public_key_from_raw  micro_ecc_backend_ecc.o
    0x0003adde   0x0003adde   0x00000056   Code   RO         1639    i.nrf_crypto_backend_micro_ecc_verify  micro_ecc_backend_ecdsa.o
    0x0003ae34   0x0003ae34   0x00000034   Code   RO          950    i.nrf_crypto_ecc_public_key_from_raw  nrf_crypto_ecc.o
    0x0003ae68   0x0003ae68   0x0000004c   Code   RO         1107    i.nrf_crypto_ecdsa_verify  nrf_crypto_ecdsa.o
    0x0003aeb4   0x0003aeb4   0x00000036   Code   RO         1182    i.nrf_crypto_hash_calculate  nrf_crypto_hash.o
    0x0003aeea   0x0003aeea   0x00000036   Code   RO         1183    i.nrf_crypto_hash_finalize  nrf_crypto_hash.o
    0x0003af20   0x0003af20   0x0000002c   Code   RO         1184    i.nrf_crypto_hash_init  nrf_crypto_hash.o
    0x0003af4c   0x0003af4c   0x0000002e   Code   RO         1185    i.nrf_crypto_hash_update  nrf_crypto_hash.o
    0x0003af7a   0x0003af7a   0x00000002   PAD
    0x0003af7c   0x0003af7c   0x00000040   Code   RO         1260    i.nrf_crypto_init   nrf_crypto_init.o
    0x0003afbc   0x0003afbc   0x0000001a   Code   RO         1311    i.nrf_crypto_internal_double_swap_endian  nrf_crypto_shared.o
    0x0003afd6   0x0003afd6   0x00000016   Code   RO         1312    i.nrf_crypto_internal_double_swap_endian_in_place  nrf_crypto_shared.o
    0x0003afec   0x0003afec   0x00000018   Code   RO          952    i.nrf_crypto_internal_ecc_key_input_check  nrf_crypto_ecc.o
    0x0003b004   0x0003b004   0x0000001a   Code   RO          953    i.nrf_crypto_internal_ecc_key_output_prepare  nrf_crypto_ecc.o
    0x0003b01e   0x0003b01e   0x00000016   Code   RO          954    i.nrf_crypto_internal_ecc_raw_input_check  nrf_crypto_ecc.o
    0x0003b034   0x0003b034   0x00000016   Code   RO         1313    i.nrf_crypto_internal_swap_endian  nrf_crypto_shared.o
    0x0003b04a   0x0003b04a   0x00000018   Code   RO         1314    i.nrf_crypto_internal_swap_endian_in_place  nrf_crypto_shared.o
    0x0003b062   0x0003b062   0x00000002   PAD
    0x0003b064   0x0003b064   0x00000028   Code   RO         2488    i.nrf_dfu_bank0_start_addr  nrf_dfu_utils.o
    0x0003b08c   0x0003b08c   0x00000020   Code   RO         2489    i.nrf_dfu_bank1_start_addr  nrf_dfu_utils.o
    0x0003b0ac   0x0003b0ac   0x00000014   Code   RO         2490    i.nrf_dfu_bank_invalidate  nrf_dfu_utils.o
    0x0003b0c0   0x0003b0c0   0x00000098   Code   RO         2491    i.nrf_dfu_cache_prepare  nrf_dfu_utils.o
    0x0003b158   0x0003b158   0x00000094   Code   RO         2035    i.nrf_dfu_command_req  nrf_dfu_req_handler.o
    0x0003b1ec   0x0003b1ec   0x00000074   Code   RO         2036    i.nrf_dfu_data_req  nrf_dfu_req_handler.o
    0x0003b260   0x0003b260   0x00000010   Code   RO         1898    i.nrf_dfu_flash_erase  nrf_dfu_flash.o
    0x0003b270   0x0003b270   0x0000001c   Code   RO         1899    i.nrf_dfu_flash_init  nrf_dfu_flash.o
    0x0003b28c   0x0003b28c   0x00000018   Code   RO         1900    i.nrf_dfu_flash_store  nrf_dfu_flash.o
    0x0003b2a4   0x0003b2a4   0x0000002c   Code   RO         1690    i.nrf_dfu_init      nrf_dfu.o
    0x0003b2d0   0x0003b2d0   0x00000004   Code   RO          524    i.nrf_dfu_init_user  nrf_bootloader.o
    0x0003b2d4   0x0003b2d4   0x00000016   Code   RO         1990    i.nrf_dfu_mbr_copy_bl  nrf_dfu_mbr.o
    0x0003b2ea   0x0003b2ea   0x00000002   PAD
    0x0003b2ec   0x0003b2ec   0x00000018   Code   RO         1991    i.nrf_dfu_mbr_init_sd  nrf_dfu_mbr.o
    0x0003b304   0x0003b304   0x0000000c   Code   RO         1992    i.nrf_dfu_mbr_irq_forward_address_set  nrf_dfu_mbr.o
    0x0003b310   0x0003b310   0x00000044   Code   RO         2037    i.nrf_dfu_req_handler_init  nrf_dfu_req_handler.o
    0x0003b354   0x0003b354   0x00000014   Code   RO         2038    i.nrf_dfu_req_handler_on_req  nrf_dfu_req_handler.o
    0x0003b368   0x0003b368   0x00000004   Code   RO         2039    i.nrf_dfu_req_handler_req  nrf_dfu_req_handler.o
    0x0003b36c   0x0003b36c   0x00000090   Code   RO         2040    i.nrf_dfu_req_handler_req_process  nrf_dfu_req_handler.o
    0x0003b3fc   0x0003b3fc   0x00000020   Code   RO         3999    i.nrf_dfu_set_adv_name_handler  nrf_dfu_svci_handler.o
    0x0003b41c   0x0003b41c   0x00000038   Code   RO         4000    i.nrf_dfu_set_adv_name_on_call  nrf_dfu_svci_handler.o
    0x0003b454   0x0003b454   0x00000024   Code   RO         4001    i.nrf_dfu_set_adv_name_on_sys_evt  nrf_dfu_svci_handler.o
    0x0003b478   0x0003b478   0x00000034   Code   RO         2409    i.nrf_dfu_settings_additional_erase  nrf_dfu_settings_svci.o
    0x0003b4ac   0x0003b4ac   0x00000018   Code   RO         2410    i.nrf_dfu_settings_adv_name_copy  nrf_dfu_settings_svci.o
    0x0003b4c4   0x0003b4c4   0x00000020   Code   RO         2411    i.nrf_dfu_settings_adv_name_is_valid  nrf_dfu_settings_svci.o
    0x0003b4e4   0x0003b4e4   0x00000038   Code   RO         2412    i.nrf_dfu_settings_adv_name_write  nrf_dfu_settings_svci.o
    0x0003b51c   0x0003b51c   0x0000000c   Code   RO         2313    i.nrf_dfu_settings_backup  nrf_dfu_settings.o
    0x0003b528   0x0003b528   0x0000001a   Code   RO         2314    i.nrf_dfu_settings_init  nrf_dfu_settings.o
    0x0003b542   0x0003b542   0x00000002   PAD
    0x0003b544   0x0003b544   0x00000028   Code   RO         2315    i.nrf_dfu_settings_progress_reset  nrf_dfu_settings.o
    0x0003b56c   0x0003b56c   0x000000e4   Code   RO         2316    i.nrf_dfu_settings_reinit  nrf_dfu_settings.o
    0x0003b650   0x0003b650   0x00000034   Code   RO         2317    i.nrf_dfu_settings_write  nrf_dfu_settings.o
    0x0003b684   0x0003b684   0x00000020   Code   RO         2318    i.nrf_dfu_settings_write_and_backup  nrf_dfu_settings.o
    0x0003b6a4   0x0003b6a4   0x00000006   Code   RO         2492    i.nrf_dfu_softdevice_start_address  nrf_dfu_utils.o
    0x0003b6aa   0x0003b6aa   0x00000002   PAD
    0x0003b6ac   0x0003b6ac   0x00000034   Code   RO         2456    i.nrf_dfu_transports_close  nrf_dfu_transport.o
    0x0003b6e0   0x0003b6e0   0x00000034   Code   RO         2457    i.nrf_dfu_transports_init  nrf_dfu_transport.o
    0x0003b714   0x0003b714   0x00000006   Code   RO         2560    i.nrf_dfu_validation_activation_prepare  nrf_dfu_validation.o
    0x0003b71a   0x0003b71a   0x00000052   Code   RO         2561    i.nrf_dfu_validation_boot_validate  nrf_dfu_validation.o
    0x0003b76c   0x0003b76c   0x00000064   Code   RO         2562    i.nrf_dfu_validation_hash_ok  nrf_dfu_validation.o
    0x0003b7d0   0x0003b7d0   0x00000024   Code   RO         2563    i.nrf_dfu_validation_init  nrf_dfu_validation.o
    0x0003b7f4   0x0003b7f4   0x00000048   Code   RO         2564    i.nrf_dfu_validation_init_cmd_append  nrf_dfu_validation.o
    0x0003b83c   0x0003b83c   0x00000034   Code   RO         2565    i.nrf_dfu_validation_init_cmd_create  nrf_dfu_validation.o
    0x0003b870   0x0003b870   0x00000094   Code   RO         2566    i.nrf_dfu_validation_init_cmd_execute  nrf_dfu_validation.o
    0x0003b904   0x0003b904   0x0000000c   Code   RO         2567    i.nrf_dfu_validation_init_cmd_present  nrf_dfu_validation.o
    0x0003b910   0x0003b910   0x00000048   Code   RO         2570    i.nrf_dfu_validation_prevalidate  nrf_dfu_validation.o
    0x0003b958   0x0003b958   0x00000094   Code   RO         2571    i.nrf_dfu_validation_signature_check  nrf_dfu_validation.o
    0x0003b9ec   0x0003b9ec   0x00000080   Code   RO         2716    i.nrf_dfu_ver_validation_check  nrf_dfu_ver_validation.o
    0x0003ba6c   0x0003ba6c   0x0000002c   Code   RO         3494    i.nrf_fstorage_erase  nrf_fstorage.o
    0x0003ba98   0x0003ba98   0x00000008   Code   RO         3495    i.nrf_fstorage_init  nrf_fstorage.o
    0x0003baa0   0x0003baa0   0x00000050   Code   RO         3496    i.nrf_fstorage_is_busy  nrf_fstorage.o
    0x0003baf0   0x0003baf0   0x00000018   Code   RO         3656    i.nrf_fstorage_sdh_req_handler  nrf_fstorage_sd.o
    0x0003bb08   0x0003bb08   0x00000020   Code   RO         3657    i.nrf_fstorage_sdh_state_handler  nrf_fstorage_sd.o
    0x0003bb28   0x0003bb28   0x000000a0   Code   RO         3658    i.nrf_fstorage_sys_evt_handler  nrf_fstorage_sd.o
    0x0003bbc8   0x0003bbc8   0x0000003e   Code   RO         3501    i.nrf_fstorage_write  nrf_fstorage.o
    0x0003bc06   0x0003bc06   0x00000024   Code   RO          337    i.nrf_gpio_cfg      boards.o
    0x0003bc2a   0x0003bc2a   0x00000016   Code   RO          338    i.nrf_gpio_pin_write  boards.o
    0x0003bc40   0x0003bc40   0x00000030   Code   RO         2758    i.nrf_nvmc_page_erase  nrf_nvmc.o
    0x0003bc70   0x0003bc70   0x00000030   Code   RO         2761    i.nrf_nvmc_write_word  nrf_nvmc.o
    0x0003bca0   0x0003bca0   0x00000044   Code   RO         2762    i.nrf_nvmc_write_words  nrf_nvmc.o
    0x0003bce4   0x0003bce4   0x0000000c   Code   RO          525    i.nrf_power_gpregret_get  nrf_bootloader.o
    0x0003bcf0   0x0003bcf0   0x0000000c   Code   RO          704    i.nrf_rtc_event_clear  nrf_bootloader_dfu_timers.o
    0x0003bcfc   0x0003bcfc   0x00000014   Code   RO         4197    i.nrf_sdh_ble_app_ram_start_get  nrf_sdh_ble.o
    0x0003bd10   0x0003bd10   0x0000009c   Code   RO         4198    i.nrf_sdh_ble_default_cfg_set  nrf_sdh_ble.o
    0x0003bdac   0x0003bdac   0x00000014   Code   RO         4199    i.nrf_sdh_ble_enable  nrf_sdh_ble.o
    0x0003bdc0   0x0003bdc0   0x00000060   Code   RO         4200    i.nrf_sdh_ble_evts_poll  nrf_sdh_ble.o
    0x0003be20   0x0003be20   0x00000054   Code   RO         4081    i.nrf_sdh_disable_request  nrf_sdh.o
    0x0003be74   0x0003be74   0x00000074   Code   RO         4082    i.nrf_sdh_enable_request  nrf_sdh.o
    0x0003bee8   0x0003bee8   0x00000024   Code   RO         4083    i.nrf_sdh_evts_poll  nrf_sdh.o
    0x0003bf0c   0x0003bf0c   0x0000000c   Code   RO         4084    i.nrf_sdh_is_enabled  nrf_sdh.o
    0x0003bf18   0x0003bf18   0x0000001c   Code   RO         4086    i.nrf_sdh_request_continue  nrf_sdh.o
    0x0003bf34   0x0003bf34   0x0000003c   Code   RO         4251    i.nrf_sdh_soc_evts_poll  nrf_sdh_soc.o
    0x0003bf70   0x0003bf70   0x0000000a   Code   RO         3848    i.nrf_section_iter_init  nrf_section_iter.o
    0x0003bf7a   0x0003bf7a   0x00000024   Code   RO         3849    i.nrf_section_iter_item_set  nrf_section_iter.o
    0x0003bf9e   0x0003bf9e   0x00000020   Code   RO         3850    i.nrf_section_iter_next  nrf_section_iter.o
    0x0003bfbe   0x0003bfbe   0x00000002   PAD
    0x0003bfc0   0x0003bfc0   0x0000005c   Code   RO         4051    i.nrf_svc_handler_c  nrf_svc_handler.o
    0x0003c01c   0x0003c01c   0x00000024   Code   RO         1436    i.nrf_sw_backend_hash_sha256_finalize  nrf_sw_backend_hash.o
    0x0003c040   0x0003c040   0x00000006   Code   RO         1437    i.nrf_sw_backend_hash_sha256_init  nrf_sw_backend_hash.o
    0x0003c046   0x0003c046   0x00000006   Code   RO         1438    i.nrf_sw_backend_hash_sha256_update  nrf_sw_backend_hash.o
    0x0003c04c   0x0003c04c   0x00000010   Code   RO          882    i.nrf_wdt_started   nrf_bootloader_wdt.o
    0x0003c05c   0x0003c05c   0x00000070   Code   RO         1732    i.on_ctrl_pt_write  nrf_dfu_ble.o
    0x0003c0cc   0x0003c0cc   0x00000074   Code   RO         2041    i.on_data_obj_create_request  nrf_dfu_req_handler.o
    0x0003c140   0x0003c140   0x00000078   Code   RO         2042    i.on_data_obj_execute_request_sched  nrf_dfu_req_handler.o
    0x0003c1b8   0x0003c1b8   0x00000080   Code   RO         2043    i.on_data_obj_write_request  nrf_dfu_req_handler.o
    0x0003c238   0x0003c238   0x0000000c   Code   RO         2044    i.on_dfu_complete   nrf_dfu_req_handler.o
    0x0003c244   0x0003c244   0x00000024   Code   RO           26    i.on_error          main.o
    0x0003c268   0x0003c268   0x0000000c   Code   RO         1733    i.on_flash_write    nrf_dfu_ble.o
    0x0003c274   0x0003c274   0x00000088   Code   RO         1734    i.on_rw_authorize_req  nrf_dfu_ble.o
    0x0003c2fc   0x0003c2fc   0x00000042   Code   RO         4313    i.pb_dec_bytes      pb_decode.o
    0x0003c33e   0x0003c33e   0x00000006   Code   RO         4314    i.pb_dec_fixed32    pb_decode.o
    0x0003c344   0x0003c344   0x00000006   Code   RO         4315    i.pb_dec_fixed64    pb_decode.o
    0x0003c34a   0x0003c34a   0x0000003e   Code   RO         4316    i.pb_dec_string     pb_decode.o
    0x0003c388   0x0003c388   0x00000040   Code   RO         4317    i.pb_dec_submessage  pb_decode.o
    0x0003c3c8   0x0003c3c8   0x00000058   Code   RO         4318    i.pb_dec_svarint    pb_decode.o
    0x0003c420   0x0003c420   0x00000058   Code   RO         4319    i.pb_dec_uvarint    pb_decode.o
    0x0003c478   0x0003c478   0x0000005a   Code   RO         4320    i.pb_dec_varint     pb_decode.o
    0x0003c4d2   0x0003c4d2   0x0000001e   Code   RO         4321    i.pb_decode         pb_decode.o
    0x0003c4f0   0x0003c4f0   0x00000020   Code   RO         4323    i.pb_decode_fixed32  pb_decode.o
    0x0003c510   0x0003c510   0x0000005c   Code   RO         4324    i.pb_decode_fixed64  pb_decode.o
    0x0003c56c   0x0003c56c   0x00000186   Code   RO         4325    i.pb_decode_noinit  pb_decode.o
    0x0003c6f2   0x0003c6f2   0x0000003a   Code   RO         4326    i.pb_decode_svarint  pb_decode.o
    0x0003c72c   0x0003c72c   0x00000042   Code   RO         4327    i.pb_decode_tag     pb_decode.o
    0x0003c76e   0x0003c76e   0x0000004a   Code   RO         4328    i.pb_decode_varint  pb_decode.o
    0x0003c7b8   0x0003c7b8   0x0000004c   Code   RO         4329    i.pb_decode_varint32  pb_decode.o
    0x0003c804   0x0003c804   0x0000003c   Code   RO         2573    i.pb_decoding_callback  nrf_dfu_validation.o
    0x0003c840   0x0003c840   0x00000022   Code   RO         4280    i.pb_field_iter_begin  pb_common.o
    0x0003c862   0x0003c862   0x0000002e   Code   RO         4281    i.pb_field_iter_find  pb_common.o
    0x0003c890   0x0003c890   0x0000007e   Code   RO         4282    i.pb_field_iter_next  pb_common.o
    0x0003c90e   0x0003c90e   0x000000a4   Code   RO         4330    i.pb_field_set_to_default  pb_decode.o
    0x0003c9b2   0x0003c9b2   0x00000002   PAD
    0x0003c9b4   0x0003c9b4   0x00000014   Code   RO         4331    i.pb_istream_from_buffer  pb_decode.o
    0x0003c9c8   0x0003c9c8   0x00000036   Code   RO         4332    i.pb_make_string_substream  pb_decode.o
    0x0003c9fe   0x0003c9fe   0x00000026   Code   RO         4333    i.pb_message_set_to_defaults  pb_decode.o
    0x0003ca24   0x0003ca24   0x00000058   Code   RO         4334    i.pb_read           pb_decode.o
    0x0003ca7c   0x0003ca7c   0x00000020   Code   RO         4335    i.pb_readbyte       pb_decode.o
    0x0003ca9c   0x0003ca9c   0x0000005a   Code   RO         4336    i.pb_skip_field     pb_decode.o
    0x0003caf6   0x0003caf6   0x00000002   PAD
    0x0003caf8   0x0003caf8   0x000000c4   Code   RO         2574    i.postvalidate      nrf_dfu_validation.o
    0x0003cbbc   0x0003cbbc   0x0000011c   Code   RO         2575    i.postvalidate_sd_bl  nrf_dfu_validation.o
    0x0003ccd8   0x0003ccd8   0x00000014   Code   RO         3659    i.queue_free        nrf_fstorage_sd.o
    0x0003ccec   0x0003ccec   0x0000009c   Code   RO         3660    i.queue_process     nrf_fstorage_sd.o
    0x0003cd88   0x0003cd88   0x00000024   Code   RO         3661    i.queue_start       nrf_fstorage_sd.o
    0x0003cdac   0x0003cdac   0x0000000e   Code   RO         3582    i.read              nrf_fstorage_nvmc.o
    0x0003cdba   0x0003cdba   0x0000000e   Code   RO         3662    i.read              nrf_fstorage_sd.o
    0x0003cdc8   0x0003cdc8   0x00000062   Code   RO         4337    i.read_raw_value    pb_decode.o
    0x0003ce2a   0x0003ce2a   0x00000020   Code   RO         1735    i.response_crc_add  nrf_dfu_ble.o
    0x0003ce4a   0x0003ce4a   0x00000002   PAD
    0x0003ce4c   0x0003ce4c   0x00000034   Code   RO         1736    i.response_send     nrf_dfu_ble.o
    0x0003ce80   0x0003ce80   0x00000004   Code   RO         3583    i.rmap              nrf_fstorage_nvmc.o
    0x0003ce84   0x0003ce84   0x00000004   Code   RO         3663    i.rmap              nrf_fstorage_sd.o
    0x0003ce88   0x0003ce88   0x00000054   Code   RO          789    i.sd_activate       nrf_bootloader_fw_activation.o
    0x0003cedc   0x0003cedc   0x00000044   Code   RO         2717    i.sd_req_check      nrf_dfu_ver_validation.o
    0x0003cf20   0x0003cf20   0x00000068   Code   RO         2718    i.sd_req_ok         nrf_dfu_ver_validation.o
    0x0003cf88   0x0003cf88   0x00000030   Code   RO         4089    i.sdh_request_observer_notify  nrf_sdh.o
    0x0003cfb8   0x0003cfb8   0x0000002c   Code   RO         4090    i.sdh_state_observer_notify  nrf_sdh.o
    0x0003cfe4   0x0003cfe4   0x00000014   Code   RO         2319    i.settings_backup   nrf_dfu_settings.o
    0x0003cff8   0x0003cff8   0x0000000a   Code   RO         2320    i.settings_crc_get  nrf_dfu_settings.o
    0x0003d002   0x0003d002   0x00000050   Code   RO         2321    i.settings_write    nrf_dfu_settings.o
    0x0003d052   0x0003d052   0x00000110   Code   RO         3916    i.sha256_final      sha256.o
    0x0003d162   0x0003d162   0x00000002   PAD
    0x0003d164   0x0003d164   0x00000054   Code   RO         3917    i.sha256_init       sha256.o
    0x0003d1b8   0x0003d1b8   0x0000012c   Code   RO         3918    i.sha256_transform  sha256.o
    0x0003d2e4   0x0003d2e4   0x00000054   Code   RO         3919    i.sha256_update     sha256.o
    0x0003d338   0x0003d338   0x00000040   Code   RO         4091    i.softdevice_evt_irq_disable  nrf_sdh.o
    0x0003d378   0x0003d378   0x00000058   Code   RO         4092    i.softdevices_evt_irq_enable  nrf_sdh.o
    0x0003d3d0   0x0003d3d0   0x000000c8   Code   RO         2576    i.stored_init_cmd_decode  nrf_dfu_validation.o
    0x0003d498   0x0003d498   0x00000060   Code   RO          705    i.timer_activate    nrf_bootloader_dfu_timers.o
    0x0003d4f8   0x0003d4f8   0x00000078   Code   RO          706    i.timer_init        nrf_bootloader_dfu_timers.o
    0x0003d570   0x0003d570   0x0000001a   Code   RO          707    i.timer_start       nrf_bootloader_dfu_timers.o
    0x0003d58a   0x0003d58a   0x00000002   PAD
    0x0003d58c   0x0003d58c   0x00000014   Code   RO          708    i.timer_stop        nrf_bootloader_dfu_timers.o
    0x0003d5a0   0x0003d5a0   0x00000012   Code   RO         1737    i.uint32_encode     nrf_dfu_ble.o
    0x0003d5b2   0x0003d5b2   0x00000002   PAD
    0x0003d5b4   0x0003d5b4   0x00000010   Code   RO         3584    i.uninit            nrf_fstorage_nvmc.o
    0x0003d5c4   0x0003d5c4   0x00000020   Code   RO         3664    i.uninit            nrf_fstorage_sd.o
    0x0003d5e4   0x0003d5e4   0x00000058   Code   RO         2577    i.update_data_size_get  nrf_dfu_validation.o
    0x0003d63c   0x0003d63c   0x00000020   Code   RO         1186    i.verify_context    nrf_crypto_hash.o
    0x0003d65c   0x0003d65c   0x0000003c   Code   RO          883    i.wdt_feed          nrf_bootloader_wdt.o
    0x0003d698   0x0003d698   0x00000004   Code   RO          884    i.wdt_feed_timer_handler  nrf_bootloader_wdt.o
    0x0003d69c   0x0003d69c   0x00000004   Code   RO         3585    i.wmap              nrf_fstorage_nvmc.o
    0x0003d6a0   0x0003d6a0   0x00000004   Code   RO         3665    i.wmap              nrf_fstorage_sd.o
    0x0003d6a4   0x0003d6a4   0x00000044   Code   RO         3586    i.write             nrf_fstorage_nvmc.o
    0x0003d6e8   0x0003d6e8   0x00000050   Code   RO         3666    i.write             nrf_fstorage_sd.o
    0x0003d738   0x0003d738   0x00000040   Data   RO            1    .constdata          dfu_public_key.o
    0x0003d778   0x0003d778   0x00000008   Data   RO          339    .constdata          boards.o
    0x0003d780   0x0003d780   0x00000006   Data   RO          709    .constdata          nrf_bootloader_dfu_timers.o
    0x0003d786   0x0003d786   0x00000002   PAD
    0x0003d788   0x0003d788   0x00000018   Data   RO         1439    .constdata          nrf_sw_backend_hash.o
    0x0003d7a0   0x0003d7a0   0x0000000c   Data   RO         1489    .constdata          micro_ecc_backend_ecc.o
    0x0003d7ac   0x0003d7ac   0x00000001   Data   RO         1668    .constdata          dfu-cc.pb.o
    0x0003d7ad   0x0003d7ad   0x00000003   PAD
    0x0003d7b0   0x0003d7b0   0x00000030   Data   RO         1669    .constdata          dfu-cc.pb.o
    0x0003d7e0   0x0003d7e0   0x00000030   Data   RO         1670    .constdata          dfu-cc.pb.o
    0x0003d810   0x0003d810   0x000000b0   Data   RO         1671    .constdata          dfu-cc.pb.o
    0x0003d8c0   0x0003d8c0   0x00000030   Data   RO         1672    .constdata          dfu-cc.pb.o
    0x0003d8f0   0x0003d8f0   0x00000040   Data   RO         1673    .constdata          dfu-cc.pb.o
    0x0003d930   0x0003d930   0x00000030   Data   RO         1674    .constdata          dfu-cc.pb.o
    0x0003d960   0x0003d960   0x00000118   Data   RO         1741    .constdata          nrf_dfu_ble.o
    0x0003da78   0x0003da78   0x00000010   Data   RO         1993    .constdata          nrf_dfu_mbr.o
    0x0003da88   0x0003da88   0x00000030   Data   RO         2045    .constdata          nrf_dfu_req_handler.o
    0x0003dab8   0x0003dab8   0x0000000c   Data   RO         3587    .constdata          nrf_fstorage_nvmc.o
    0x0003dac4   0x0003dac4   0x00000020   Data   RO         3588    .constdata          nrf_fstorage_nvmc.o
    0x0003dae4   0x0003dae4   0x00000010   Data   RO         3669    .constdata          nrf_fstorage_sd.o
    0x0003daf4   0x0003daf4   0x00000020   Data   RO         3670    .constdata          nrf_fstorage_sd.o
    0x0003db14   0x0003db14   0x00000100   Data   RO         3920    .constdata          sha256.o
    0x0003dc14   0x0003dc14   0x00000010   Data   RO         4093    .constdata          nrf_sdh.o
    0x0003dc24   0x0003dc24   0x00000028   Data   RO         4094    .constdata          nrf_sdh.o
    0x0003dc4c   0x0003dc4c   0x00000010   Data   RO         4095    .constdata          nrf_sdh.o
    0x0003dc5c   0x0003dc5c   0x00000010   Data   RO         4096    .constdata          nrf_sdh.o
    0x0003dc6c   0x0003dc6c   0x00000020   Data   RO         4201    .constdata          nrf_sdh_ble.o
    0x0003dc8c   0x0003dc8c   0x00000010   Data   RO         4202    .constdata          nrf_sdh_ble.o
    0x0003dc9c   0x0003dc9c   0x00000010   Data   RO         4252    .constdata          nrf_sdh_soc.o
    0x0003dcac   0x0003dcac   0x0000000c   Data   RO         4253    .constdata          nrf_sdh_soc.o
    0x0003dcb8   0x0003dcb8   0x00000024   Data   RO         4338    .constdata          pb_decode.o
    0x0003dcdc   0x0003dcdc   0x000000b0   Data   RO         4618    .rodata.curve_secp256r1  micro_ecc_lib_nrf52.lib(uECC.c.o)
    0x0003dd8c   0x0003dd8c   0x00000020   Data   RO         4663    Region$$Table       anon$$obj.o
    0x0003ddac   0x0003ddac   0x00000008   Data   RO         1744    dfu_trans           nrf_dfu_ble.o
    0x0003ddb4   0x0003ddb4   0x00000014   Data   RO         1745    nrf_balloc          nrf_dfu_ble.o
    0x0003ddc8   0x0003ddc8   0x00000008   Data   RO         1746    sdh_ble_observers2  nrf_dfu_ble.o
    0x0003ddd0   0x0003ddd0   0x00000008   Data   RO         3672    sdh_req_observers0  nrf_fstorage_sd.o
    0x0003ddd8   0x0003ddd8   0x00000008   Data   RO         3673    sdh_soc_observers0  nrf_fstorage_sd.o
    0x0003dde0   0x0003dde0   0x00000008   Data   RO         4204    sdh_stack_observers0  nrf_sdh_ble.o
    0x0003dde8   0x0003dde8   0x00000008   Data   RO         4254    sdh_stack_observers0  nrf_sdh_soc.o
    0x0003ddf0   0x0003ddf0   0x00000008   Data   RO         3674    sdh_state_observers0  nrf_fstorage_sd.o
    0x0003ddf8   0x0003ddf8   0x0000000c   Data   RO         4002    svc_data            nrf_dfu_svci_handler.o


    Execution Region RW_IRAM1 (Exec base: 0x20002ae8, Load base: 0x0003de04, Size: 0x00002df8, Max: 0x00005518, ABSOLUTE)

    Exec Addr    Load Addr    Size         Type   Attr      Idx    E Section Name        Object

    0x20002ae8   0x0003de04   0x00000008   Data   RW          528    .data               nrf_bootloader.o
    0x20002af0   0x0003de0c   0x00000004   Data   RW          663    .data               nrf_bootloader_app_start_final.o
    0x20002af4   0x0003de10   0x00000030   Data   RW          710    .data               nrf_bootloader_dfu_timers.o
    0x20002b24   0x0003de40   0x00000001   Data   RW          790    .data               nrf_bootloader_fw_activation.o
    0x20002b25   0x0003de41   0x00000001   Data   RW          885    .data               nrf_bootloader_wdt.o
    0x20002b26   0x0003de42   0x00000001   Data   RW         1264    .data               nrf_crypto_init.o
    0x20002b27   0x0003de43   0x00000001   PAD
    0x20002b28   0x0003de44   0x00000004   Data   RW         1691    .data               nrf_dfu.o
    0x20002b2c   0x0003de48   0x00000010   Data   RW         1742    .data               nrf_dfu_ble.o
    0x20002b3c   0x0003de58   0x00000008   Data   RW         1743    .data               nrf_dfu_ble.o
    0x20002b44   0x0003de60   0x00000001   Data   RW         1960    .data               nrf_dfu_handling_error.o
    0x20002b45   0x0003de61   0x00000003   PAD
    0x20002b48   0x0003de64   0x00000010   Data   RW         2046    .data               nrf_dfu_req_handler.o
    0x20002b58   0x0003de74   0x00000004   Data   RW         2326    .data               nrf_dfu_settings.o
    0x20002b5c   0x0003de78   0x00000010   Data   RW         2579    .data               nrf_dfu_validation.o
    0x20002b6c   0x0003de88   0x00000010   Data   RW         2986    .data               app_scheduler.o
    0x20002b7c   0x0003de98   0x00000004   Data   RW         3589    .data               nrf_fstorage_nvmc.o
    0x20002b80   0x0003de9c   0x00000008   Data   RW         3671    .data               nrf_fstorage_sd.o
    0x20002b88   0x0003dea4   0x00000003   Data   RW         4097    .data               nrf_sdh.o
    0x20002b8b   0x0003dea7   0x00000001   Data   RW         4203    .data               nrf_sdh_ble.o
    0x20002b8c   0x0003dea8   0x00000004   Data   RW         4501    .data               system_nrf52820.o
    0x20002b90   0x0003deac   0x00000014   Data   RW         1902    fs_data             nrf_dfu_flash.o
    0x20002ba4        -       0x00000420   Zero   RW          526    .bss                nrf_bootloader.o
    0x20002fc4        -       0x00000050   Zero   RW         1738    .bss                nrf_dfu_ble.o
    0x20003014        -       0x00000011   Zero   RW         1739    .bss                nrf_dfu_ble.o
    0x20003025   0x0003dec0   0x00000003   PAD
    0x20003028        -       0x00001034   Zero   RW         1740    .bss                nrf_dfu_ble.o
    0x2000405c        -       0x00000a80   Zero   RW         2325    .bss                nrf_dfu_settings.o
    0x20004adc        -       0x000003f4   Zero   RW         2578    .bss                nrf_dfu_validation.o
    0x20004ed0        -       0x0000000c   Zero   RW         3043    .bss                app_util_platform.o
    0x20004edc        -       0x00000010   Zero   RW         3667    .bss                nrf_fstorage_sd.o
    0x20004eec        -       0x000001f0   Zero   RW         3668    .bss                nrf_fstorage_sd.o
    0x200050dc   0x0003dec0   0x00000004   PAD
    0x200050e0        -       0x00000800   Zero   RW         4489    STACK               arm_startup_nrf52820.o



  Load Region LR$$.ARM.__AT_0x0003E000 (Base: 0x0003e000, Size: 0x00000000, Max: 0x00001000, ABSOLUTE)

    Execution Region ER$$.ARM.__AT_0x0003E000 (Exec base: 0x0003e000, Load base: 0x0003e000, Size: 0x00001000, Max: 0x00001000, ABSOLUTE, UNINIT)

    Exec Addr    Load Addr    Size         Type   Attr      Idx    E Section Name        Object

    0x0003e000        -       0x00001000   Zero   RW         2322    .ARM.__AT_0x0003E000  nrf_dfu_settings.o



  Load Region LR$$.ARM.__AT_0x0003F000 (Base: 0x0003f000, Size: 0x00000000, Max: 0x00001000, ABSOLUTE)

    Execution Region ER$$.ARM.__AT_0x0003F000 (Exec base: 0x0003f000, Load base: 0x0003f000, Size: 0x00001000, Max: 0x00001000, ABSOLUTE, UNINIT)

    Exec Addr    Load Addr    Size         Type   Attr      Idx    E Section Name        Object

    0x0003f000        -       0x00001000   Zero   RW         2323    .ARM.__AT_0x0003F000  nrf_dfu_settings.o



  Load Region LR$$.ARM.__AT_0x10001014 (Base: 0x10001014, Size: 0x00000004, Max: 0x00000004, ABSOLUTE)

    Execution Region ER$$.ARM.__AT_0x10001014 (Exec base: 0x10001014, Load base: 0x10001014, Size: 0x00000004, Max: 0x00000004, ABSOLUTE, UNINIT)

    Exec Addr    Load Addr    Size         Type   Attr      Idx    E Section Name        Object

    0x10001014   0x10001014   0x00000004   Data   RW          841    .ARM.__AT_0x10001014  nrf_bootloader_info.o



  Load Region LR$$.ARM.__AT_0x10001018 (Base: 0x10001018, Size: 0x00000004, Max: 0x00000004, ABSOLUTE)

    Execution Region ER$$.ARM.__AT_0x10001018 (Exec base: 0x10001018, Load base: 0x10001018, Size: 0x00000004, Max: 0x00000004, ABSOLUTE, UNINIT)

    Exec Addr    Load Addr    Size         Type   Attr      Idx    E Section Name        Object

    0x10001018   0x10001018   0x00000004   Data   RO         2324    .ARM.__AT_0x10001018  nrf_dfu_settings.o


==============================================================================

Image component sizes


      Code (inc. data)   RO Data    RW Data    ZI Data      Debug   Object Name

       268         16          0         16          0      41865   app_scheduler.o
       124         14          0          0         12      10534   app_util_platform.o
        36          8        512          0       2048        900   arm_startup_nrf52820.o
         8          0          0          0          0      28018   ble_srv_common.o
       192         16          8          0          0       9105   boards.o
        60          6          0          0          0       1500   crc32.o
         0          0        433          0          0       1522   dfu-cc.pb.o
         0          0         64          0          0       5337   dfu_public_key.o
       156         28          0          0          0      97965   main.o
        22          0         12          0          0      25693   micro_ecc_backend_ecc.o
        86          0          0          0          0       2342   micro_ecc_backend_ecdsa.o
       342          0          0          0          0       8490   nrf_atfifo.o
       260          0          0          0          0       5416   nrf_atomic.o
       164          0          0          0          0       3532   nrf_balloc.o
       650         98          0          8       1056      28270   nrf_bootloader.o
        36          0          0          0          0        727   nrf_bootloader_app_start.o
       160         16          0          4          0       8819   nrf_bootloader_app_start_final.o
       450         56          6         48          0      47194   nrf_bootloader_dfu_timers.o
       504         48          0          1          0       6741   nrf_bootloader_fw_activation.o
        48          6          0          4          0       1114   nrf_bootloader_info.o
       192         34          0          1          0      36192   nrf_bootloader_wdt.o
       124          4          0          0          0      30476   nrf_crypto_ecc.o
        76          4          0          0          0      38013   nrf_crypto_ecdsa.o
       230         12          0          0          0      10409   nrf_crypto_hash.o
        64         14          0          1          0       3145   nrf_crypto_init.o
        94          0          0          0          0       3890   nrf_crypto_shared.o
        84         14          0          4          0       3227   nrf_dfu.o
      1726        154        316         24       4245     114806   nrf_dfu_ble.o
        80         22          0         20          0       5867   nrf_dfu_flash.o
        28         10          0          1          0       1660   nrf_dfu_handling_error.o
        58          6         16          0          0       8698   nrf_dfu_mbr.o
       906        112         48         16          0      78024   nrf_dfu_req_handler.o
       542         58          4          4      10880      11397   nrf_dfu_settings.o
       164         20          0          0          0       4392   nrf_dfu_settings_svci.o
       124         16         12          0          0       6315   nrf_dfu_svci_handler.o
       104         18          0          0          0       2680   nrf_dfu_transport.o
       250         28          0          0          0       4855   nrf_dfu_utils.o
      1876        166          0         16       1012      24339   nrf_dfu_validation.o
       300         14          0          0          0      10281   nrf_dfu_ver_validation.o
       230         10          0          0          0       6032   nrf_fstorage.o
       260         20         44          4          0       9596   nrf_fstorage_nvmc.o
       794         82         72          8        512      16967   nrf_fstorage_sd.o
       164         28          0          0          0       2647   nrf_nvmc.o
       560         60         88          3          0      44820   nrf_sdh.o
       292         18         56          1          0       7239   nrf_sdh_ble.o
        60          4         36          0          0       2340   nrf_sdh_soc.o
        78          0          0          0          0       2692   nrf_section_iter.o
       112         10          0          0          0       2469   nrf_svc_handler.o
        48          0         24          0          0       5592   nrf_sw_backend_hash.o
       206          0          0          0          0       3464   pb_common.o
      2322         14         36          0          0      35998   pb_decode.o
       740         40        256          0          0       6656   sha256.o
       364         42          0          4          0      10859   system_nrf52820.o

    ----------------------------------------------------------------------
     16852       1346       2080        192      19772     891121   Object Totals
         0          0         32          0          0          0   (incl. Generated)
        34          0          5          4          7          0   (incl. Padding)

    ----------------------------------------------------------------------

      Code (inc. data)   RO Data    RW Data    ZI Data      Debug   Library Member Name

         0          0          0          0          0          0   entry.o
         0          0          0          0          0          0   entry10a.o
         0          0          0          0          0          0   entry11a.o
         8          4          0          0          0          0   entry2.o
         4          0          0          0          0          0   entry5.o
         0          0          0          0          0          0   entry7b.o
         0          0          0          0          0          0   entry8b.o
         8          4          0          0          0          0   entry9a.o
        30          0          0          0          0          0   handlers.o
        36          8          0          0          0         68   init.o
        30          0          0          0          0         68   llshl.o
        26          0          0          0          0         80   memcmp.o
        36          0          0          0          0         68   memcpya.o
        36          0          0          0          0        108   memseta.o
      4732         12        176          0          0      44068   uECC.c.o

    ----------------------------------------------------------------------
      4964         28        176          0          0      44460   Library Totals
        18          0          0          0          0          0   (incl. Padding)

    ----------------------------------------------------------------------

      Code (inc. data)   RO Data    RW Data    ZI Data      Debug   Library Name

       214         16          0          0          0        392   mc_w.l
      4732         12        176          0          0      44068   micro_ecc_lib_nrf52.lib

    ----------------------------------------------------------------------
      4964         28        176          0          0      44460   Library Totals

    ----------------------------------------------------------------------

==============================================================================


      Code (inc. data)   RO Data    RW Data    ZI Data      Debug   

     21816       1374       2256        192      19772     922213   Grand Totals
     21816       1374       2256        192      19772     922213   ELF Image Totals
     21816       1374       2256        192          0          0   ROM Totals

==============================================================================

    Total RO  Size (Code + RO Data)                24072 (  23.51kB)
    Total RW  Size (RW Data + ZI Data)             19964 (  19.50kB)
    Total ROM Size (Code + RO Data + RW Data)      24264 (  23.70kB)

==============================================================================

