<html>
<body>
<pre>
<h1>礦ision Build Log</h1>
<h2>Tool Versions:</h2>
IDE-Version: μVision V5.27.1.0
Copyright (C) 2019 ARM Ltd and ARM Germany GmbH. All rights reserved.
License Information: 111 潘亚光, 111, LIC=BL28T-R5L3G-35FTX-HA4QP-9LM2N-X7CAA
 
Tool Versions:
Toolchain:       MDK-ARM Professional  Version: 5.27.1.0
Toolchain Path:  D:\SW_Install\keil\ARM\ARMCC\Bin
C Compiler:      Armcc.exe V5.06 update 6 (build 750)
Assembler:       Armasm.exe V5.06 update 6 (build 750)
Linker/Locator:  ArmLink.exe V5.06 update 6 (build 750)
Library Manager: ArmAr.exe V5.06 update 6 (build 750)
Hex Converter:   FromElf.exe V5.06 update 6 (build 750)
CPU DLL:         SARMCM3.DLL V5.27.1.0
Dialog DLL:      DCM.DLL V1.17.2.0
Target DLL:      Segger\JL2CM3.dll V2.99.35.0
Dialog DLL:      TCM.DLL V1.36.1.0
 
<h2>Project:</h2>
C:\Users\潘亚光\Desktop\GIt_JS135\JS135\SW\adv_scan\examples\ble_central_and_peripheral\experimental\ble_app_hrs_rscs_relay\pca10056\s140\arm5_no_packs\ble_app_hrs_rscs_relay_pca10056_s140.uvprojx
Project File Date:  12/02/2020

<h2>Output:</h2>
*** Using Compiler 'V5.06 update 6 (build 750)', folder: 'D:\SW_Install\keil\ARM\ARMCC\Bin'
Build target 'nrf52840_xxaa'
compiling bsp_btn_ble.c...
compiling boards.c...
compiling bsp.c...
compiling user_app.c...
compiling user_adv.c...
compiling user_timer.c...
compiling main.c...
compiling user_uart.c...
linking...
Program Size: Code=45648 RO-data=4292 RW-data=1056 ZI-data=14096  
FromELF: creating hex file...
".\_build\nrf52840_xxaa.axf" - 0 Error(s), 0 Warning(s).

<h2>Software Packages used:</h2>

Package Vendor: ARM
                http://www.keil.com/pack/ARM.CMSIS.5.6.0.pack
                ARM.CMSIS.5.6.0
                CMSIS (Cortex Microcontroller Software Interface Standard)
   * Component: CORE Version: 5.3.0

Package Vendor: NordicSemiconductor
                http://developer.nordicsemi.com/nRF5_SDK/pieces/nRF_DeviceFamilyPack/NordicSemiconductor.nRF_DeviceFamilyPack.8.35.0.pack
                NordicSemiconductor.nRF_DeviceFamilyPack.8.35.0
                Nordic Semiconductor nRF ARM devices Device Family Pack with BSD license.
   * Component: Startup Version: 8.35.0

<h2>Collection of Component include folders:</h2>
  .\RTE\_nrf52840_xxaa
  D:\SW_Install\keil\ARM\CMSIS\5.6.0\CMSIS\Core\Include
  D:\SW_Install\keil\NordicSemiconductor\nRF_DeviceFamilyPack\8.35.0\Device\Include

<h2>Collection of Component Files used:</h2>

   * Component: ARM::CMSIS:CORE:5.3.0

   * Component: NordicSemiconductor::Device:Startup:8.35.0
      Source file:   Device\Source\arm\arm_startup_nrf52820.s
      Include file:  Device\Include\system_nrf.h
      Source file:   Device\Source\system_nrf52820.c
      Include file:  Device\Include\system_nrf52820.h
Build Time Elapsed:  00:00:08
</pre>
</body>
</html>
