<html>
<body>
<pre>
<h1>µVision Build Log</h1>
<h2>Tool Versions:</h2>
IDE-Version: ¶ÃVision V5.27.1.0
Copyright (C) 2019 ARM Ltd and ARM Germany GmbH. All rights reserved.
License Information: 111 ≈À—«π‚, 111, LIC=BL28T-R5L3G-35FTX-HA4QP-9LM2N-X7CAA
 
Tool Versions:
Toolchain:       MDK-ARM Professional  Version: 5.27.1.0
Toolchain Path:  D:\SW_Install\keil\ARM\ARMCC\Bin
C Compiler:      Armcc.exe V5.06 update 6 (build 750)
Assembler:       Armasm.exe V5.06 update 6 (build 750)
Linker/Locator:  ArmLink.exe V5.06 update 6 (build 750)
Library Manager: ArmAr.exe V5.06 update 6 (build 750)
Hex Converter:   FromElf.exe V5.06 update 6 (build 750)
CPU DLL:         SARMCM3.DLL V5.27.1.0
Dialog DLL:      DCM.DLL V1.17.2.0
Target DLL:      Segger\JL2CM3.dll V2.99.35.0
Dialog DLL:      TCM.DLL V1.36.1.0
 
<h2>Project:</h2>
D:\Work_Code\js_135.3\adv_scan\examples\ble_central_and_peripheral\experimental\ble_app_hrs_rscs_relay\pca10056\s140\arm5_no_packs\ble_app_hrs_rscs_relay_pca10056_s140.uvprojx
Project File Date:  11/26/2020

<h2>Output:</h2>
*** Using Compiler 'V5.06 update 6 (build 750)', folder: 'D:\SW_Install\keil\ARM\ARMCC\Bin'
Rebuild target 'nrf52840_xxaa'
compiling utf.c...
compiling auth_status_tracker.c...
compiling ble_advdata.c...
compiling ble_advertising.c...
compiling bsp.c...
compiling boards.c...
compiling bsp_btn_ble.c...
compiling main.c...
compiling ble_conn_params.c...
compiling ble_srv_common.c...
compiling ble_conn_state.c...
compiling gatts_cache_manager.c...
compiling ble_db_discovery.c...
compiling gatt_cache_manager.c...
compiling id_manager.c...
compiling nrf_ble_gatt.c...
compiling nrf_ble_gq.c...
compiling nrf_ble_qwr.c...
compiling peer_data_storage.c...
compiling nrf_ble_scan.c...
compiling peer_database.c...
compiling peer_id.c...
compiling pm_buffer.c...
compiling peer_manager.c...
compiling peer_manager_handler.c...
compiling ble_link_ctx_manager.c...
compiling ble_hrs.c...
compiling security_manager.c...
compiling security_dispatcher.c...
compiling ble_hrs_c.c...
compiling ble_rscs.c...
compiling ble_rscs_c.c...
compiling ble_nus.c...
compiling nrfx_atomic.c...
compiling nrf_drv_uart.c...
compiling nrf_drv_clock.c...
compiling nrfx_clock.c...
compiling nrfx_prs.c...
compiling nrfx_gpiote.c...
compiling nrfx_uart.c...
compiling app_error.c...
compiling app_error_handler_keil.c...
compiling nrfx_timer.c...
compiling nrfx_uarte.c...
compiling app_error_weak.c...
compiling app_button.c...
compiling app_scheduler.c...
compiling app_util_platform.c...
compiling app_timer2.c...
compiling hardfault_implementation.c...
compiling crc16.c...
compiling nrf_assert.c...
compiling fds.c...
compiling drv_rtc.c...
compiling nrf_atfifo.c...
compiling nrf_atflags.c...
compiling nrf_atomic.c...
compiling nrf_balloc.c...
compiling nrf_fprintf.c...
compiling nrf_fprintf_format.c...
compiling nrf_fstorage.c...
compiling nrf_fstorage_sd.c...
compiling nrf_memobj.c...
compiling nrf_section_iter.c...
compiling nrf_ringbuf.c...
compiling nrf_queue.c...
compiling nrf_sortlist.c...
compiling nrf_pwr_mgmt.c...
compiling nrf_strerror.c...
compiling app_fifo.c...
compiling nrf_log_backend_uart.c...
compiling nrf_log_backend_serial.c...
compiling nrf_log_default_backends.c...
compiling nrf_log_str_formatter.c...
compiling app_uart_fifo.c...
compiling nrf_log_frontend.c...
compiling nrf_log_backend_rtt.c...
compiling SEGGER_RTT.c...
compiling SEGGER_RTT_Syscalls_KEIL.c...
compiling SEGGER_RTT_printf.c...
compiling nrf_sdh_soc.c...
assembling arm_startup_nrf52833.s...
compiling nrf_sdh.c...
compiling nrf_sdh_ble.c...
compiling user_app.c...
compiling system_nrf52833.c...
compiling user_timer.c...
compiling user_adv.c...
compiling user_uart.c...
linking...
Program Size: Code=59408 RO-data=7396 RW-data=1156 ZI-data=14860  
FromELF: creating hex file...
".\_build\nrf52840_xxaa.axf" - 0 Error(s), 0 Warning(s).

<h2>Software Packages used:</h2>

Package Vendor: ARM
                http://www.keil.com/pack/ARM.CMSIS.5.6.0.pack
                ARM.CMSIS.5.6.0
                CMSIS (Cortex Microcontroller Software Interface Standard)
   * Component: CORE Version: 5.3.0

Package Vendor: NordicSemiconductor
                http://developer.nordicsemi.com/nRF5_SDK/pieces/nRF_DeviceFamilyPack/NordicSemiconductor.nRF_DeviceFamilyPack.8.35.0.pack
                NordicSemiconductor.nRF_DeviceFamilyPack.8.35.0
                Nordic Semiconductor nRF ARM devices Device Family Pack with BSD license.
   * Component: Startup Version: 8.35.0

<h2>Collection of Component include folders:</h2>
  .\RTE\_nrf52840_xxaa
  D:\SW_Install\keil\ARM\CMSIS\5.6.0\CMSIS\Core\Include
  D:\SW_Install\keil\NordicSemiconductor\nRF_DeviceFamilyPack\8.35.0\Device\Include

<h2>Collection of Component Files used:</h2>

   * Component: ARM::CMSIS:CORE:5.3.0

   * Component: NordicSemiconductor::Device:Startup:8.35.0
      Source file:   Device\Source\system_nrf52833.c
      Include file:  Device\Include\system_nrf.h
      Include file:  Device\Include\system_nrf52833.h
      Source file:   Device\Source\arm\arm_startup_nrf52833.s
Build Time Elapsed:  00:00:58
</pre>
</body>
</html>
