Component: ARM Compiler 5.06 update 6 (build 750) Tool: armlink [4d35ed]

==============================================================================

Section Cross References

    main.o(i.Ble_Disconnect) refers to main.o(.data) for m_conn_handle
    main.o(i.Change_MacAddr) refers to app_error_handler_keil.o(.emb_text) for app_error_handler
    main.o(i.Change_MacAddr) refers to nrf_log_frontend.o(i.nrf_log_frontend_std_0) for nrf_log_frontend_std_0
    main.o(i.Change_MacAddr) refers to nrf_log_frontend.o(i.nrf_log_frontend_std_6) for nrf_log_frontend_std_6
    main.o(i.Change_MacAddr) refers to nrf_log_frontend.o(log_const_data) for m_nrf_log_app_logs_data_const
    main.o(i.Get_Ble_Connect_Status) refers to main.o(.data) for con_sta
    main.o(i.Scan_Stop) refers to nrf_ble_scan.o(i.nrf_ble_scan_stop) for nrf_ble_scan_stop
    main.o(i.Scan_Stop) refers to user_adv.o(i.Scan_Status_Set) for Scan_Status_Set
    main.o(i.Set_Ble_Connect_Status) refers to main.o(.data) for con_sta
    main.o(i.UART_Evt_Handle) refers to app_uart_fifo.o(i.app_uart_get) for app_uart_get
    main.o(i.UART_Evt_Handle) refers to nrf_log_frontend.o(i.nrf_log_frontend_std_0) for nrf_log_frontend_std_0
    main.o(i.UART_Evt_Handle) refers to app_error_handler_keil.o(.emb_text) for app_error_handler
    main.o(i.UART_Evt_Handle) refers to user_timer.o(.data) for rx_status
    main.o(i.UART_Evt_Handle) refers to user_uart.o(.bss) for user_rx_buf
    main.o(i.UART_Evt_Handle) refers to user_uart.o(.data) for rx_inde
    main.o(i.UART_Evt_Handle) refers to nrf_log_frontend.o(log_const_data) for m_nrf_log_app_logs_data_const
    main.o(i.UART_Init) refers to memcpya.o(.text) for __aeabi_memcpy4
    main.o(i.UART_Init) refers to app_uart_fifo.o(i.app_uart_init) for app_uart_init
    main.o(i.UART_Init) refers to app_error_handler_keil.o(.emb_text) for app_error_handler
    main.o(i.UART_Init) refers to main.o(.constdata) for .constdata
    main.o(i.UART_Init) refers to main.o(.bss) for rx_buf
    main.o(i.UART_Init) refers to main.o(i.UART_Evt_Handle) for UART_Evt_Handle
    main.o(i.Uart_Data_Choose) refers to user_uart.o(i.Uart_Cmd) for Uart_Cmd
    main.o(i.Uart_Data_Choose) refers to nrf_log_frontend.o(i.nrf_log_frontend_std_0) for nrf_log_frontend_std_0
    main.o(i.Uart_Data_Choose) refers to user_uart.o(i.Uart_Data) for Uart_Data
    main.o(i.Uart_Data_Choose) refers to user_uart.o(i.Uart_Data_Transfer) for Uart_Data_Transfer
    main.o(i.Uart_Data_Choose) refers to main.o(i.advertising_stop) for advertising_stop
    main.o(i.Uart_Data_Choose) refers to main.o(i.adv_updata) for adv_updata
    main.o(i.Uart_Data_Choose) refers to main.o(i.advertising_init) for advertising_init
    main.o(i.Uart_Data_Choose) refers to main.o(i.advertising_start) for advertising_start
    main.o(i.Uart_Data_Choose) refers to ble_nus.o(i.ble_nus_data_send) for ble_nus_data_send
    main.o(i.Uart_Data_Choose) refers to app_error_handler_keil.o(.emb_text) for app_error_handler
    main.o(i.Uart_Data_Choose) refers to user_uart.o(.bss) for user_rx_buf
    main.o(i.Uart_Data_Choose) refers to user_timer.o(.data) for rx_status
    main.o(i.Uart_Data_Choose) refers to user_uart.o(.data) for rx_inde
    main.o(i.Uart_Data_Choose) refers to nrf_log_frontend.o(log_const_data) for m_nrf_log_app_logs_data_const
    main.o(i.Uart_Data_Choose) refers to main.o(.data) for m_conn_handle
    main.o(i.adv_updata) refers to user_adv.o(i.ADV_Data_Get) for ADV_Data_Get
    main.o(i.adv_updata) refers to memseta.o(.text) for __aeabi_memclr4
    main.o(i.adv_updata) refers to ble_advertising.o(i.ble_advertising_advdata_update) for ble_advertising_advdata_update
    main.o(i.adv_updata) refers to app_error_handler_keil.o(.emb_text) for app_error_handler
    main.o(i.adv_updata) refers to main.o(.data) for m_adv_uuids
    main.o(i.adv_updata) refers to main.o(.bss) for m_advertising
    main.o(i.advertising_init) refers to user_adv.o(i.ADV_Data_Get) for ADV_Data_Get
    main.o(i.advertising_init) refers to user_adv.o(i.ADV_Get_Param) for ADV_Get_Param
    main.o(i.advertising_init) refers to memseta.o(.text) for __aeabi_memclr4
    main.o(i.advertising_init) refers to ble_advertising.o(i.ble_advertising_init) for ble_advertising_init
    main.o(i.advertising_init) refers to app_error_handler_keil.o(.emb_text) for app_error_handler
    main.o(i.advertising_init) refers to ble_advertising.o(i.ble_advertising_conn_cfg_tag_set) for ble_advertising_conn_cfg_tag_set
    main.o(i.advertising_init) refers to main.o(.data) for m_adv_uuids
    main.o(i.advertising_init) refers to main.o(i.on_adv_evt) for on_adv_evt
    main.o(i.advertising_init) refers to main.o(.bss) for m_advertising
    main.o(i.advertising_start) refers to ble_advertising.o(i.ble_advertising_start) for ble_advertising_start
    main.o(i.advertising_start) refers to app_error_handler_keil.o(.emb_text) for app_error_handler
[...]
    sdh_stack_observers0$$Base               0x00032f58   Number         0  nrf_sdh_ble.o(sdh_stack_observers0)
    sdh_stack_observers0$$Limit              0x00032f68   Number         0  nrf_sdh_soc.o(sdh_stack_observers0)
    sdh_state_observers0$$Base               0x00032f68   Number         0  nrf_drv_clock.o(sdh_state_observers0)
    sdh_state_observers0$$Limit              0x00032f78   Number         0  nrf_fstorage_sd.o(sdh_state_observers0)
    Image$$RW_IRAM1$$Base                    0x200039d8   Number         0  anon$$obj.o ABSOLUTE
    nrf_drv_uart_use_easy_dma                0x20003a68   Data           2  nrf_drv_uart.o(.data)
    rx_status                                0x20003b70   Data           1  user_timer.o(.data)
    test_time                                0x20003b74   Data           4  user_timer.o(.data)
    rx_timeout                               0x20003b78   Data           1  user_timer.o(.data)
    send_str                                 0x20003b9c   Data          30  user_adv.o(.data)
    rx_inde                                  0x20003be8   Data           1  user_uart.o(.data)
    rx_cmd1                                  0x20003be9   Data          13  user_uart.o(.data)
    rx_cmd2                                  0x20003bf6   Data          16  user_uart.o(.data)
    rx_cmd3                                  0x20003c06   Data          12  user_uart.o(.data)
    rx_cmd4                                  0x20003c12   Data          13  user_uart.o(.data)
    rx_cmd5                                  0x20003c1f   Data          13  user_uart.o(.data)
    rx_cmd6                                  0x20003c2c   Data          12  user_uart.o(.data)
    rx_cmd7                                  0x20003c38   Data          12  user_uart.o(.data)
    rx_cmd8                                  0x20003c44   Data          15  user_uart.o(.data)
    rx_cmd9                                  0x20003c53   Data          15  user_uart.o(.data)
    rx_cmd10                                 0x20003c62   Data          17  user_uart.o(.data)
    rx_cmd11                                 0x20003c73   Data          17  user_uart.o(.data)
    rx_cmd12                                 0x20003c84   Data          19  user_uart.o(.data)
    rx_cmd13                                 0x20003c97   Data          19  user_uart.o(.data)
    rx_cmd14                                 0x20003caa   Data          11  user_uart.o(.data)
    rx_cmd15                                 0x20003cb5   Data          12  user_uart.o(.data)
    rx_cmd16                                 0x20003cc1   Data          12  user_uart.o(.data)
    rx_cmd17                                 0x20003ccd   Data          19  user_uart.o(.data)
    rx_cmd18                                 0x20003ce0   Data          19  user_uart.o(.data)
    rx_cmd19                                 0x20003cf3   Data          25  user_uart.o(.data)
    rx_cmd20                                 0x20003d0c   Data          25  user_uart.o(.data)
    rx_cmd21                                 0x20003d25   Data          15  user_uart.o(.data)
    rx_cmd22                                 0x20003d34   Data          16  user_uart.o(.data)
    rx_cmd23                                 0x20003d44   Data          22  user_uart.o(.data)
    rx_cmd24                                 0x20003d5a   Data          12  user_uart.o(.data)
    rx_cmd25                                 0x20003d66   Data          14  user_uart.o(.data)
    tx_cmd1                                  0x20003d74   Data           5  user_uart.o(.data)
    tx_cmd2                                  0x20003d79   Data          12  user_uart.o(.data)
    tx_cmd3                                  0x20003d85   Data          12  user_uart.o(.data)
    tx_cmd4                                  0x20003d91   Data          16  user_uart.o(.data)
    tx_cmd5                                  0x20003da1   Data          16  user_uart.o(.data)
    tx_cmd6                                  0x20003db1   Data          17  user_uart.o(.data)
    tx_cmd7                                  0x20003dc2   Data          15  user_uart.o(.data)
    tx_cmd8                                  0x20003dd1   Data          15  user_uart.o(.data)
    SystemCoreClock                          0x20003de0   Data           4  system_nrf52833.o(.data)
    fs_data$$Base                            0x20003de8   Number         0  fds.o(fs_data)
    m_fs                                     0x20003de8   Data          20  fds.o(fs_data)
    fs_data$$Limit                           0x20003dfc   Number         0  fds.o(fs_data)
    nrf_nvic_state                           0x200049f4   Data          12  app_util_platform.o(.bss)
    _SEGGER_RTT                              0x20005184   Data         120  segger_rtt.o(.bss)
    user_tx_buf                              0x20005464   Data          50  user_uart.o(.bss)
    user_rx_buf                              0x20005496   Data          50  user_uart.o(.bss)
    uart_data                                0x200054c8   Data          88  user_uart.o(.bss)
    __initial_sp                             0x20007520   Data           0  arm_startup_nrf52833.o(STACK)



==============================================================================

Memory Map of the image

  Image Entry point : 0x00027201

  Load Region LR_IROM1 (Base: 0x00027000, Size: 0x0000c39c, Max: 0x00059000, ABSOLUTE, COMPRESSED[0x0000c120])

    Execution Region ER_IROM1 (Exec base: 0x00027000, Load base: 0x00027000, Size: 0x0000bf78, Max: 0x00059000, ABSOLUTE)

    Exec Addr    Load Addr    Size         Type   Attr      Idx    E Section Name        Object

    0x00027000   0x00027000   0x00000200   Data   RO         7907    RESET               arm_startup_nrf52833.o
    0x00027200   0x00027200   0x00000000   Code   RO         9798  * .ARM.Collect$$$$00000000  mc_w.l(entry.o)
    0x00027200   0x00027200   0x00000004   Code   RO        10121    .ARM.Collect$$$$00000001  mc_w.l(entry2.o)
    0x00027204   0x00027204   0x00000004   Code   RO        10124    .ARM.Collect$$$$00000004  mc_w.l(entry5.o)
    0x00027208   0x00027208   0x00000000   Code   RO        10126    .ARM.Collect$$$$00000008  mc_w.l(entry7b.o)
    0x00027208   0x00027208   0x00000000   Code   RO        10128    .ARM.Collect$$$$0000000A  mc_w.l(entry8b.o)
    0x00027208   0x00027208   0x00000008   Code   RO        10129    .ARM.Collect$$$$0000000B  mc_w.l(entry9a.o)
    0x00027210   0x00027210   0x00000000   Code   RO        10131    .ARM.Collect$$$$0000000D  mc_w.l(entry10a.o)
    0x00027210   0x00027210   0x00000000   Code   RO        10133    .ARM.Collect$$$$0000000F  mc_w.l(entry11a.o)
    0x00027210   0x00027210   0x00000004   Code   RO        10122    .ARM.Collect$$$$00002712  mc_w.l(entry2.o)
    0x00027214   0x00027214   0x0000001a   Code   RO         4236    .emb_text           app_error_handler_keil.o
    0x0002722e   0x0002722e   0x00000002   PAD
    0x00027230   0x00027230   0x000000c8   Code   RO         5313    .emb_text           nrf_atfifo.o
    0x000272f8   0x000272f8   0x000000e2   Code   RO         5452    .emb_text           nrf_atomic.o
    0x000273da   0x000273da   0x00000002   PAD
    0x000273dc   0x000273dc   0x00000024   Code   RO         7908    .text               arm_startup_nrf52833.o
    0x00027400   0x00027400   0x00000020   Code   RO         9810    .text               mc_w.l(llushr.o)
    0x00027420   0x00027420   0x00000008   Code   RO         9812    .text               mc_w.l(ctype_o.o)
    0x00027428   0x00027428   0x00000024   Code   RO         9840    .text               mc_w.l(memcpya.o)
    0x0002744c   0x0002744c   0x00000024   Code   RO         9842    .text               mc_w.l(memseta.o)
    0x00027470   0x00027470   0x00000018   Code   RO         9844    .text               mc_w.l(strcat.o)
    0x00027488   0x00027488   0x0000000e   Code   RO         9846    .text               mc_w.l(strlen.o)
    0x00027496   0x00027496   0x0000001c   Code   RO         9848    .text               mc_w.l(strcmp.o)
    0x000274b2   0x000274b2   0x0000001a   Code   RO         9850    .text               mc_w.l(memcmp.o)
    0x000274cc   0x000274cc   0x00000012   Code   RO         9852    .text               mc_w.l(strcpy.o)
    0x000274de   0x000274de   0x0000001e   Code   RO         9854    .text               mc_w.l(strncmp.o)
    0x000274fc   0x000274fc   0x0000001a   Code   RO        10119    .text               mc_w.l(atoi.o)
    0x00027516   0x00027516   0x0000002c   Code   RO        10136    .text               mc_w.l(uidiv.o)
    0x00027542   0x00027542   0x00000070   Code   RO        10145    .text               mc_w.l(strtol.o)
    0x000275b2   0x000275b2   0x00000002   PAD
    0x000275b4   0x000275b4   0x00000024   Code   RO        10159    .text               mc_w.l(init.o)
    0x000275d8   0x000275d8   0x0000009e   Code   RO        10163    .text               mc_w.l(_strtoul.o)
    0x00027676   0x00027676   0x0000001c   Code   RO        10167    .text               mc_w.l(_chval.o)
    0x00027692   0x00027692   0x00000056   Code   RO        10177    .text               mc_w.l(__dczerorl2.o)
    0x000276e8   0x000276e8   0x0000003c   Code   RO         7676    i.ADV_Data_Get      user_adv.o
    0x00027724   0x00027724   0x0000001c   Code   RO         7677    i.ADV_Data_Init     user_adv.o
    0x00027740   0x00027740   0x00000044   Code   RO         7678    i.ADV_Data_Set      user_adv.o
    0x00027784   0x00027784   0x00000078   Code   RO         7679    i.ADV_Get_Delay     user_adv.o
    0x000277fc   0x000277fc   0x00000064   Code   RO         7680    i.ADV_Get_Interval  user_adv.o
    0x00027860   0x00027860   0x0000004c   Code   RO         7681    i.ADV_Get_Name      user_adv.o
    0x000278ac   0x000278ac   0x0000002c   Code   RO         7682    i.ADV_Get_Param     user_adv.o
    0x000278d8   0x000278d8   0x00000070   Code   RO         7683    i.ADV_Get_Timeout   user_adv.o
    0x00027948   0x00027948   0x00000070   Code   RO         7684    i.ADV_Get_TxPwr     user_adv.o
    0x000279b8   0x000279b8   0x00000038   Code   RO         7685    i.ADV_Param_Init    user_adv.o
    0x000279f0   0x000279f0   0x0000007c   Code   RO         7686    i.ADV_Set_Delay     user_adv.o
    0x00027a6c   0x00027a6c   0x00000070   Code   RO         7687    i.ADV_Set_Interval  user_adv.o
    0x00027adc   0x00027adc   0x00000074   Code   RO         7688    i.ADV_Set_Name      user_adv.o
    0x00027b50   0x00027b50   0x00000074   Code   RO         7690    i.ADV_Set_Timeout   user_adv.o
    0x00027bc4   0x00027bc4   0x000000c8   Code   RO         7691    i.ADV_Set_TxPwr     user_adv.o
    0x00027c8c   0x00027c8c   0x0000000c   Code   RO         7692    i.ADV_Status_Get    user_adv.o
    0x00027c98   0x00027c98   0x0000000c   Code   RO         7693    i.ADV_Status_Set    user_adv.o
    0x00027ca4   0x00027ca4   0x00000060   Code   RO         7694    i.ADV_Store_Name    user_adv.o
    0x00027d04   0x00027d04   0x0000003c   Code   RO         7695    i.ADV_Update_Data   user_adv.o
    0x00027d40   0x00027d40   0x00000010   Code   RO         7582    i.APP_Data_Init     user_app.o
    0x00027d50   0x00027d50   0x000000c4   Code   RO         7583    i.APP_Data_Receice  user_app.o
    0x00027e14   0x00027e14   0x00000014   Code   RO         7584    i.APP_Data_Set      user_app.o
    0x00027e28   0x00027e28   0x00000010   Code   RO            4    i.Ble_Disconnect    main.o
    0x00027e38   0x00027e38   0x000000c0   Code   RO         3000    i.GPIOTE_IRQHandler  nrfx_gpiote.o
    0x00027ef8   0x00027ef8   0x0000000c   Code   RO            6    i.Get_Ble_Connect_Status  main.o
    0x00027f04   0x00027f04   0x00000054   Code   RO         2837    i.POWER_CLOCK_IRQHandler  nrfx_clock.o
    0x00027f58   0x00027f58   0x00000018   Code   RO         4606    i.RTC1_IRQHandler   drv_rtc.o
    0x00027f70   0x00027f70   0x00000008   Code   RO         7008    i.SEGGER_RTT_Init   segger_rtt.o
    0x00027f78   0x00027f78   0x00000084   Code   RO         7022    i.SEGGER_RTT_WriteNoLock  segger_rtt.o
    0x00027ffc   0x00027ffc   0x00000008   Code   RO         7357    i.SWI2_EGU2_IRQHandler  nrf_sdh.o
    0x00028004   0x00028004   0x0000000c   Code   RO         7696    i.Scan_Status_Get   user_adv.o
    0x00028010   0x00028010   0x0000000c   Code   RO         7697    i.Scan_Status_Set   user_adv.o
    0x0002801c   0x0002801c   0x0000000e   Code   RO            7    i.Scan_Stop         main.o
    0x0002802a   0x0002802a   0x00000002   PAD
    0x0002802c   0x0002802c   0x0000000c   Code   RO            8    i.Set_Ble_Connect_Status  main.o
    0x00028038   0x00028038   0x00000010   Code   RO         7915    i.SystemCoreClockUpdate  system_nrf52833.o
    0x00028048   0x00028048   0x000001dc   Code   RO         7916    i.SystemInit        system_nrf52833.o
    0x00028224   0x00028224   0x00000018   Code   RO         3906    i.TIMER0_IRQHandler  nrfx_timer.o
    0x0002823c   0x0002823c   0x00000018   Code   RO         3907    i.TIMER1_IRQHandler  nrfx_timer.o
    0x00028254   0x00028254   0x00000018   Code   RO         3908    i.TIMER2_IRQHandler  nrfx_timer.o
    0x0002826c   0x0002826c   0x00000018   Code   RO         3909    i.TIMER3_IRQHandler  nrfx_timer.o
    0x00028284   0x00028284   0x00000018   Code   RO         3910    i.TIMER4_IRQHandler  nrfx_timer.o
    0x0002829c   0x0002829c   0x00000010   Code   RO         3375    i.UARTE0_UART0_IRQHandler  nrfx_prs.o
    0x000282ac   0x000282ac   0x0000013c   Code   RO            9    i.UART_Evt_Handle   main.o
    0x000283e8   0x000283e8   0x00000070   Code   RO           10    i.UART_Init         main.o
    0x00028458   0x00028458   0x0000001a   Code   RO         7830    i.UART_Send_String  user_uart.o
    0x00028472   0x00028472   0x00000002   PAD
    0x00028474   0x00028474   0x00000020   Code   RO         7831    i.Uart_Clean_Block  user_uart.o
    0x00028494   0x00028494   0x0000048c   Code   RO         7832    i.Uart_Cmd          user_uart.o
    0x00028920   0x00028920   0x000000f8   Code   RO         7833    i.Uart_Data         user_uart.o
    0x00028a18   0x00028a18   0x000000f0   Code   RO           11    i.Uart_Data_Choose  main.o
    0x00028b08   0x00028b08   0x00000054   Code   RO         7834    i.Uart_Data_Init    user_uart.o
    0x00028b5c   0x00028b5c   0x00000074   Code   RO         7835    i.Uart_Data_Transfer  user_uart.o
    0x00028bd0   0x00028bd0   0x00000090   Code   RO         7625    i.User_Timer_Delay_event_handler  user_timer.o
    0x00028c60   0x00028c60   0x00000128   Code   RO         7626    i.User_Timer_Init   user_timer.o
    0x00028d88   0x00028d88   0x00000070   Code   RO         7026    i._DoInit           segger_rtt.o
    0x00028df8   0x00028df8   0x0000001c   Code   RO         7027    i._GetAvailWriteSpace  segger_rtt.o
    0x00028e14   0x00028e14   0x00000072   Code   RO         7029    i._WriteBlocking    segger_rtt.o
    0x00028e86   0x00028e86   0x0000004c   Code   RO         7030    i._WriteNoCheck     segger_rtt.o
    0x00028ed2   0x00028ed2   0x00000002   PAD
    0x00028ed4   0x00028ed4   0x00000028   Code   RO         9905    i.__0sprintf$1      mc_w.l(printf1.o)
    0x00028efc   0x00028efc   0x00000008   Code   RO        10138    i.__aeabi_errno_addr  mc_w.l(errno.o)
    0x00028f04   0x00028f04   0x0000000e   Code   RO        10171    i.__scatterload_copy  mc_w.l(handlers.o)
    0x00028f12   0x00028f12   0x00000002   Code   RO        10172    i.__scatterload_null  mc_w.l(handlers.o)
    0x00028f14   0x00028f14   0x0000000e   Code   RO        10173    i.__scatterload_zeroinit  mc_w.l(handlers.o)
    0x00028f22   0x00028f22   0x00000002   PAD
    0x00028f24   0x00028f24   0x00000038   Code   RO         7358    i.__sd_nvic_app_accessible_irq  nrf_sdh.o
    0x00028f5c   0x00028f5c   0x0000000c   Code   RO         4501    i.__sd_nvic_irq_disable  app_util_platform.o
    0x00028f68   0x00028f68   0x00000154   Code   RO         9910    i._printf_core      mc_w.l(printf1.o)
    0x000290bc   0x000290bc   0x0000000a   Code   RO         9912    i._sputc            mc_w.l(printf1.o)
    0x000290c6   0x000290c6   0x00000010   Code   RO         5722    i.addr_is_aligned32  nrf_fstorage.o
    0x000290d6   0x000290d6   0x00000014   Code   RO         5723    i.addr_is_page_aligned  nrf_fstorage.o
    0x000290ea   0x000290ea   0x00000018   Code   RO         1105    i.addr_is_valid     ble_advertising.o
    0x00029102   0x00029102   0x0000001c   Code   RO         5724    i.addr_is_within_bounds  nrf_fstorage.o
    0x0002911e   0x0002911e   0x00000002   PAD
    0x00029120   0x00029120   0x0000002c   Code   RO         4825    i.address_is_valid  fds.o
    0x0002914c   0x0002914c   0x00000058   Code   RO         1106    i.adv_mode_next_avail_get  ble_advertising.o
    0x000291a4   0x000291a4   0x00000012   Code   RO         1107    i.adv_mode_next_get  ble_advertising.o
    0x000291b6   0x000291b6   0x00000036   Code   RO         2106    i.adv_name_compare  nrf_ble_scan.o
    0x000291ec   0x000291ec   0x00000012   Code   RO         1108    i.adv_set_data_size_max_get  ble_advertising.o
    0x000291fe   0x000291fe   0x00000002   PAD
    0x00029200   0x00029200   0x00000090   Code   RO           12    i.adv_updata        main.o
    0x00029290   0x00029290   0x00000062   Code   RO         2107    i.adv_uuid_compare  nrf_ble_scan.o
    0x000292f2   0x000292f2   0x00000054   Code   RO          835    i.advertising_buttons_configure  bsp_btn_ble.o
    0x00029346   0x00029346   0x00000002   PAD
    0x00029348   0x00029348   0x000000b4   Code   RO           13    i.advertising_init  main.o
    0x000293fc   0x000293fc   0x00000040   Code   RO           14    i.advertising_start  main.o
    0x0002943c   0x0002943c   0x00000040   Code   RO           15    i.advertising_stop  main.o
    0x0002947c   0x0002947c   0x000001c8   Code   RO         4258    i.app_error_fault_handler  app_error_weak.o
    0x00029644   0x00029644   0x00000088   Code   RO         4203    i.app_error_save_and_stop  app_error.o
    0x000296cc   0x000296cc   0x0000001e   Code   RO         6417    i.app_fifo_get      app_fifo.o
    0x000296ea   0x000296ea   0x00000024   Code   RO         6418    i.app_fifo_init     app_fifo.o
    0x0002970e   0x0002970e   0x00000022   Code   RO         6420    i.app_fifo_put      app_fifo.o
    0x00029730   0x00029730   0x00000010   Code   RO         4345    i.app_timer_cnt_get  app_timer2.o
    0x00029740   0x00029740   0x00000020   Code   RO         4346    i.app_timer_create  app_timer2.o
    0x00029760   0x00029760   0x0000006c   Code   RO         4347    i.app_timer_init    app_timer2.o
    0x000297cc   0x000297cc   0x00000036   Code   RO         4350    i.app_timer_start   app_timer2.o
    0x00029802   0x00029802   0x00000014   Code   RO         4351    i.app_timer_stop    app_timer2.o
    0x00029816   0x00029816   0x00000002   PAD
    0x00029818   0x00029818   0x00000098   Code   RO         6501    i.app_uart_get      app_uart_fifo.o
    0x000298b0   0x000298b0   0x000000dc   Code   RO         6502    i.app_uart_init     app_uart_fifo.o
    0x0002998c   0x0002998c   0x0000006c   Code   RO         6503    i.app_uart_put      app_uart_fifo.o
    0x000299f8   0x000299f8   0x0000000c   Code   RO         4502    i.app_util_critical_region_enter  app_util_platform.o
    0x00029a04   0x00029a04   0x00000048   Code   RO         4503    i.app_util_critical_region_exit  app_util_platform.o
    0x00029a4c   0x00029a4c   0x00000052   Code   RO          978    i.appearance_encode  ble_advdata.o
    0x00029a9e   0x00029a9e   0x0000007c   Code   RO         3429    i.apply_config      nrfx_uart.o
    0x00029b1a   0x00029b1a   0x0000007c   Code   RO         3679    i.apply_config      nrfx_uarte.o
    0x00029b96   0x00029b96   0x00000002   PAD
    0x00029b98   0x00029b98   0x0000003c   Code   RO         6740    i.backend_id_assign  nrf_log_frontend.o
    0x00029bd4   0x00029bd4   0x0000006c   Code   RO         2313    i.blcm_link_ctx_get  ble_link_ctx_manager.o
    0x00029c40   0x00029c40   0x0000016c   Code   RO          980    i.ble_advdata_encode  ble_advdata.o
    0x00029dac   0x00029dac   0x0000004e   Code   RO          981    i.ble_advdata_name_find  ble_advdata.o
    0x00029dfa   0x00029dfa   0x00000028   Code   RO          982    i.ble_advdata_parse  ble_advdata.o
    0x00029e22   0x00029e22   0x0000005c   Code   RO          983    i.ble_advdata_search  ble_advdata.o
    0x00029e7e   0x00029e7e   0x000000d0   Code   RO          985    i.ble_advdata_uuid_find  ble_advdata.o
    0x00029f4e   0x00029f4e   0x000000c6   Code   RO         1109    i.ble_advertising_advdata_update  ble_advertising.o
    0x0002a014   0x0002a014   0x00000006   Code   RO         1110    i.ble_advertising_conn_cfg_tag_set  ble_advertising.o
    0x0002a01a   0x0002a01a   0x00000108   Code   RO         1111    i.ble_advertising_init  ble_advertising.o
    0x0002a122   0x0002a122   0x0000003c   Code   RO         1113    i.ble_advertising_on_ble_evt  ble_advertising.o
    0x0002a15e   0x0002a15e   0x00000174   Code   RO         1116    i.ble_advertising_start  ble_advertising.o
    0x0002a2d2   0x0002a2d2   0x00000002   PAD
    0x0002a2d4   0x0002a2d4   0x0000009c   Code   RO         1261    i.ble_conn_params_init  ble_conn_params.o
    0x0002a370   0x0002a370   0x00000014   Code   RO         1368    i.ble_conn_state_conn_idx  ble_conn_state.o
    0x0002a384   0x0002a384   0x0000001c   Code   RO         1382    i.ble_conn_state_valid  ble_conn_state.o
    0x0002a3a0   0x0002a3a0   0x00000076   Code   RO          986    i.ble_device_addr_encode  ble_advdata.o
    0x0002a416   0x0002a416   0x00000002   PAD
    0x0002a418   0x0002a418   0x00000188   Code   RO           17    i.ble_evt_handler   main.o
    0x0002a5a0   0x0002a5a0   0x00000078   Code   RO          836    i.ble_evt_handler   bsp_btn_ble.o
    0x0002a618   0x0002a618   0x00000040   Code   RO         1263    i.ble_evt_handler   ble_conn_params.o
    0x0002a658   0x0002a658   0x000000f8   Code   RO         1383    i.ble_evt_handler   ble_conn_state.o
    0x0002a750   0x0002a750   0x0000007a   Code   RO         2409    i.ble_nus_data_send  ble_nus.o
    0x0002a7ca   0x0002a7ca   0x00000002   PAD
    0x0002a7cc   0x0002a7cc   0x00000108   Code   RO         2410    i.ble_nus_init      ble_nus.o
    0x0002a8d4   0x0002a8d4   0x00000044   Code   RO         2411    i.ble_nus_on_ble_evt  ble_nus.o
    0x0002a918   0x0002a918   0x00000012   Code   RO         1714    i.ble_srv_is_notification_enabled  ble_srv_common.o
    0x0002a92a   0x0002a92a   0x00000002   PAD
    0x0002a92c   0x0002a92c   0x00000078   Code   RO           18    i.ble_stack_init    main.o
    0x0002a9a4   0x0002a9a4   0x0000005c   Code   RO          726    i.bsp_event_to_button_action_assign  bsp.o
    0x0002aa00   0x0002aa00   0x000000e8   Code   RO         6741    i.buf_prealloc      nrf_log_frontend.o
    0x0002aae8   0x0002aae8   0x0000002c   Code   RO         5677    i.buffer_add        nrf_fprintf_format.o
    0x0002ab14   0x0002ab14   0x00000018   Code   RO         6742    i.buffer_is_empty   nrf_log_frontend.o
    0x0002ab2c   0x0002ab2c   0x00000010   Code   RO         3002    i.channel_handler_get  nrfx_gpiote.o
    0x0002ab3c   0x0002ab3c   0x0000000c   Code   RO         3004    i.channel_port_get  nrfx_gpiote.o
    0x0002ab48   0x0002ab48   0x000001c8   Code   RO         1716    i.characteristic_add  ble_srv_common.o
    0x0002ad10   0x0002ad10   0x00000030   Code   RO         2472    i.clock_clk_started_notify  nrf_drv_clock.o
    0x0002ad40   0x0002ad40   0x00000028   Code   RO         2473    i.clock_irq_handler  nrf_drv_clock.o
    0x0002ad68   0x0002ad68   0x00000026   Code   RO         4353    i.compare_func      app_timer2.o
    0x0002ad8e   0x0002ad8e   0x00000018   Code   RO         1118    i.config_is_valid   ble_advertising.o
    0x0002ada6   0x0002ada6   0x00000020   Code   RO         1959    i.conn_handle_id_find  nrf_ble_gq.o
    0x0002adc6   0x0002adc6   0x0000003c   Code   RO         1384    i.conn_handle_list_get  ble_conn_state.o
    0x0002ae02   0x0002ae02   0x0000005a   Code   RO          987    i.conn_int_check    ble_advdata.o
    0x0002ae5c   0x0002ae5c   0x00000068   Code   RO          988    i.conn_int_encode   ble_advdata.o
    0x0002aec4   0x0002aec4   0x00000024   Code   RO           19    i.conn_params_error_handler  main.o
    0x0002aee8   0x0002aee8   0x00000070   Code   RO           20    i.conn_params_init  main.o
    0x0002af58   0x0002af58   0x00000054   Code   RO         1264    i.conn_params_negotiation  ble_conn_params.o
    0x0002afac   0x0002afac   0x00000054   Code   RO          839    i.connection_buttons_configure  bsp_btn_ble.o
    0x0002b000   0x0002b000   0x000000e8   Code   RO         1837    i.data_length_update  nrf_ble_gatt.o
    0x0002b0e8   0x0002b0e8   0x00000052   Code   RO         4826    i.delete_execute    fds.o
    0x0002b13a   0x0002b13a   0x00000002   PAD
    0x0002b13c   0x0002b13c   0x00000018   Code   RO         6743    i.dropped_sat16_get  nrf_log_frontend.o
    0x0002b154   0x0002b154   0x00000016   Code   RO         4607    i.drv_rtc_compare_disable  drv_rtc.o
    0x0002b16a   0x0002b16a   0x0000001a   Code   RO         4610    i.drv_rtc_compare_pending  drv_rtc.o
    0x0002b184   0x0002b184   0x0000005c   Code   RO         4611    i.drv_rtc_compare_set  drv_rtc.o
    0x0002b1e0   0x0002b1e0   0x0000000c   Code   RO         4612    i.drv_rtc_counter_get  drv_rtc.o
    0x0002b1ec   0x0002b1ec   0x00000128   Code   RO         4613    i.drv_rtc_init      drv_rtc.o
    0x0002b314   0x0002b314   0x00000024   Code   RO         4614    i.drv_rtc_irq_trigger  drv_rtc.o
    0x0002b338   0x0002b338   0x00000012   Code   RO         4616    i.drv_rtc_overflow_enable  drv_rtc.o
    0x0002b34a   0x0002b34a   0x00000010   Code   RO         4617    i.drv_rtc_overflow_pending  drv_rtc.o
    0x0002b35a   0x0002b35a   0x0000000e   Code   RO         4618    i.drv_rtc_start     drv_rtc.o
    0x0002b368   0x0002b368   0x0000000e   Code   RO         4619    i.drv_rtc_stop      drv_rtc.o
    0x0002b376   0x0002b376   0x000000fc   Code   RO         4624    i.drv_rtc_windowed_compare_set  drv_rtc.o
    0x0002b472   0x0002b472   0x00000002   PAD
    0x0002b474   0x0002b474   0x00000058   Code   RO         5814    i.erase             nrf_fstorage_sd.o
    0x0002b4cc   0x0002b4cc   0x0000000e   Code   RO         5815    i.erase_execute     nrf_fstorage_sd.o
    0x0002b4da   0x0002b4da   0x0000007e   Code   RO         4827    i.event_prepare     fds.o
    0x0002b558   0x0002b558   0x00000028   Code   RO         4828    i.event_send        fds.o
    0x0002b580   0x0002b580   0x00000068   Code   RO         5816    i.event_send        nrf_fstorage_sd.o
    0x0002b5e8   0x0002b5e8   0x00000018   Code   RO         4625    i.evt_disable       drv_rtc.o
    0x0002b600   0x0002b600   0x0000001c   Code   RO         4626    i.evt_enable        drv_rtc.o
    0x0002b61c   0x0002b61c   0x0000001c   Code   RO         4627    i.evt_pending       drv_rtc.o
    0x0002b638   0x0002b638   0x00000018   Code   RO         6423    i.fifo_get          app_fifo.o
    0x0002b650   0x0002b650   0x0000000a   Code   RO         6424    i.fifo_length       app_fifo.o
    0x0002b65a   0x0002b65a   0x0000000a   Code   RO         6504    i.fifo_length       app_uart_fifo.o
    0x0002b664   0x0002b664   0x00000012   Code   RO         6425    i.fifo_peek         app_fifo.o
    0x0002b676   0x0002b676   0x00000012   Code   RO         6426    i.fifo_put          app_fifo.o
    0x0002b688   0x0002b688   0x00000034   Code   RO         4848    i.file_find_and_delete  fds.o
    0x0002b6bc   0x0002b6bc   0x0000001e   Code   RO         1385    i.flag_toggle       ble_conn_state.o
    0x0002b6da   0x0002b6da   0x00000036   Code   RO          989    i.flags_encode      ble_advdata.o
    0x0002b710   0x0002b710   0x0000002c   Code   RO         1119    i.flags_set         ble_advertising.o
    0x0002b73c   0x0002b73c   0x0000000c   Code   RO         4852    i.fs_event_handler  fds.o
    0x0002b748   0x0002b748   0x000000ac   Code   RO           21    i.gap_params_init   main.o
    0x0002b7f4   0x0002b7f4   0x0000003c   Code   RO           22    i.gatt_init         main.o
    0x0002b830   0x0002b830   0x00000036   Code   RO         1961    i.gattc_write_alloc  nrf_ble_gq.o
    0x0002b866   0x0002b866   0x0000004a   Code   RO         1962    i.gatts_hvx_alloc   nrf_ble_gq.o
    0x0002b8b0   0x0002b8b0   0x00000074   Code   RO         4853    i.gc_execute        fds.o
    0x0002b924   0x0002b924   0x00000040   Code   RO         4854    i.gc_init           fds.o
    0x0002b964   0x0002b964   0x00000028   Code   RO         4855    i.gc_next_page      fds.o
    0x0002b98c   0x0002b98c   0x0000004c   Code   RO         4856    i.gc_page_erase     fds.o
    0x0002b9d8   0x0002b9d8   0x00000050   Code   RO         4857    i.gc_page_next      fds.o
    0x0002ba28   0x0002ba28   0x00000040   Code   RO         4858    i.gc_record_copy    fds.o
    0x0002ba68   0x0002ba68   0x00000024   Code   RO         4859    i.gc_record_find_next  fds.o
    0x0002ba8c   0x0002ba8c   0x00000058   Code   RO         4860    i.gc_state_advance  fds.o
    0x0002bae4   0x0002bae4   0x0000002c   Code   RO         4861    i.gc_swap_erase     fds.o
    0x0002bb10   0x0002bb10   0x00000060   Code   RO         4862    i.gc_swap_pages     fds.o
    0x0002bb70   0x0002bb70   0x00000024   Code   RO         4863    i.gc_swap_promote   fds.o
    0x0002bb94   0x0002bb94   0x00000018   Code   RO         4864    i.gc_tag_new_swap   fds.o
    0x0002bbac   0x0002bbac   0x00000020   Code   RO         4865    i.gc_update_swap_offset  fds.o
    0x0002bbcc   0x0002bbcc   0x0000003c   Code   RO         4354    i.get_now           app_timer2.o
    0x0002bc08   0x0002bc08   0x00000030   Code   RO         4866    i.header_check      fds.o
    0x0002bc38   0x0002bc38   0x00000016   Code   RO         4867    i.header_has_next   fds.o
    0x0002bc4e   0x0002bc4e   0x0000000e   Code   RO         4868    i.header_jump       fds.o
    0x0002bc5c   0x0002bc5c   0x0000000e   Code   RO           23    i.idle_state_handle  main.o
    0x0002bc6a   0x0002bc6a   0x00000002   PAD
    0x0002bc6c   0x0002bc6c   0x0000003c   Code   RO         5817    i.init              nrf_fstorage_sd.o
    0x0002bca8   0x0002bca8   0x00000134   Code   RO         4869    i.init_execute      fds.o
    0x0002bddc   0x0002bddc   0x0000002c   Code   RO         1265    i.instance_get      ble_conn_params.o
    0x0002be08   0x0002be08   0x000000be   Code   RO         5678    i.int_print         nrf_fprintf_format.o
    0x0002bec6   0x0002bec6   0x00000002   PAD
    0x0002bec8   0x0002bec8   0x00000094   Code   RO         3431    i.interrupts_enable  nrfx_uart.o
    0x0002bf5c   0x0002bf5c   0x000000b4   Code   RO         3681    i.interrupts_enable  nrfx_uarte.o
    0x0002c010   0x0002c010   0x00000046   Code   RO         6745    i.invalid_packets_omit  nrf_log_frontend.o
    0x0002c056   0x0002c056   0x0000005c   Code   RO         3911    i.irq_handler       nrfx_timer.o
    0x0002c0b2   0x0002c0b2   0x00000002   PAD
    0x0002c0b4   0x0002c0b4   0x00000014   Code   RO         5818    i.is_busy           nrf_fstorage_sd.o
    0x0002c0c8   0x0002c0c8   0x00000072   Code   RO         1266    i.is_conn_params_ok  ble_conn_params.o
    0x0002c13a   0x0002c13a   0x00000022   Code   RO         2108    i.is_whitelist_used  nrf_ble_scan.o
    0x0002c15c   0x0002c15c   0x00000010   Code   RO         4870    i.is_word_aligned   fds.o
    0x0002c16c   0x0002c16c   0x0000000c   Code   RO         2476    i.item_dequeue      nrf_drv_clock.o
    0x0002c178   0x0002c178   0x00000026   Code   RO         3005    i.latch_pending_read_and_check  nrfx_gpiote.o
    0x0002c19e   0x0002c19e   0x00000002   PAD
    0x0002c1a0   0x0002c1a0   0x00000018   Code   RO         2478    i.lfclk_stop        nrf_drv_clock.o
    0x0002c1b8   0x0002c1b8   0x00000018   Code   RO         1838    i.link_init         nrf_ble_gatt.o
    0x0002c1d0   0x0002c1d0   0x0000003c   Code   RO           24    i.log_init          main.o
    0x0002c20c   0x0002c20c   0x000000cc   Code   RO         6746    i.log_skip          nrf_log_frontend.o
    0x0002c2d8   0x0002c2d8   0x00000074   Code   RO           25    i.main              main.o
    0x0002c34c   0x0002c34c   0x00000076   Code   RO          990    i.manuf_specific_data_encode  ble_advdata.o
    0x0002c3c2   0x0002c3c2   0x000000ca   Code   RO         5949    i.memobj_op         nrf_memobj.o
    0x0002c48c   0x0002c48c   0x00000038   Code   RO         6747    i.module_idx_get    nrf_log_frontend.o
    0x0002c4c4   0x0002c4c4   0x000000c8   Code   RO          991    i.name_encode       ble_advdata.o
    0x0002c58c   0x0002c58c   0x00000054   Code   RO         8026    i.nrf52_errata_136  system_nrf52833.o
    0x0002c5e0   0x0002c5e0   0x00000054   Code   RO         8121    i.nrf52_errata_36   system_nrf52833.o
    0x0002c634   0x0002c634   0x00000054   Code   RO         8144    i.nrf52_errata_66   system_nrf52833.o
    0x0002c688   0x0002c688   0x00000016   Code   RO         5315    i.nrf_atfifo_clear  nrf_atfifo.o
    0x0002c69e   0x0002c69e   0x00000028   Code   RO         5317    i.nrf_atfifo_init   nrf_atfifo.o
    0x0002c6c6   0x0002c6c6   0x0000001c   Code   RO         5318    i.nrf_atfifo_item_alloc  nrf_atfifo.o
    0x0002c6e2   0x0002c6e2   0x0000001c   Code   RO         5319    i.nrf_atfifo_item_free  nrf_atfifo.o
    0x0002c6fe   0x0002c6fe   0x0000001c   Code   RO         5320    i.nrf_atfifo_item_get  nrf_atfifo.o
    0x0002c71a   0x0002c71a   0x0000001c   Code   RO         5321    i.nrf_atfifo_item_put  nrf_atfifo.o
    0x0002c736   0x0002c736   0x0000001e   Code   RO         5386    i.nrf_atflags_clear  nrf_atflags.o
    0x0002c754   0x0002c754   0x0000001e   Code   RO         5391    i.nrf_atflags_get   nrf_atflags.o
    0x0002c772   0x0002c772   0x0000001e   Code   RO         5393    i.nrf_atflags_set   nrf_atflags.o
    0x0002c790   0x0002c790   0x0000000e   Code   RO         5454    i.nrf_atomic_flag_clear_fetch  nrf_atomic.o
    0x0002c79e   0x0002c79e   0x0000000e   Code   RO         5455    i.nrf_atomic_flag_set  nrf_atomic.o
    0x0002c7ac   0x0002c7ac   0x0000000e   Code   RO         5456    i.nrf_atomic_flag_set_fetch  nrf_atomic.o
    0x0002c7ba   0x0002c7ba   0x00000016   Code   RO         5457    i.nrf_atomic_u32_add  nrf_atomic.o
    0x0002c7d0   0x0002c7d0   0x00000016   Code   RO         5458    i.nrf_atomic_u32_and  nrf_atomic.o
    0x0002c7e6   0x0002c7e6   0x00000016   Code   RO         5461    i.nrf_atomic_u32_fetch_and  nrf_atomic.o
    0x0002c7fc   0x0002c7fc   0x00000016   Code   RO         5462    i.nrf_atomic_u32_fetch_or  nrf_atomic.o
    0x0002c812   0x0002c812   0x00000016   Code   RO         5463    i.nrf_atomic_u32_fetch_store  nrf_atomic.o
    0x0002c828   0x0002c828   0x00000016   Code   RO         5467    i.nrf_atomic_u32_or  nrf_atomic.o
    0x0002c83e   0x0002c83e   0x00000016   Code   RO         5469    i.nrf_atomic_u32_sub  nrf_atomic.o
    0x0002c854   0x0002c854   0x00000052   Code   RO         5591    i.nrf_balloc_alloc  nrf_balloc.o
    0x0002c8a6   0x0002c8a6   0x00000010   Code   RO         5592    i.nrf_balloc_block2idx  nrf_balloc.o
    0x0002c8b6   0x0002c8b6   0x00000030   Code   RO         5593    i.nrf_balloc_free   nrf_balloc.o
    0x0002c8e6   0x0002c8e6   0x0000000c   Code   RO         5594    i.nrf_balloc_idx2block  nrf_balloc.o
    0x0002c8f2   0x0002c8f2   0x0000003c   Code   RO         5595    i.nrf_balloc_init   nrf_balloc.o
    0x0002c92e   0x0002c92e   0x00000016   Code   RO         3006    i.nrf_bitmask_bit_is_set  nrfx_gpiote.o
    0x0002c944   0x0002c944   0x00000034   Code   RO         1844    i.nrf_ble_gatt_init  nrf_ble_gatt.o
    0x0002c978   0x0002c978   0x00000108   Code   RO         1845    i.nrf_ble_gatt_on_ble_evt  nrf_ble_gatt.o
    0x0002ca80   0x0002ca80   0x00000086   Code   RO         1966    i.nrf_ble_gq_on_ble_evt  nrf_ble_gq.o
    0x0002cb06   0x0002cb06   0x00000020   Code   RO         2050    i.nrf_ble_qwr_conn_handle_assign  nrf_ble_qwr.o
    0x0002cb26   0x0002cb26   0x00000032   Code   RO         2051    i.nrf_ble_qwr_init  nrf_ble_qwr.o
    0x0002cb58   0x0002cb58   0x0000007c   Code   RO         2052    i.nrf_ble_qwr_on_ble_evt  nrf_ble_qwr.o
    0x0002cbd4   0x0002cbd4   0x00000054   Code   RO         2111    i.nrf_ble_scan_connect_with_target  nrf_ble_scan.o
    0x0002cc28   0x0002cc28   0x00000014   Code   RO         2113    i.nrf_ble_scan_default_conn_param_set  nrf_ble_scan.o
    0x0002cc3c   0x0002cc3c   0x00000030   Code   RO         2114    i.nrf_ble_scan_default_param_set  nrf_ble_scan.o
    0x0002cc6c   0x0002cc6c   0x00000044   Code   RO         2116    i.nrf_ble_scan_filter_set  nrf_ble_scan.o
    0x0002ccb0   0x0002ccb0   0x0000001e   Code   RO         2117    i.nrf_ble_scan_filters_disable  nrf_ble_scan.o
    0x0002ccce   0x0002ccce   0x00000062   Code   RO         2118    i.nrf_ble_scan_filters_enable  nrf_ble_scan.o
    0x0002cd30   0x0002cd30   0x00000080   Code   RO         2119    i.nrf_ble_scan_init  nrf_ble_scan.o
    0x0002cdb0   0x0002cdb0   0x0000006c   Code   RO         2120    i.nrf_ble_scan_name_filter_add  nrf_ble_scan.o
    0x0002ce1c   0x0002ce1c   0x00000102   Code   RO         2121    i.nrf_ble_scan_on_adv_report  nrf_ble_scan.o
    0x0002cf1e   0x0002cf1e   0x00000046   Code   RO         2122    i.nrf_ble_scan_on_ble_evt  nrf_ble_scan.o
    0x0002cf64   0x0002cf64   0x00000034   Code   RO         2123    i.nrf_ble_scan_on_connected_evt  nrf_ble_scan.o
    0x0002cf98   0x0002cf98   0x00000038   Code   RO         2124    i.nrf_ble_scan_on_timeout  nrf_ble_scan.o
    0x0002cfd0   0x0002cfd0   0x00000094   Code   RO         2126    i.nrf_ble_scan_start  nrf_ble_scan.o
    0x0002d064   0x0002d064   0x00000004   Code   RO         2127    i.nrf_ble_scan_stop  nrf_ble_scan.o
    0x0002d068   0x0002d068   0x00000044   Code   RO         2128    i.nrf_ble_scan_uuid_filter_add  nrf_ble_scan.o
    0x0002d0ac   0x0002d0ac   0x00000012   Code   RO         2838    i.nrf_clock_event_check  nrfx_clock.o
    0x0002d0be   0x0002d0be   0x00000012   Code   RO         2839    i.nrf_clock_event_clear  nrfx_clock.o
    0x0002d0d0   0x0002d0d0   0x0000000c   Code   RO         2840    i.nrf_clock_int_disable  nrfx_clock.o
    0x0002d0dc   0x0002d0dc   0x00000008   Code   RO         2842    i.nrf_clock_task_trigger  nrfx_clock.o
    0x0002d0e4   0x0002d0e4   0x00000030   Code   RO         7836    i.nrf_delay_ms      user_uart.o
    0x0002d114   0x0002d114   0x0000004c   Code   RO         2484    i.nrf_drv_clock_init  nrf_drv_clock.o
    0x0002d160   0x0002d160   0x00000030   Code   RO         2488    i.nrf_drv_clock_lfclk_release  nrf_drv_clock.o
    0x0002d190   0x0002d190   0x0000008c   Code   RO         2643    i.nrf_drv_uart_init  nrf_drv_uart.o
    0x0002d21c   0x0002d21c   0x00000044   Code   RO         6505    i.nrf_drv_uart_rx   app_uart_fifo.o
    0x0002d260   0x0002d260   0x00000044   Code   RO         6506    i.nrf_drv_uart_tx   app_uart_fifo.o
    0x0002d2a4   0x0002d2a4   0x0000002a   Code   RO         5638    i.nrf_fprintf       nrf_fprintf.o
    0x0002d2ce   0x0002d2ce   0x0000001c   Code   RO         5639    i.nrf_fprintf_buffer_flush  nrf_fprintf.o
    0x0002d2ea   0x0002d2ea   0x000001f0   Code   RO         5679    i.nrf_fprintf_fmt   nrf_fprintf_format.o
    0x0002d4da   0x0002d4da   0x00000002   PAD
    0x0002d4dc   0x0002d4dc   0x00000170   Code   RO         5725    i.nrf_fstorage_erase  nrf_fstorage.o
    0x0002d64c   0x0002d64c   0x0000001c   Code   RO         5819    i.nrf_fstorage_sdh_req_handler  nrf_fstorage_sd.o
    0x0002d668   0x0002d668   0x0000002c   Code   RO         5820    i.nrf_fstorage_sdh_state_handler  nrf_fstorage_sd.o
    0x0002d694   0x0002d694   0x0000008c   Code   RO         5821    i.nrf_fstorage_sys_evt_handler  nrf_fstorage_sd.o
    0x0002d720   0x0002d720   0x00000264   Code   RO         5732    i.nrf_fstorage_write  nrf_fstorage.o
    0x0002d984   0x0002d984   0x00000034   Code   RO         3432    i.nrf_gpio_cfg      nrfx_uart.o
    0x0002d9b8   0x0002d9b8   0x00000034   Code   RO         3682    i.nrf_gpio_cfg      nrfx_uarte.o
    0x0002d9ec   0x0002d9ec   0x0000001a   Code   RO         3434    i.nrf_gpio_cfg_input  nrfx_uart.o
    0x0002da06   0x0002da06   0x0000001a   Code   RO         3684    i.nrf_gpio_cfg_input  nrfx_uarte.o
    0x0002da20   0x0002da20   0x00000018   Code   RO         3435    i.nrf_gpio_cfg_output  nrfx_uart.o
    0x0002da38   0x0002da38   0x00000018   Code   RO         3685    i.nrf_gpio_cfg_output  nrfx_uarte.o
    0x0002da50   0x0002da50   0x0000003a   Code   RO         3009    i.nrf_gpio_cfg_sense_set  nrfx_gpiote.o
    0x0002da8a   0x0002da8a   0x00000002   PAD
    0x0002da8c   0x0002da8c   0x00000034   Code   RO         3010    i.nrf_gpio_latches_read_and_clear  nrfx_gpiote.o
    0x0002dac0   0x0002dac0   0x00000020   Code   RO         3012    i.nrf_gpio_pin_port_decode  nrfx_gpiote.o
    0x0002dae0   0x0002dae0   0x00000020   Code   RO         3436    i.nrf_gpio_pin_port_decode  nrfx_uart.o
    0x0002db00   0x0002db00   0x00000020   Code   RO         3686    i.nrf_gpio_pin_port_decode  nrfx_uarte.o
    0x0002db20   0x0002db20   0x0000001a   Code   RO         3437    i.nrf_gpio_pin_set  nrfx_uart.o
    0x0002db3a   0x0002db3a   0x0000001a   Code   RO         3687    i.nrf_gpio_pin_set  nrfx_uarte.o
    0x0002db54   0x0002db54   0x0000000c   Code   RO         3016    i.nrf_gpiote_event_addr_get  nrfx_gpiote.o
    0x0002db60   0x0002db60   0x0000001c   Code   RO         3017    i.nrf_gpiote_event_clear  nrfx_gpiote.o
    0x0002db7c   0x0002db7c   0x00000016   Code   RO         3018    i.nrf_gpiote_event_is_set  nrfx_gpiote.o
    0x0002db92   0x0002db92   0x00000002   PAD
    0x0002db94   0x0002db94   0x00000054   Code   RO         6748    i.nrf_log_backend_add  nrf_log_frontend.o
    0x0002dbe8   0x0002dbe8   0x00000002   Code   RO         6581    i.nrf_log_backend_rtt_flush  nrf_log_backend_rtt.o
    0x0002dbea   0x0002dbea   0x00000008   Code   RO         6582    i.nrf_log_backend_rtt_init  nrf_log_backend_rtt.o
    0x0002dbf2   0x0002dbf2   0x00000002   Code   RO         6583    i.nrf_log_backend_rtt_panic_set  nrf_log_backend_rtt.o
    0x0002dbf4   0x0002dbf4   0x00000020   Code   RO         6584    i.nrf_log_backend_rtt_put  nrf_log_backend_rtt.o
    0x0002dc14   0x0002dc14   0x000000f2   Code   RO         6652    i.nrf_log_backend_serial_put  nrf_log_backend_serial.o
    0x0002dd06   0x0002dd06   0x00000002   PAD
    0x0002dd08   0x0002dd08   0x00000038   Code   RO         6750    i.nrf_log_color_id_get  nrf_log_frontend.o
    0x0002dd40   0x0002dd40   0x00000028   Code   RO         6704    i.nrf_log_default_backends_init  nrf_log_default_backends.o
    0x0002dd68   0x0002dd68   0x0000031c   Code   RO         6751    i.nrf_log_frontend_dequeue  nrf_log_frontend.o
    0x0002e084   0x0002e084   0x00000014   Code   RO         6753    i.nrf_log_frontend_std_0  nrf_log_frontend.o
    0x0002e098   0x0002e098   0x00000018   Code   RO         6754    i.nrf_log_frontend_std_1  nrf_log_frontend.o
    0x0002e0b0   0x0002e0b0   0x00000020   Code   RO         6755    i.nrf_log_frontend_std_2  nrf_log_frontend.o
    0x0002e0d0   0x0002e0d0   0x00000028   Code   RO         6756    i.nrf_log_frontend_std_3  nrf_log_frontend.o
    0x0002e0f8   0x0002e0f8   0x00000038   Code   RO         6758    i.nrf_log_frontend_std_5  nrf_log_frontend.o
    0x0002e130   0x0002e130   0x000000bc   Code   RO         6944    i.nrf_log_hexdump_entry_process  nrf_log_str_formatter.o
    0x0002e1ec   0x0002e1ec   0x00000048   Code   RO         6760    i.nrf_log_init      nrf_log_frontend.o
    0x0002e234   0x0002e234   0x00000014   Code   RO         6761    i.nrf_log_module_cnt_get  nrf_log_frontend.o
    0x0002e248   0x0002e248   0x00000024   Code   RO         6765    i.nrf_log_module_name_get  nrf_log_frontend.o
    0x0002e26c   0x0002e26c   0x00000034   Code   RO         6766    i.nrf_log_panic     nrf_log_frontend.o
    0x0002e2a0   0x0002e2a0   0x000000c8   Code   RO         6945    i.nrf_log_std_entry_process  nrf_log_str_formatter.o
    0x0002e368   0x0002e368   0x0000007a   Code   RO         5950    i.nrf_memobj_alloc  nrf_memobj.o
    0x0002e3e2   0x0002e3e2   0x00000040   Code   RO         5951    i.nrf_memobj_free   nrf_memobj.o
    0x0002e422   0x0002e422   0x00000010   Code   RO         5952    i.nrf_memobj_get    nrf_memobj.o
    0x0002e432   0x0002e432   0x0000000c   Code   RO         5953    i.nrf_memobj_pool_init  nrf_memobj.o
    0x0002e43e   0x0002e43e   0x0000001e   Code   RO         5954    i.nrf_memobj_put    nrf_memobj.o
    0x0002e45c   0x0002e45c   0x00000022   Code   RO         5955    i.nrf_memobj_read   nrf_memobj.o
    0x0002e47e   0x0002e47e   0x00000022   Code   RO         5956    i.nrf_memobj_write  nrf_memobj.o
    0x0002e4a0   0x0002e4a0   0x00000040   Code   RO         6029    i.nrf_pwr_mgmt_init  nrf_pwr_mgmt.o
    0x0002e4e0   0x0002e4e0   0x0000006c   Code   RO         6030    i.nrf_pwr_mgmt_run  nrf_pwr_mgmt.o
    0x0002e54c   0x0002e54c   0x0000009c   Code   RO         6109    i.nrf_queue_generic_pop  nrf_queue.o
    0x0002e5e8   0x0002e5e8   0x00000016   Code   RO         6111    i.nrf_queue_is_empty  nrf_queue.o
    0x0002e5fe   0x0002e5fe   0x00000020   Code   RO         6112    i.nrf_queue_is_full  nrf_queue.o
    0x0002e61e   0x0002e61e   0x00000010   Code   RO         6115    i.nrf_queue_next_idx  nrf_queue.o
    0x0002e62e   0x0002e62e   0x000000cc   Code   RO         6117    i.nrf_queue_push    nrf_queue.o
    0x0002e6fa   0x0002e6fa   0x00000002   PAD
    0x0002e6fc   0x0002e6fc   0x00000028   Code   RO           26    i.nrf_qwr_error_handler  main.o
    0x0002e724   0x0002e724   0x0000001c   Code   RO         6234    i.nrf_ringbuf_init  nrf_ringbuf.o
    0x0002e740   0x0002e740   0x0000000c   Code   RO         4628    i.nrf_rtc_cc_get    drv_rtc.o
    0x0002e74c   0x0002e74c   0x0000000a   Code   RO         4629    i.nrf_rtc_cc_set    drv_rtc.o
    0x0002e756   0x0002e756   0x00000008   Code   RO         4630    i.nrf_rtc_counter_get  drv_rtc.o
    0x0002e75e   0x0002e75e   0x0000000e   Code   RO         4631    i.nrf_rtc_event_clear  drv_rtc.o
    0x0002e76c   0x0002e76c   0x00000006   Code   RO         4632    i.nrf_rtc_event_disable  drv_rtc.o
    0x0002e772   0x0002e772   0x00000006   Code   RO         4633    i.nrf_rtc_event_enable  drv_rtc.o
    0x0002e778   0x0002e778   0x00000006   Code   RO         4634    i.nrf_rtc_int_disable  drv_rtc.o
    0x0002e77e   0x0002e77e   0x00000006   Code   RO         4635    i.nrf_rtc_int_enable  drv_rtc.o
    0x0002e784   0x0002e784   0x00000006   Code   RO         4636    i.nrf_rtc_task_trigger  drv_rtc.o
    0x0002e78a   0x0002e78a   0x00000002   PAD
    0x0002e78c   0x0002e78c   0x00000018   Code   RO         7488    i.nrf_sdh_ble_app_ram_start_get  nrf_sdh_ble.o
    0x0002e7a4   0x0002e7a4   0x0000019c   Code   RO         7489    i.nrf_sdh_ble_default_cfg_set  nrf_sdh_ble.o
    0x0002e940   0x0002e940   0x0000014c   Code   RO         7490    i.nrf_sdh_ble_enable  nrf_sdh_ble.o
    0x0002ea8c   0x0002ea8c   0x000000bc   Code   RO         7491    i.nrf_sdh_ble_evts_poll  nrf_sdh_ble.o
    0x0002eb48   0x0002eb48   0x00000064   Code   RO         7359    i.nrf_sdh_disable_request  nrf_sdh.o
    0x0002ebac   0x0002ebac   0x00000084   Code   RO         7360    i.nrf_sdh_enable_request  nrf_sdh.o
    0x0002ec30   0x0002ec30   0x00000030   Code   RO         7361    i.nrf_sdh_evts_poll  nrf_sdh.o
    0x0002ec60   0x0002ec60   0x0000000c   Code   RO         7362    i.nrf_sdh_is_enabled  nrf_sdh.o
    0x0002ec6c   0x0002ec6c   0x00000028   Code   RO         7364    i.nrf_sdh_request_continue  nrf_sdh.o
    0x0002ec94   0x0002ec94   0x00000098   Code   RO         7547    i.nrf_sdh_soc_evts_poll  nrf_sdh_soc.o
    0x0002ed2c   0x0002ed2c   0x00000006   Code   RO         7367    i.nrf_section_iter_get  nrf_sdh.o
    0x0002ed32   0x0002ed32   0x00000014   Code   RO         6292    i.nrf_section_iter_init  nrf_section_iter.o
    0x0002ed46   0x0002ed46   0x0000002e   Code   RO         6293    i.nrf_section_iter_item_set  nrf_section_iter.o
    0x0002ed74   0x0002ed74   0x0000002e   Code   RO         6294    i.nrf_section_iter_next  nrf_section_iter.o
    0x0002eda2   0x0002eda2   0x00000028   Code   RO         6327    i.nrf_sortlist_add  nrf_sortlist.o
    0x0002edca   0x0002edca   0x00000008   Code   RO         6329    i.nrf_sortlist_peek  nrf_sortlist.o
    0x0002edd2   0x0002edd2   0x00000018   Code   RO         6330    i.nrf_sortlist_pop  nrf_sortlist.o
    0x0002edea   0x0002edea   0x00000026   Code   RO         6331    i.nrf_sortlist_remove  nrf_sortlist.o
    0x0002ee10   0x0002ee10   0x00000040   Code   RO         6383    i.nrf_strerror_find  nrf_strerror.o
    0x0002ee50   0x0002ee50   0x0000001c   Code   RO         6384    i.nrf_strerror_get  nrf_strerror.o
    0x0002ee6c   0x0002ee6c   0x0000000e   Code   RO         3912    i.nrf_timer_compare_event_get  nrfx_timer.o
    0x0002ee7a   0x0002ee7a   0x0000000a   Code   RO         3913    i.nrf_timer_compare_int_get  nrfx_timer.o
    0x0002ee84   0x0002ee84   0x0000000e   Code   RO         3914    i.nrf_timer_event_clear  nrfx_timer.o
    0x0002ee92   0x0002ee92   0x00000006   Code   RO         3915    i.nrf_timer_int_disable  nrfx_timer.o
    0x0002ee98   0x0002ee98   0x00000006   Code   RO         3916    i.nrf_timer_int_enable  nrfx_timer.o
    0x0002ee9e   0x0002ee9e   0x0000000c   Code   RO         3917    i.nrf_timer_shorts_disable  nrfx_timer.o
    0x0002eeaa   0x0002eeaa   0x00000006   Code   RO         3918    i.nrf_timer_task_trigger  nrfx_timer.o
    0x0002eeb0   0x0002eeb0   0x0000000c   Code   RO         3438    i.nrf_uart_errorsrc_get_and_clear  nrfx_uart.o
    0x0002eebc   0x0002eebc   0x0000000e   Code   RO         3439    i.nrf_uart_event_check  nrfx_uart.o
    0x0002eeca   0x0002eeca   0x0000000e   Code   RO         3440    i.nrf_uart_event_clear  nrfx_uart.o
    0x0002eed8   0x0002eed8   0x0000000c   Code   RO         3441    i.nrf_uart_hwfc_pins_set  nrfx_uart.o
    0x0002eee4   0x0002eee4   0x00000006   Code   RO         3442    i.nrf_uart_int_disable  nrfx_uart.o
    0x0002eeea   0x0002eeea   0x00000006   Code   RO         3443    i.nrf_uart_int_enable  nrfx_uart.o
    0x0002eef0   0x0002eef0   0x00000012   Code   RO         3444    i.nrf_uart_int_enable_check  nrfx_uart.o
    0x0002ef02   0x0002ef02   0x00000006   Code   RO         3445    i.nrf_uart_task_trigger  nrfx_uart.o
    0x0002ef08   0x0002ef08   0x0000000e   Code   RO         3446    i.nrf_uart_txrx_pins_set  nrfx_uart.o
    0x0002ef16   0x0002ef16   0x0000000c   Code   RO         3688    i.nrf_uarte_errorsrc_get_and_clear  nrfx_uarte.o
    0x0002ef22   0x0002ef22   0x0000000e   Code   RO         3689    i.nrf_uarte_event_check  nrfx_uarte.o
    0x0002ef30   0x0002ef30   0x0000000e   Code   RO         3690    i.nrf_uarte_event_clear  nrfx_uarte.o
    0x0002ef3e   0x0002ef3e   0x0000000c   Code   RO         3691    i.nrf_uarte_hwfc_pins_set  nrfx_uarte.o
    0x0002ef4a   0x0002ef4a   0x00000006   Code   RO         3692    i.nrf_uarte_int_disable  nrfx_uarte.o
    0x0002ef50   0x0002ef50   0x00000006   Code   RO         3693    i.nrf_uarte_int_enable  nrfx_uarte.o
    0x0002ef56   0x0002ef56   0x0000000a   Code   RO         3694    i.nrf_uarte_rx_amount_get  nrfx_uarte.o
    0x0002ef60   0x0002ef60   0x0000000c   Code   RO         3695    i.nrf_uarte_shorts_disable  nrfx_uarte.o
    0x0002ef6c   0x0002ef6c   0x00000006   Code   RO         3696    i.nrf_uarte_task_trigger  nrfx_uarte.o
    0x0002ef72   0x0002ef72   0x0000000a   Code   RO         3697    i.nrf_uarte_tx_amount_get  nrfx_uarte.o
    0x0002ef7c   0x0002ef7c   0x0000000e   Code   RO         3698    i.nrf_uarte_txrx_pins_set  nrfx_uarte.o
    0x0002ef8a   0x0002ef8a   0x00000002   PAD
    0x0002ef8c   0x0002ef8c   0x00000014   Code   RO         2491    i.nrf_wdt_started   nrf_drv_clock.o
    0x0002efa0   0x0002efa0   0x00000014   Code   RO         2847    i.nrfx_clock_enable  nrfx_clock.o
    0x0002efb4   0x0002efb4   0x00000024   Code   RO         2850    i.nrfx_clock_init   nrfx_clock.o
    0x0002efd8   0x0002efd8   0x0000002c   Code   RO         2853    i.nrfx_clock_lfclk_stop  nrfx_clock.o
    0x0002f004   0x0002f004   0x00000018   Code   RO         4637    i.nrfx_coredep_delay_us  drv_rtc.o
    0x0002f01c   0x0002f01c   0x00000008   Code   RO         2855    i.nrfx_get_irq_number  nrfx_clock.o
    0x0002f024   0x0002f024   0x00000008   Code   RO         3447    i.nrfx_get_irq_number  nrfx_uart.o
    0x0002f02c   0x0002f02c   0x00000008   Code   RO         3699    i.nrfx_get_irq_number  nrfx_uarte.o
    0x0002f034   0x0002f034   0x00000008   Code   RO         3919    i.nrfx_get_irq_number  nrfx_timer.o
    0x0002f03c   0x0002f03c   0x00000014   Code   RO         3700    i.nrfx_is_in_ram    nrfx_uarte.o
    0x0002f050   0x0002f050   0x000000b0   Code   RO         2856    i.nrfx_power_clock_irq_init  nrfx_clock.o
    0x0002f100   0x0002f100   0x0000004e   Code   RO         3376    i.nrfx_prs_acquire  nrfx_prs.o
    0x0002f14e   0x0002f14e   0x00000048   Code   RO         3922    i.nrfx_timer_compare  nrfx_timer.o
    0x0002f196   0x0002f196   0x00000002   PAD
    0x0002f198   0x0002f198   0x00000024   Code   RO         3926    i.nrfx_timer_enable  nrfx_timer.o
    0x0002f1bc   0x0002f1bc   0x00000042   Code   RO         3927    i.nrfx_timer_extended_compare  nrfx_timer.o
    0x0002f1fe   0x0002f1fe   0x00000002   PAD
    0x0002f200   0x0002f200   0x000000fc   Code   RO         3929    i.nrfx_timer_init   nrfx_timer.o
    0x0002f2fc   0x0002f2fc   0x00000030   Code   RO         7627    i.nrfx_timer_ms_to_ticks  user_timer.o
    0x0002f32c   0x0002f32c   0x00000014   Code   RO         3448    i.nrfx_uart_0_irq_handler  nrfx_uart.o
    0x0002f340   0x0002f340   0x00000088   Code   RO         3450    i.nrfx_uart_init    nrfx_uart.o
    0x0002f3c8   0x0002f3c8   0x00000124   Code   RO         3451    i.nrfx_uart_rx      nrfx_uart.o
    0x0002f4ec   0x0002f4ec   0x0000008c   Code   RO         3456    i.nrfx_uart_tx      nrfx_uart.o
    0x0002f578   0x0002f578   0x00000024   Code   RO         3458    i.nrfx_uart_tx_in_progress  nrfx_uart.o
    0x0002f59c   0x0002f59c   0x00000014   Code   RO         3701    i.nrfx_uarte_0_irq_handler  nrfx_uarte.o
    0x0002f5b0   0x0002f5b0   0x00000080   Code   RO         3703    i.nrfx_uarte_init   nrfx_uarte.o
    0x0002f630   0x0002f630   0x00000138   Code   RO         3704    i.nrfx_uarte_rx     nrfx_uarte.o
    0x0002f768   0x0002f768   0x000000c0   Code   RO         3707    i.nrfx_uarte_tx     nrfx_uarte.o
    0x0002f828   0x0002f828   0x00000020   Code   RO         3709    i.nrfx_uarte_tx_in_progress  nrfx_uarte.o
    0x0002f848   0x0002f848   0x000000e4   Code   RO           27    i.nus_data_handler  main.o
    0x0002f92c   0x0002f92c   0x00000078   Code   RO           28    i.on_adv_evt        main.o
    0x0002f9a4   0x0002f9a4   0x00000014   Code   RO         4355    i.on_compare1_evt   app_timer2.o
    0x0002f9b8   0x0002f9b8   0x00000020   Code   RO         4356    i.on_compare_evt    app_timer2.o
    0x0002f9d8   0x0002f9d8   0x00000030   Code   RO         1267    i.on_conn_params_update  ble_conn_params.o
    0x0002fa08   0x0002fa08   0x00000070   Code   RO         1268    i.on_connect        ble_conn_params.o
    0x0002fa78   0x0002fa78   0x00000074   Code   RO         2412    i.on_connect        ble_nus.o
    0x0002faec   0x0002faec   0x0000000e   Code   RO         1120    i.on_connected      ble_advertising.o
    0x0002fafa   0x0002fafa   0x00000002   PAD
    0x0002fafc   0x0002fafc   0x000000c4   Code   RO         1846    i.on_connected_evt  nrf_ble_gatt.o
    0x0002fbc0   0x0002fbc0   0x00000054   Code   RO         1847    i.on_data_length_update_evt  nrf_ble_gatt.o
    0x0002fc14   0x0002fc14   0x00000030   Code   RO         1848    i.on_data_length_update_request_evt  nrf_ble_gatt.o
    0x0002fc44   0x0002fc44   0x00000032   Code   RO         1269    i.on_disconnect     ble_conn_params.o
    0x0002fc76   0x0002fc76   0x00000032   Code   RO         1121    i.on_disconnected   ble_advertising.o
    0x0002fca8   0x0002fca8   0x00000014   Code   RO         1849    i.on_disconnected_evt  nrf_ble_gatt.o
    0x0002fcbc   0x0002fcbc   0x000000c8   Code   RO         1850    i.on_exchange_mtu_request_evt  nrf_ble_gatt.o
    0x0002fd84   0x0002fd84   0x00000064   Code   RO         1851    i.on_exchange_mtu_rsp_evt  nrf_ble_gatt.o
    0x0002fde8   0x0002fde8   0x00000048   Code   RO         2413    i.on_hvx_tx_complete  ble_nus.o
    0x0002fe30   0x0002fe30   0x00000024   Code   RO         5822    i.on_operation_failure  nrf_fstorage_sd.o
    0x0002fe54   0x0002fe54   0x00000060   Code   RO         5823    i.on_operation_success  nrf_fstorage_sd.o
    0x0002feb4   0x0002feb4   0x0000001c   Code   RO         4357    i.on_overflow_evt   app_timer2.o
    0x0002fed0   0x0002fed0   0x0000006a   Code   RO         2053    i.on_rw_authorize_request  nrf_ble_qwr.o
    0x0002ff3a   0x0002ff3a   0x00000040   Code   RO         1122    i.on_terminated     ble_advertising.o
    0x0002ff7a   0x0002ff7a   0x00000002   Code   RO         2054    i.on_user_mem_release  nrf_ble_qwr.o
    0x0002ff7c   0x0002ff7c   0x00000020   Code   RO         2055    i.on_user_mem_request  nrf_ble_qwr.o
    0x0002ff9c   0x0002ff9c   0x00000058   Code   RO         1270    i.on_write          ble_conn_params.o
    0x0002fff4   0x0002fff4   0x00000094   Code   RO         2414    i.on_write          ble_nus.o
    0x00030088   0x00030088   0x00000048   Code   RO         4872    i.page_from_record  fds.o
    0x000300d0   0x000300d0   0x0000001c   Code   RO         4875    i.page_offsets_update  fds.o
    0x000300ec   0x000300ec   0x00000020   Code   RO         4877    i.page_tag_write_data  fds.o
    0x0003010c   0x0003010c   0x00000024   Code   RO         4878    i.page_tag_write_swap  fds.o
    0x00030130   0x00030130   0x0000001c   Code   RO         1123    i.phy_is_valid      ble_advertising.o
    0x0003014c   0x0003014c   0x000000c4   Code   RO         3057    i.port_event_handle  nrfx_gpiote.o
    0x00030210   0x00030210   0x00000010   Code   RO         3058    i.port_handler_pin_get  nrfx_gpiote.o
    0x00030220   0x00030220   0x00000010   Code   RO         3059    i.port_handler_polarity_get  nrfx_gpiote.o
    0x00030230   0x00030230   0x00000048   Code   RO         6947    i.postfix_process   nrf_log_str_formatter.o
    0x00030278   0x00030278   0x00000034   Code   RO           29    i.power_management_init  main.o
    0x000302ac   0x000302ac   0x000000a4   Code   RO         6948    i.prefix_process    nrf_log_str_formatter.o
    0x00030350   0x00030350   0x00000018   Code   RO         3378    i.prs_box_get       nrfx_prs.o
    0x00030368   0x00030368   0x00000014   Code   RO         4882    i.queue_free        fds.o
    0x0003037c   0x0003037c   0x00000018   Code   RO         5824    i.queue_free        nrf_fstorage_sd.o
    0x00030394   0x00030394   0x00000018   Code   RO         4883    i.queue_has_next    fds.o
    0x000303ac   0x000303ac   0x00000014   Code   RO         4885    i.queue_load        fds.o
    0x000303c0   0x000303c0   0x0000002c   Code   RO         5825    i.queue_load_next   nrf_fstorage_sd.o
    0x000303ec   0x000303ec   0x00000124   Code   RO         1967    i.queue_process     nrf_ble_gq.o
    0x00030510   0x00030510   0x000000c4   Code   RO         4886    i.queue_process     fds.o
    0x000305d4   0x000305d4   0x00000090   Code   RO         5826    i.queue_process     nrf_fstorage_sd.o
    0x00030664   0x00030664   0x0000001c   Code   RO         5827    i.queue_start       nrf_fstorage_sd.o
    0x00030680   0x00030680   0x0000001e   Code   RO         6123    i.queue_utilization_get  nrf_queue.o
    0x0003069e   0x0003069e   0x00000002   PAD
    0x000306a0   0x000306a0   0x00000010   Code   RO         7492    i.ram_end_address_get  nrf_sdh_ble.o
    0x000306b0   0x000306b0   0x0000001c   Code   RO         5828    i.read              nrf_fstorage_sd.o
    0x000306cc   0x000306cc   0x00000028   Code   RO         1387    i.record_activate   ble_conn_state.o
    0x000306f4   0x000306f4   0x00000094   Code   RO         4888    i.record_find       fds.o
    0x00030788   0x00030788   0x0000003c   Code   RO         4889    i.record_find_and_delete  fds.o
    0x000307c4   0x000307c4   0x0000007c   Code   RO         4890    i.record_find_by_desc  fds.o
    0x00030840   0x00030840   0x00000078   Code   RO         4891    i.record_find_next  fds.o
    0x000308b8   0x000308b8   0x00000040   Code   RO         4892    i.record_header_flag_dirty  fds.o
    0x000308f8   0x000308f8   0x0000002c   Code   RO         4893    i.record_header_write_begin  fds.o
    0x00030924   0x00030924   0x00000038   Code   RO         4894    i.record_header_write_finalize  fds.o
    0x0003095c   0x0003095c   0x00000038   Code   RO         4895    i.record_header_write_id  fds.o
    0x00030994   0x00030994   0x00000020   Code   RO         1388    i.record_invalidate  ble_conn_state.o
    0x000309b4   0x000309b4   0x00000048   Code   RO         1389    i.record_purge_disconnected  ble_conn_state.o
    0x000309fc   0x000309fc   0x00000014   Code   RO         1390    i.record_set_disconnected  ble_conn_state.o
    0x00030a10   0x00030a10   0x00000030   Code   RO         4897    i.record_write_data  fds.o
    0x00030a40   0x00030a40   0x00000040   Code   RO         1969    i.request_err_code_handle  nrf_ble_gq.o
    0x00030a80   0x00030a80   0x00000006   Code   RO         5829    i.rmap              nrf_fstorage_sd.o
    0x00030a86   0x00030a86   0x0000003e   Code   RO         4358    i.rtc_irq           app_timer2.o
    0x00030ac4   0x00030ac4   0x0000007c   Code   RO         4359    i.rtc_schedule      app_timer2.o
    0x00030b40   0x00030b40   0x000000a4   Code   RO         4360    i.rtc_update        app_timer2.o
    0x00030be4   0x00030be4   0x0000003e   Code   RO         3461    i.rx_byte           nrfx_uart.o
    0x00030c22   0x00030c22   0x0000001c   Code   RO         3462    i.rx_done_event     nrfx_uart.o
    0x00030c3e   0x00030c3e   0x0000001c   Code   RO         3712    i.rx_done_event     nrfx_uarte.o
    0x00030c5a   0x00030c5a   0x00000022   Code   RO         3463    i.rx_enable         nrfx_uart.o
    0x00030c7c   0x00030c7c   0x00000054   Code   RO           30    i.scan_evt_handler  main.o
    0x00030cd0   0x00030cd0   0x000000a0   Code   RO           31    i.scan_init         main.o
    0x00030d70   0x00030d70   0x0000003c   Code   RO           32    i.scan_start        main.o
    0x00030dac   0x00030dac   0x0000007c   Code   RO         7368    i.sd_nvic_DisableIRQ  nrf_sdh.o
    0x00030e28   0x00030e28   0x000000a4   Code   RO         7369    i.sd_nvic_EnableIRQ  nrf_sdh.o
    0x00030ecc   0x00030ecc   0x00000068   Code   RO         4508    i.sd_nvic_critical_region_enter  app_util_platform.o
    0x00030f34   0x00030f34   0x00000090   Code   RO         2492    i.sd_state_evt_handler  nrf_drv_clock.o
    0x00030fc4   0x00030fc4   0x0000003c   Code   RO         7370    i.sdh_request_observer_notify  nrf_sdh.o
    0x00031000   0x00031000   0x00000034   Code   RO         7371    i.sdh_state_observer_notify  nrf_sdh.o
    0x00031034   0x00031034   0x00000018   Code   RO         1271    i.send_error_evt    ble_conn_params.o
    0x0003104c   0x0003104c   0x00000024   Code   RO         1272    i.send_update_request  ble_conn_params.o
    0x00031070   0x00031070   0x00000084   Code   RO         6585    i.serial_tx         nrf_log_backend_rtt.o
    0x000310f4   0x000310f4   0x00000096   Code   RO          992    i.service_data_encode  ble_advdata.o
    0x0003118a   0x0003118a   0x00000002   PAD
    0x0003118c   0x0003118c   0x00000078   Code   RO           33    i.services_init     main.o
    0x00031204   0x00031204   0x00000030   Code   RO         1124    i.set_adv_mode_directed  ble_advertising.o
    0x00031234   0x00031234   0x00000024   Code   RO         1125    i.set_adv_mode_directed_high_duty  ble_advertising.o
    0x00031258   0x00031258   0x0000005c   Code   RO         1126    i.set_adv_mode_fast  ble_advertising.o
    0x000312b4   0x000312b4   0x0000005c   Code   RO         1127    i.set_adv_mode_slow  ble_advertising.o
    0x00031310   0x00031310   0x000000be   Code   RO         1718    i.set_security_req  ble_srv_common.o
    0x000313ce   0x000313ce   0x00000002   PAD
    0x000313d0   0x000313d0   0x0000001c   Code   RO         2493    i.soc_evt_handler   nrf_drv_clock.o
    0x000313ec   0x000313ec   0x00000060   Code   RO         7372    i.softdevice_evt_irq_disable  nrf_sdh.o
    0x0003144c   0x0003144c   0x00000060   Code   RO         7373    i.softdevices_evt_irq_enable  nrf_sdh.o
    0x000314ac   0x000314ac   0x00000014   Code   RO         4361    i.sorted_list_stop_all  app_timer2.o
    0x000314c0   0x000314c0   0x00000018   Code   RO         4362    i.sortlist_pop      app_timer2.o
    0x000314d8   0x000314d8   0x00000064   Code   RO         6768    i.std_header_set    nrf_log_frontend.o
    0x0003153c   0x0003153c   0x00000070   Code   RO         6769    i.std_n             nrf_log_frontend.o
    0x000315ac   0x000315ac   0x00000074   Code   RO         5680    i.string_print      nrf_fprintf_format.o
    0x00031620   0x00031620   0x0000000a   Code   RO         4638    i.ticks_sub         drv_rtc.o
    0x0003162a   0x0003162a   0x00000002   PAD
    0x0003162c   0x0003162c   0x0000006c   Code   RO         4363    i.timer_expire      app_timer2.o
    0x00031698   0x00031698   0x00000034   Code   RO           34    i.timer_init        main.o
    0x000316cc   0x000316cc   0x00000094   Code   RO         4364    i.timer_req_process  app_timer2.o
    0x00031760   0x00031760   0x00000040   Code   RO         4365    i.timer_req_schedule  app_timer2.o
    0x000317a0   0x000317a0   0x00000002   Code   RO         6949    i.timestamp_print   nrf_log_str_formatter.o
    0x000317a2   0x000317a2   0x00000036   Code   RO         3464    i.tx_blocking       nrfx_uart.o
    0x000317d8   0x000317d8   0x00000026   Code   RO         3465    i.tx_byte           nrfx_uart.o
    0x000317fe   0x000317fe   0x00000020   Code   RO         3466    i.tx_done_event     nrfx_uart.o
    0x0003181e   0x0003181e   0x00000020   Code   RO         3713    i.tx_done_event     nrfx_uarte.o
    0x0003183e   0x0003183e   0x00000036   Code   RO          993    i.tx_power_level_encode  ble_advdata.o
    0x00031874   0x00031874   0x000000e4   Code   RO         6507    i.uart_event_handler  app_uart_fifo.o
    0x00031958   0x00031958   0x00000038   Code   RO         2644    i.uart_evt_handler  nrf_drv_uart.o
    0x00031990   0x00031990   0x0000014e   Code   RO         3467    i.uart_irq_handler  nrfx_uart.o
    0x00031ade   0x00031ade   0x00000002   PAD
    0x00031ae0   0x00031ae0   0x00000038   Code   RO         2645    i.uarte_evt_handler  nrf_drv_uart.o
    0x00031b18   0x00031b18   0x00000134   Code   RO         3714    i.uarte_irq_handler  nrfx_uarte.o
    0x00031c4c   0x00031c4c   0x0000000c   Code   RO         1719    i.uint16_decode     ble_srv_common.o
    0x00031c58   0x00031c58   0x0000000c   Code   RO          994    i.uint16_encode     ble_advdata.o
    0x00031c64   0x00031c64   0x00000024   Code   RO         5830    i.uninit            nrf_fstorage_sd.o
    0x00031c88   0x00031c88   0x000000b8   Code   RO         5681    i.unsigned_print    nrf_fprintf_format.o
    0x00031d40   0x00031d40   0x00000074   Code   RO         1273    i.update_timeout_handler  ble_conn_params.o
    0x00031db4   0x00031db4   0x0000001e   Code   RO         1128    i.use_whitelist     ble_advertising.o
    0x00031dd2   0x00031dd2   0x0000002c   Code   RO         2056    i.user_mem_reply    nrf_ble_qwr.o
    0x00031dfe   0x00031dfe   0x0000004e   Code   RO          995    i.uuid_list_encode  ble_advdata.o
    0x00031e4c   0x00031e4c   0x000000d6   Code   RO          996    i.uuid_list_sized_encode  ble_advdata.o
    0x00031f22   0x00031f22   0x00000008   Code   RO         1129    i.whitelist_has_entries  ble_advertising.o
    0x00031f2a   0x00031f2a   0x00000006   Code   RO         5831    i.wmap              nrf_fstorage_sd.o
    0x00031f30   0x00031f30   0x00000054   Code   RO         5832    i.write             nrf_fstorage_sd.o
    0x00031f84   0x00031f84   0x000000c8   Code   RO         4900    i.write_execute     fds.o
    0x0003204c   0x0003204c   0x00000058   Code   RO         5833    i.write_execute     nrf_fstorage_sd.o
    0x000320a4   0x000320a4   0x00000034   Data   RO           36    .constdata          main.o
    0x000320d8   0x000320d8   0x00000016   Data   RO         1852    .constdata          nrf_ble_gatt.o
    0x000320ee   0x000320ee   0x00000002   PAD
    0x000320f0   0x000320f0   0x00000018   Data   RO         1971    .constdata          nrf_ble_gq.o
    0x00032108   0x00032108   0x00000010   Data   RO         2415    .constdata          ble_nus.o
    0x00032118   0x00032118   0x00000042   Data   RO         3061    .constdata          nrfx_gpiote.o
    0x0003215a   0x0003215a   0x00000002   PAD
    0x0003215c   0x0003215c   0x0000002e   Data   RO         3469    .constdata          nrfx_uart.o
    0x0003218a   0x0003218a   0x00000002   PAD
    0x0003218c   0x0003218c   0x00000030   Data   RO         3716    .constdata          nrfx_uarte.o
    0x000321bc   0x000321bc   0x00000014   Data   RO         4367    .constdata          app_timer2.o
    0x000321d0   0x000321d0   0x00000006   Data   RO         4639    .constdata          drv_rtc.o
    0x000321d6   0x000321d6   0x00000002   PAD
    0x000321d8   0x000321d8   0x00000018   Data   RO         4904    .constdata          fds.o
    0x000321f0   0x000321f0   0x00000010   Data   RO         5682    .constdata          nrf_fprintf_format.o
    0x00032200   0x00032200   0x0000005e   Data   RO         5733    .constdata          nrf_fstorage.o
    0x0003225e   0x0003225e   0x00000002   PAD
    0x00032260   0x00032260   0x00000030   Data   RO         5835    .constdata          nrf_fstorage_sd.o
    0x00032290   0x00032290   0x00000024   Data   RO         6034    .constdata          nrf_pwr_mgmt.o
    0x000322b4   0x000322b4   0x0000013c   Data   RO         6385    .constdata          nrf_strerror.o
    0x000323f0   0x000323f0   0x00000020   Data   RO         6509    .constdata          app_uart_fifo.o
    0x00032410   0x00032410   0x00000016   Data   RO         6587    .constdata          nrf_log_backend_rtt.o
    0x00032426   0x00032426   0x00000002   PAD
    0x00032428   0x00032428   0x0000000c   Data   RO         6771    .constdata          nrf_log_frontend.o
    0x00032434   0x00032434   0x00000058   Data   RO         7374    .constdata          nrf_sdh.o
    0x0003248c   0x0003248c   0x00000030   Data   RO         7493    .constdata          nrf_sdh_ble.o
    0x000324bc   0x000324bc   0x0000001c   Data   RO         7548    .constdata          nrf_sdh_soc.o
    0x000324d8   0x000324d8   0x00000020   Data   RO         7628    .constdata          user_timer.o
    0x000324f8   0x000324f8   0x00000008   PAD
    0x00032500   0x00032500   0x00000006   Data   RO         7838    .constdata          user_uart.o
    0x00032506   0x00032506   0x00000081   Data   RO         9813    .constdata          mc_w.l(ctype_o.o)
    0x00032587   0x00032587   0x00000001   PAD
    0x00032588   0x00032588   0x00000004   Data   RO         9814    .constdata          mc_w.l(ctype_o.o)
    0x0003258c   0x0003258c   0x000000a2   Data   RO         1853    .conststring        nrf_ble_gatt.o
    0x0003262e   0x0003262e   0x00000002   PAD
    0x00032630   0x00032630   0x0000004a   Data   RO         1972    .conststring        nrf_ble_gq.o
    0x0003267a   0x0003267a   0x00000002   PAD
    0x0003267c   0x0003267c   0x0000004f   Data   RO         5734    .conststring        nrf_fstorage.o
    0x000326cb   0x000326cb   0x00000001   PAD
    0x000326cc   0x000326cc   0x000003eb   Data   RO         6386    .conststring        nrf_strerror.o
    0x00032ab7   0x00032ab7   0x00000001   PAD
    0x00032ab8   0x00032ab8   0x00000066   Data   RO         6950    .conststring        nrf_log_str_formatter.o
    0x00032b1e   0x00032b1e   0x00000002   PAD
    0x00032b20   0x00032b20   0x000001cf   Data   RO         7494    .conststring        nrf_sdh_ble.o
    0x00032cef   0x00032cef   0x00000001   PAD
    0x00032cf0   0x00032cf0   0x0000000c   Data   RO         1583    .conststrlit        ble_db_discovery.o
    0x00032cfc   0x00032cfc   0x0000000d   Data   RO         1854    .conststrlit        nrf_ble_gatt.o
    0x00032d09   0x00032d09   0x00000003   PAD
    0x00032d0c   0x00032d0c   0x0000000b   Data   RO         1973    .conststrlit        nrf_ble_gq.o
    0x00032d17   0x00032d17   0x00000001   PAD
    0x00032d18   0x00032d18   0x00000009   Data   RO         2129    .conststrlit        nrf_ble_scan.o
    0x00032d21   0x00032d21   0x00000003   PAD
    0x00032d24   0x00032d24   0x00000008   Data   RO         2416    .conststrlit        ble_nus.o
    0x00032d2c   0x00032d2c   0x00000006   Data   RO         2496    .conststrlit        nrf_drv_clock.o
    0x00032d32   0x00032d32   0x00000002   PAD
    0x00032d34   0x00032d34   0x00000006   Data   RO         2858    .conststrlit        nrfx_clock.o
    0x00032d3a   0x00032d3a   0x00000002   PAD
    0x00032d3c   0x00032d3c   0x00000007   Data   RO         3062    .conststrlit        nrfx_gpiote.o
    0x00032d43   0x00032d43   0x00000001   PAD
    0x00032d44   0x00032d44   0x00000004   Data   RO         3380    .conststrlit        nrfx_prs.o
    0x00032d48   0x00032d48   0x00000005   Data   RO         3470    .conststrlit        nrfx_uart.o
    0x00032d4d   0x00032d4d   0x00000003   PAD
    0x00032d50   0x00032d50   0x00000006   Data   RO         3717    .conststrlit        nrfx_uarte.o
    0x00032d56   0x00032d56   0x00000002   PAD
    0x00032d58   0x00032d58   0x00000006   Data   RO         3936    .conststrlit        nrfx_timer.o
    0x00032d5e   0x00032d5e   0x00000002   PAD
    0x00032d60   0x00032d60   0x0000000b   Data   RO         4113    .conststrlit        app_button.o
    0x00032d6b   0x00032d6b   0x00000001   PAD
    0x00032d6c   0x00032d6c   0x0000000a   Data   RO         4368    .conststrlit        app_timer2.o
    0x00032d76   0x00032d76   0x00000002   PAD
    0x00032d78   0x00032d78   0x0000000d   Data   RO         5735    .conststrlit        nrf_fstorage.o
    0x00032d85   0x00032d85   0x00000003   PAD
    0x00032d88   0x00032d88   0x00000009   Data   RO         6035    .conststrlit        nrf_pwr_mgmt.o
    0x00032d91   0x00032d91   0x00000003   PAD
    0x00032d94   0x00032d94   0x00000009   Data   RO         6332    .conststrlit        nrf_sortlist.o
    0x00032d9d   0x00032d9d   0x00000003   PAD
    0x00032da0   0x00032da0   0x00000010   Data   RO         6705    .conststrlit        nrf_log_default_backends.o
    0x00032db0   0x00032db0   0x00000004   Data   RO         6772    .conststrlit        nrf_log_frontend.o
    0x00032db4   0x00032db4   0x00000008   Data   RO         7375    .conststrlit        nrf_sdh.o
    0x00032dbc   0x00032dbc   0x0000000c   Data   RO         7495    .conststrlit        nrf_sdh_ble.o
    0x00032dc8   0x00032dc8   0x0000000c   Data   RO         7549    .conststrlit        nrf_sdh_soc.o
    0x00032dd4   0x00032dd4   0x00000020   Data   RO        10169    Region$$Table       anon$$obj.o
    0x00032df4   0x00032df4   0x00000010   Data   RO         6707    log_backends        nrf_log_default_backends.o
    0x00032e04   0x00032e04   0x00000008   Data   RO         1585    log_const_data      ble_db_discovery.o
    0x00032e0c   0x00032e0c   0x00000008   Data   RO         1855    log_const_data      nrf_ble_gatt.o
    0x00032e14   0x00032e14   0x00000008   Data   RO         1974    log_const_data      nrf_ble_gq.o
    0x00032e1c   0x00032e1c   0x00000008   Data   RO         2130    log_const_data      nrf_ble_scan.o
    0x00032e24   0x00032e24   0x00000008   Data   RO         2417    log_const_data      ble_nus.o
    0x00032e2c   0x00032e2c   0x00000008   Data   RO         2497    log_const_data      nrf_drv_clock.o
    0x00032e34   0x00032e34   0x00000008   Data   RO         2860    log_const_data      nrfx_clock.o
    0x00032e3c   0x00032e3c   0x00000008   Data   RO         3063    log_const_data      nrfx_gpiote.o
    0x00032e44   0x00032e44   0x00000008   Data   RO         3382    log_const_data      nrfx_prs.o
    0x00032e4c   0x00032e4c   0x00000008   Data   RO         3471    log_const_data      nrfx_uart.o
    0x00032e54   0x00032e54   0x00000008   Data   RO         3718    log_const_data      nrfx_uarte.o
    0x00032e5c   0x00032e5c   0x00000008   Data   RO         3937    log_const_data      nrfx_timer.o
    0x00032e64   0x00032e64   0x00000008   Data   RO         4115    log_const_data      app_button.o
    0x00032e6c   0x00032e6c   0x00000008   Data   RO         4370    log_const_data      app_timer2.o
    0x00032e74   0x00032e74   0x00000008   Data   RO         5736    log_const_data      nrf_fstorage.o
    0x00032e7c   0x00032e7c   0x00000008   Data   RO         6037    log_const_data      nrf_pwr_mgmt.o
    0x00032e84   0x00032e84   0x00000008   Data   RO         6333    log_const_data      nrf_sortlist.o
    0x00032e8c   0x00032e8c   0x00000008   Data   RO         6774    log_const_data      nrf_log_frontend.o
    0x00032e94   0x00032e94   0x00000008   Data   RO         7377    log_const_data      nrf_sdh.o
    0x00032e9c   0x00032e9c   0x00000008   Data   RO         7497    log_const_data      nrf_sdh_ble.o
    0x00032ea4   0x00032ea4   0x00000008   Data   RO         7550    log_const_data      nrf_sdh_soc.o
    0x00032eac   0x00032eac   0x00000014   Data   RO           38    nrf_balloc          main.o
    0x00032ec0   0x00032ec0   0x00000014   Data   RO         6775    nrf_balloc          nrf_log_frontend.o
    0x00032ed4   0x00032ed4   0x00000014   Data   RO           39    nrf_queue           main.o
    0x00032ee8   0x00032ee8   0x00000008   Data   RO         1393    sdh_ble_observers0  ble_conn_state.o
    0x00032ef0   0x00032ef0   0x00000020   Data   RO           40    sdh_ble_observers1  main.o
    0x00032f10   0x00032f10   0x00000008   Data   RO          842    sdh_ble_observers1  bsp_btn_ble.o
    0x00032f18   0x00032f18   0x00000008   Data   RO         1276    sdh_ble_observers1  ble_conn_params.o
    0x00032f20   0x00032f20   0x00000010   Data   RO           41    sdh_ble_observers2  main.o
    0x00032f30   0x00032f30   0x00000008   Data   RO         7840    sdh_ble_observers2  user_uart.o
    0x00032f38   0x00032f38   0x00000008   Data   RO           42    sdh_ble_observers3  main.o
    0x00032f40   0x00032f40   0x00000008   Data   RO         5837    sdh_req_observers0  nrf_fstorage_sd.o
    0x00032f48   0x00032f48   0x00000008   Data   RO         2498    sdh_soc_observers0  nrf_drv_clock.o
    0x00032f50   0x00032f50   0x00000008   Data   RO         5838    sdh_soc_observers0  nrf_fstorage_sd.o
    0x00032f58   0x00032f58   0x00000008   Data   RO         7498    sdh_stack_observers0  nrf_sdh_ble.o
    0x00032f60   0x00032f60   0x00000008   Data   RO         7551    sdh_stack_observers0  nrf_sdh_soc.o
    0x00032f68   0x00032f68   0x00000008   Data   RO         2499    sdh_state_observers0  nrf_drv_clock.o
    0x00032f70   0x00032f70   0x00000008   Data   RO         5839    sdh_state_observers0  nrf_fstorage_sd.o


    Execution Region RW_IRAM1 (Exec base: 0x200039d8, Load base: 0x00032f78, Size: 0x00003b48, Max: 0x0001c628, ABSOLUTE, COMPRESSED[0x000001a8])

    Exec Addr    Load Addr    Size         Type   Attr      Idx    E Section Name        Object

    0x200039d8   COMPRESSED   0x0000006d   Data   RW           37    .data               main.o
    0x20003a45   COMPRESSED   0x00000003   PAD
    0x20003a48   COMPRESSED   0x00000008   Data   RW          841    .data               bsp_btn_ble.o
    0x20003a50   COMPRESSED   0x00000008   Data   RW         1275    .data               ble_conn_params.o
    0x20003a58   COMPRESSED   0x00000012   Data   RW         2646    .data               nrf_drv_uart.o
    0x20003a6a   COMPRESSED   0x00000002   PAD
    0x20003a6c   COMPRESSED   0x00000008   Data   RW         2859    .data               nrfx_clock.o
    0x20003a74   COMPRESSED   0x00000008   Data   RW         3381    .data               nrfx_prs.o
    0x20003a7c   COMPRESSED   0x00000004   PAD
    0x20003a80   COMPRESSED   0x00000024   Data   RW         4369    .data               app_timer2.o
    0x20003aa4   COMPRESSED   0x0000000c   Data   RW         4640    .data               drv_rtc.o
    0x20003ab0   COMPRESSED   0x00000030   Data   RW         4905    .data               fds.o
    0x20003ae0   COMPRESSED   0x00000008   Data   RW         5836    .data               nrf_fstorage_sd.o
    0x20003ae8   COMPRESSED   0x00000009   Data   RW         6036    .data               nrf_pwr_mgmt.o
    0x20003af1   COMPRESSED   0x00000003   PAD
    0x20003af4   COMPRESSED   0x0000001b   Data   RW         6510    .data               app_uart_fifo.o
    0x20003b0f   COMPRESSED   0x00000001   Data   RW         6588    .data               nrf_log_backend_rtt.o
    0x20003b10   COMPRESSED   0x00000008   Data   RW         6706    .data               nrf_log_default_backends.o
    0x20003b18   COMPRESSED   0x00000014   Data   RW         6773    .data               nrf_log_frontend.o
    0x20003b2c   COMPRESSED   0x00000040   Data   RW         6951    .data               nrf_log_str_formatter.o
    0x20003b6c   COMPRESSED   0x00000003   Data   RW         7376    .data               nrf_sdh.o
    0x20003b6f   COMPRESSED   0x00000001   Data   RW         7496    .data               nrf_sdh_ble.o
    0x20003b70   COMPRESSED   0x0000002c   Data   RW         7629    .data               user_timer.o
    0x20003b9c   COMPRESSED   0x00000020   Data   RW         7699    .data               user_adv.o
    0x20003bbc   COMPRESSED   0x00000224   Data   RW         7839    .data               user_uart.o
    0x20003de0   COMPRESSED   0x00000004   Data   RW         8284    .data               system_nrf52833.o
    0x20003de4   COMPRESSED   0x00000004   Data   RW        10141    .data               mc_w.l(errno.o)
    0x20003de8   COMPRESSED   0x00000014   Data   RW         4906    fs_data             fds.o
    0x20003dfc        -       0x00000928   Zero   RW           35    .bss                main.o
    0x20004724   COMPRESSED   0x00000004   PAD
    0x20004728        -       0x00000070   Zero   RW          736    .bss                bsp.o
    0x20004798        -       0x00000050   Zero   RW         1274    .bss                ble_conn_params.o
    0x200047e8        -       0x0000007c   Zero   RW         1392    .bss                ble_conn_state.o
    0x20004864        -       0x00000014   Zero   RW         2494    .bss                nrf_drv_clock.o
    0x20004878        -       0x00000068   Zero   RW         3060    .bss                nrfx_gpiote.o
    0x200048e0        -       0x0000002c   Zero   RW         3468    .bss                nrfx_uart.o
    0x2000490c        -       0x00000024   Zero   RW         3715    .bss                nrfx_uarte.o
    0x20004930        -       0x0000003c   Zero   RW         3934    .bss                nrfx_timer.o
    0x2000496c        -       0x00000020   Zero   RW         4204    .bss                app_error.o
    0x2000498c        -       0x00000068   Zero   RW         4366    .bss                app_timer2.o
    0x200049f4        -       0x0000000c   Zero   RW         4509    .bss                app_util_platform.o
    0x20004a00        -       0x000000f0   Zero   RW         4903    .bss                fds.o
    0x20004af0        -       0x000000b0   Zero   RW         5834    .bss                nrf_fstorage_sd.o
    0x20004ba0        -       0x0000000c   Zero   RW         6033    .bss                nrf_pwr_mgmt.o
    0x20004bac        -       0x00000020   Zero   RW         6508    .bss                app_uart_fifo.o
    0x20004bcc        -       0x00000040   Zero   RW         6586    .bss                nrf_log_backend_rtt.o
    0x20004c0c        -       0x00000578   Zero   RW         6770    .bss                nrf_log_frontend.o
    0x20005184        -       0x00000288   Zero   RW         7031    .bss                segger_rtt.o
    0x2000540c        -       0x00000014   Zero   RW         7585    .bss                user_app.o
    0x20005420        -       0x00000044   Zero   RW         7698    .bss                user_adv.o
    0x20005464        -       0x000000bc   Zero   RW         7837    .bss                user_uart.o
    0x20005520        -       0x00002000   Zero   RW         7905    STACK               arm_startup_nrf52833.o


==============================================================================

Image component sizes


      Code (inc. data)   RO Data    RW Data    ZI Data      Debug   Object Name

         0          0         19          0          0       1655   app_button.o
       136          4          0          0         32       3574   app_error.o
        26          0          0          0          0        596   app_error_handler_keil.o
       456        194          0          0          0       4966   app_error_weak.o
       170          0          0          0          0       6366   app_fifo.o
         0          0          0          0          0      37186   app_scheduler.o
      1122        124         38         36        104      19497   app_timer2.o
       854        172         32         27         32      16862   app_uart_fifo.o
       200         24          0          0         12      11670   app_util_platform.o
        36          8        512          0       8192        952   arm_startup_nrf52833.o
         0          0          0          0          0        408   auth_status_tracker.o
      2056          0          0          0          0      58840   ble_advdata.o
      1578          6          0          0          0      20372   ble_advertising.o
       936         56          8          8         80      12391   ble_conn_params.o
       550         92          8          0        124       9684   ble_conn_state.o
         0          0         20          0          0      13796   ble_db_discovery.o
       108          0          0          0          0       1652   ble_link_ctx_manager.o
       790          4         32          0          0       7536   ble_nus.o
       676          6          0          0          0      41429   ble_srv_common.o
         0          0          0          0          0        540   boards.o
        92          6          0          0        112       7432   bsp.o
       288          8          8          8          0       3952   bsp_btn_ble.o
      1010         98          6         12          0      54593   drv_rtc.o
      2908        318         24         68        240      38735   fds.o
      3172        828        148        109       2344     223576   main.o
       374          0          0          0          0       7016   nrf_atfifo.o
        90          0          0          0          0       3276   nrf_atflags.o
       422          0          0          0          0       9893   nrf_atomic.o
       218          0          0          0          0       3971   nrf_balloc.o
      1220        280        205          0          0      39763   nrf_ble_gatt.o
       650         58        117          0          0       6543   nrf_ble_gq.o
       390          0          0          0          0       6469   nrf_ble_qwr.o
      1426         46         17          0          0      17987   nrf_ble_scan.o
       440         52         30          0         20      45224   nrf_drv_clock.o
       252         42          0         18          0      18068   nrf_drv_uart.o
        70          0          0          0          0       3725   nrf_fprintf.o
      1030          6         16          0          0       7382   nrf_fprintf_format.o
      1044        356        194          0          0       8344   nrf_fstorage.o
      1118        118         72          8        176      19875   nrf_fstorage_sd.o
       176         16         22          1         64       7345   nrf_log_backend_rtt.o
       242          0          0          0          0      11125   nrf_log_backend_serial.o
        40          6         32          8          0       3437   nrf_log_default_backends.o
      2170        148         44         20       1400      34012   nrf_log_frontend.o
       626        112        102         64          0       6236   nrf_log_str_formatter.o
       514          0          0          0          0       9979   nrf_memobj.o
       172         22         53          9         12      42738   nrf_pwr_mgmt.o
       460          0          0          0          0       6273   nrf_queue.o
        28          0          0          0          0       2455   nrf_ringbuf.o
       994        210        104          3          0      45774   nrf_sdh.o
       972        306        539          1          0       6743   nrf_sdh_ble.o
       152         68         56          0          0       2796   nrf_sdh_soc.o
       112          0          0          0          0       2940   nrf_section_iter.o
       110          0         17          0          0       4213   nrf_sortlist.o
        92         10       1319          0          0       2871   nrf_strerror.o
       424         32         14          8          0      49724   nrfx_clock.o
       712         50         81          0        104      61438   nrfx_gpiote.o
       118         14         12          8          0       3965   nrfx_prs.o
       714         70         14          0         60      22171   nrfx_timer.o
      1748         52         59          0         44      36861   nrfx_uart.o
      1660         52         62          0         36      32319   nrfx_uarte.o
       470         44          0          0        648       8741   segger_rtt.o
       744         62          0          4          0       4291   system_nrf52833.o
      1648        398          0         32         68      15675   user_adv.o
       232         36          0          0         20       2902   user_app.o
       488         86         32         44          0      11368   user_timer.o
      1718        242         14        548        188      39966   user_uart.o

    ----------------------------------------------------------------------
     43514       4942       4174       1056      14116    1274154   Object Totals
         0          0         32          0          0          0   (incl. Generated)
        70          0         60         12          4          0   (incl. Padding)

    ----------------------------------------------------------------------

      Code (inc. data)   RO Data    RW Data    ZI Data      Debug   Library Member Name

        86          0          0          0          0          0   __dczerorl2.o
        28          0          0          0          0         68   _chval.o
       158          0          0          0          0         92   _strtoul.o
        26          0          0          0          0         80   atoi.o
         8          4        133          0          0         68   ctype_o.o
         0          0          0          0          0          0   entry.o
         0          0          0          0          0          0   entry10a.o
         0          0          0          0          0          0   entry11a.o
         8          4          0          0          0          0   entry2.o
         4          0          0          0          0          0   entry5.o
         0          0          0          0          0          0   entry7b.o
         0          0          0          0          0          0   entry8b.o
         8          4          0          0          0          0   entry9a.o
         8          4          0          4          0         68   errno.o
        30          0          0          0          0          0   handlers.o
        36          8          0          0          0         68   init.o
        32          0          0          0          0         68   llushr.o
        26          0          0          0          0         80   memcmp.o
        36          0          0          0          0         68   memcpya.o
        36          0          0          0          0        108   memseta.o
       390         10          0          0          0        252   printf1.o
        24          0          0          0          0         68   strcat.o
        28          0          0          0          0         76   strcmp.o
        18          0          0          0          0         68   strcpy.o
        14          0          0          0          0         68   strlen.o
        30          0          0          0          0         80   strncmp.o
       112          0          0          0          0         88   strtol.o
        44          0          0          0          0         80   uidiv.o

    ----------------------------------------------------------------------
      1194         34        134          4          0       1548   Library Totals
         4          0          1          0          0          0   (incl. Padding)

    ----------------------------------------------------------------------

      Code (inc. data)   RO Data    RW Data    ZI Data      Debug   Library Name

      1190         34        133          4          0       1548   mc_w.l

    ----------------------------------------------------------------------
      1194         34        134          4          0       1548   Library Totals

    ----------------------------------------------------------------------

==============================================================================


      Code (inc. data)   RO Data    RW Data    ZI Data      Debug   

     44708       4976       4308       1060      14116    1221006   Grand Totals
     44708       4976       4308        424      14116    1221006   ELF Image Totals (compressed)
     44708       4976       4308        424          0          0   ROM Totals

==============================================================================

    Total RO  Size (Code + RO Data)                49016 (  47.87kB)
    Total RW  Size (RW Data + ZI Data)             15176 (  14.82kB)
    Total ROM Size (Code + RO Data + RW Data)      49440 (  48.28kB)

==============================================================================

