Component: ARM Compiler 5.06 update 6 (build 750) Tool: armlink [4d35ed]

==============================================================================

Section Cross References

    main.o(i.main) refers to user_drive.o(i.Drive_Log_Init) for Drive_Log_Init
    main.o(i.main) refers to user_drive.o(i.Drive_WDT_Init) for Drive_WDT_Init
    main.o(i.main) refers to ble_dfu_unbonded.o(i.ble_dfu_buttonless_async_svci_init) for ble_dfu_buttonless_async_svci_init
    main.o(i.main) refers to user_drive.o(i.Drive_GPIO_Connect_State_Init) for Drive_GPIO_Connect_State_Init
    main.o(i.main) refers to user_cmnc.o(i.CMNC_Data_Init) for CMNC_Data_Init
    main.o(i.main) refers to user_param.o(i.Param_ADV_Data_Init) for Param_ADV_Data_Init
    main.o(i.main) refers to user_param.o(i.Param_ADV_Data_Get) for Param_ADV_Data_Get
    main.o(i.main) refers to user_drive.o(i.Drive_Timer_Init) for Drive_Timer_Init
    main.o(i.main) refers to user_drive.o(i.Drive_Timer0_to_3_Init) for Drive_Timer0_to_3_Init
    main.o(i.main) refers to user_drive.o(i.Drive_UART_Init) for Drive_UART_Init
    main.o(i.main) refers to user_cmnc.o(i.CMNC_APP_MCU_Data_Init) for CMNC_APP_MCU_Data_Init
    main.o(i.main) refers to user_drive.o(i.Drive_Power_Manage_Init) for Drive_Power_Manage_Init
    main.o(i.main) refers to user_ble.o(i.BLE_Stack_Init) for BLE_Stack_Init
    main.o(i.main) refers to user_param.o(i.Param_ADV_Param_Init) for Param_ADV_Param_Init
    main.o(i.main) refers to user_ble.o(i.BLE_Scan_Init) for BLE_Scan_Init
    main.o(i.main) refers to user_ble.o(i.BLE_GAP_Params_Init) for BLE_GAP_Params_Init
    main.o(i.main) refers to user_ble.o(i.BLE_GATT_Init) for BLE_GATT_Init
    main.o(i.main) refers to user_ble.o(i.BLE_GAP_Conn_Params_Init) for BLE_GAP_Conn_Params_Init
    main.o(i.main) refers to user_ble.o(i.BLE_Serve_Init) for BLE_Serve_Init
    main.o(i.main) refers to user_ble.o(i.BLE_ADV_Init) for BLE_ADV_Init
    main.o(i.main) refers to user_ble.o(i.BLE_ADV_Start) for BLE_ADV_Start
    main.o(i.main) refers to user_ble.o(i.BLE_Scan_Start) for BLE_Scan_Start
    main.o(i.main) refers to user_param.o(i.Param_Get_MacAddr) for Param_Get_MacAddr
    main.o(i.main) refers to user_drive.o(i.Drive_Feed_Dog) for Drive_Feed_Dog
    main.o(i.main) refers to user_ble.o(i.Uart_Data_Choose) for Uart_Data_Choose
    main.o(i.main) refers to user_param.o(i.Param_ADV_Update_Data) for Param_ADV_Update_Data
    main.o(i.main) refers to user_drive.o(i.Drive_Idle_State_Handle) for Drive_Idle_State_Handle
    boards.o(i.bsp_board_button_idx_to_pin) refers to boards.o(.constdata) for m_board_btn_list
    boards.o(i.bsp_board_button_state_get) refers to boards.o(.constdata) for m_board_btn_list
    boards.o(i.bsp_board_buttons_init) refers to boards.o(i.nrf_gpio_cfg) for nrf_gpio_cfg
    boards.o(i.bsp_board_buttons_init) refers to boards.o(.constdata) for m_board_btn_list
    boards.o(i.bsp_board_init) refers to boards.o(i.bsp_board_leds_init) for bsp_board_leds_init
    boards.o(i.bsp_board_init) refers to boards.o(i.bsp_board_buttons_init) for bsp_board_buttons_init
    boards.o(i.bsp_board_led_idx_to_pin) refers to boards.o(.constdata) for m_board_led_list
    boards.o(i.bsp_board_led_invert) refers to boards.o(.constdata) for m_board_led_list
    boards.o(i.bsp_board_led_off) refers to boards.o(i.nrf_gpio_pin_write) for nrf_gpio_pin_write
    boards.o(i.bsp_board_led_off) refers to boards.o(.constdata) for m_board_led_list
    boards.o(i.bsp_board_led_on) refers to boards.o(i.nrf_gpio_pin_write) for nrf_gpio_pin_write
    boards.o(i.bsp_board_led_on) refers to boards.o(.constdata) for m_board_led_list
    boards.o(i.bsp_board_led_state_get) refers to boards.o(.constdata) for m_board_led_list
    boards.o(i.bsp_board_leds_init) refers to boards.o(i.nrf_gpio_cfg) for nrf_gpio_cfg
    boards.o(i.bsp_board_leds_init) refers to boards.o(i.bsp_board_leds_off) for bsp_board_leds_off
    boards.o(i.bsp_board_leds_init) refers to boards.o(.constdata) for m_board_led_list
    boards.o(i.bsp_board_leds_off) refers to boards.o(i.bsp_board_led_off) for bsp_board_led_off
    boards.o(i.bsp_board_leds_on) refers to boards.o(i.bsp_board_led_on) for bsp_board_led_on
    boards.o(i.bsp_board_pin_to_button_idx) refers to boards.o(.constdata) for m_board_btn_list
    boards.o(i.bsp_board_pin_to_led_idx) refers to boards.o(.constdata) for m_board_led_list
    bsp.o(i.alert_timer_handler) refers to boards.o(i.bsp_board_led_invert) for bsp_board_led_invert
    bsp.o(i.bsp_button_event_handler) refers to boards.o(i.bsp_board_pin_to_button_idx) for bsp_board_pin_to_button_idx
    bsp.o(i.bsp_button_event_handler) refers to app_timer2.o(i.app_timer_start) for app_timer_start
    bsp.o(i.bsp_button_event_handler) refers to app_timer2.o(i.app_timer_stop) for app_timer_stop
    bsp.o(i.bsp_button_event_handler) refers to bsp.o(.bss) for m_events_list
    bsp.o(i.bsp_button_event_handler) refers to bsp.o(.data) for current_long_push_pin_no
[...]
    0x00027516   0x00027516   0x0000001c   Code   RO        32168    .text               mc_w.l(strcmp.o)
    0x00027532   0x00027532   0x0000001a   Code   RO        32170    .text               mc_w.l(memcmp.o)
    0x0002754c   0x0002754c   0x00000012   Code   RO        32172    .text               mc_w.l(strcpy.o)
    0x0002755e   0x0002755e   0x0000001e   Code   RO        32174    .text               mc_w.l(strncmp.o)
    0x0002757c   0x0002757c   0x0000001a   Code   RO        32439    .text               mc_w.l(atoi.o)
    0x00027596   0x00027596   0x0000002c   Code   RO        32456    .text               mc_w.l(uidiv.o)
    0x000275c2   0x000275c2   0x00000070   Code   RO        32465    .text               mc_w.l(strtol.o)
    0x00027632   0x00027632   0x00000002   PAD
    0x00027634   0x00027634   0x00000024   Code   RO        32479    .text               mc_w.l(init.o)
    0x00027658   0x00027658   0x0000009e   Code   RO        32483    .text               mc_w.l(_strtoul.o)
    0x000276f6   0x000276f6   0x0000001c   Code   RO        32487    .text               mc_w.l(_chval.o)
    0x00027712   0x00027712   0x00000056   Code   RO        32497    .text               mc_w.l(__dczerorl2.o)
    0x00027768   0x00027768   0x00000068   Code   RO        22226    i.BLE_ADV_Evt_Handle  user_ble.o
    0x000277d0   0x000277d0   0x00000100   Code   RO        22227    i.BLE_ADV_Init      user_ble.o
    0x000278d0   0x000278d0   0x0000005c   Code   RO        22228    i.BLE_ADV_Start     user_ble.o
    0x0002792c   0x0002792c   0x0000005c   Code   RO        22229    i.BLE_ADV_Stop      user_ble.o
    0x00027988   0x00027988   0x000000c0   Code   RO        22230    i.BLE_ADV_Updata    user_ble.o
    0x00027a48   0x00027a48   0x00000010   Code   RO        22231    i.BLE_Disconnect    user_ble.o
    0x00027a58   0x00027a58   0x000001cc   Code   RO        22232    i.BLE_Evt_Handler   user_ble.o
    0x00027c24   0x00027c24   0x00000040   Code   RO        22233    i.BLE_GAP_Conn_Params_Error_Handler  user_ble.o
    0x00027c64   0x00027c64   0x00000088   Code   RO        22234    i.BLE_GAP_Conn_Params_Init  user_ble.o
    0x00027cec   0x00027cec   0x000000c4   Code   RO        22235    i.BLE_GAP_Params_Init  user_ble.o
    0x00027db0   0x00027db0   0x00000054   Code   RO        22236    i.BLE_GATT_Init     user_ble.o
    0x00027e04   0x00027e04   0x000000fc   Code   RO        22237    i.BLE_NUS_Data_Handler  user_ble.o
    0x00027f00   0x00027f00   0x00000040   Code   RO        22238    i.BLE_QWR_Error_Handler  user_ble.o
    0x00027f40   0x00027f40   0x00000050   Code   RO        22239    i.BLE_Scan_Evt_Handler  user_ble.o
    0x00027f90   0x00027f90   0x000000b8   Code   RO        22240    i.BLE_Scan_Init     user_ble.o
    0x00028048   0x00028048   0x00000058   Code   RO        22241    i.BLE_Scan_Start    user_ble.o
    0x000280a0   0x000280a0   0x0000000e   Code   RO        22242    i.BLE_Scan_Stop     user_ble.o
    0x000280ae   0x000280ae   0x00000002   PAD
    0x000280b0   0x000280b0   0x000000bc   Code   RO        22243    i.BLE_Serve_Init    user_ble.o
    0x0002816c   0x0002816c   0x00000090   Code   RO        22244    i.BLE_Stack_Init    user_ble.o
    0x000281fc   0x000281fc   0x00000010   Code   RO        26225    i.CMCN_APP_MCU_Data_Send  user_cmnc.o
    0x0002820c   0x0002820c   0x00000058   Code   RO        26226    i.CMCN_Check        user_cmnc.o
    0x00028264   0x00028264   0x00000054   Code   RO        26228    i.CMCN_Do           user_cmnc.o
    0x000282b8   0x000282b8   0x000000d4   Code   RO        26229    i.CMCN_Get          user_cmnc.o
    0x0002838c   0x0002838c   0x00000230   Code   RO        26230    i.CMCN_Save         user_cmnc.o
    0x000285bc   0x000285bc   0x00000010   Code   RO        26232    i.CMNC_APP_MCU_Data_Init  user_cmnc.o
    0x000285cc   0x000285cc   0x00000114   Code   RO        26233    i.CMNC_APP_MCU_Data_Receice  user_cmnc.o
    0x000286e0   0x000286e0   0x00000014   Code   RO        26234    i.CMNC_APP_MCU_Data_Set  user_cmnc.o
    0x000286f4   0x000286f4   0x0000001c   Code   RO        26235    i.CMNC_CRC_Data     user_cmnc.o
    0x00028710   0x00028710   0x00000034   Code   RO        26236    i.CMNC_Data_Init    user_cmnc.o
    0x00028744   0x00028744   0x00000016   Code   RO        26237    i.CMNC_Get_CRC_Digit  user_cmnc.o
    0x0002875a   0x0002875a   0x00000002   PAD
    0x0002875c   0x0002875c   0x000000a4   Code   RO        26239    i.CMNC_Repeat_Filt  user_cmnc.o
    0x00028800   0x00028800   0x00000060   Code   RO        26240    i.CMNC_String_To_Hex  user_cmnc.o
    0x00028860   0x00028860   0x00000010   Code   RO        24254    i.Drive_Feed_Dog    user_drive.o
    0x00028870   0x00028870   0x00000018   Code   RO        24255    i.Drive_GPIO_Connect_State_Close  user_drive.o
    0x00028888   0x00028888   0x00000036   Code   RO        24256    i.Drive_GPIO_Connect_State_Init  user_drive.o
    0x000288be   0x000288be   0x00000018   Code   RO        24257    i.Drive_GPIO_Connect_State_Open  user_drive.o
    0x000288d6   0x000288d6   0x0000000e   Code   RO        24258    i.Drive_Idle_State_Handle  user_drive.o
    0x000288e4   0x000288e4   0x00000054   Code   RO        24259    i.Drive_Log_Init    user_drive.o
    0x00028938   0x00028938   0x0000004c   Code   RO        24260    i.Drive_Power_Manage_Init  user_drive.o
    0x00028984   0x00028984   0x00000128   Code   RO        24261    i.Drive_Timer0_to_3_Init  user_drive.o
    0x00028aac   0x00028aac   0x00000048   Code   RO        24262    i.Drive_Timer_Init  user_drive.o
    0x00028af4   0x00028af4   0x00000150   Code   RO        24263    i.Drive_UART_Evt_Handle  user_drive.o
    0x00028c44   0x00028c44   0x00000088   Code   RO        24264    i.Drive_UART_Init   user_drive.o
    0x00028ccc   0x00028ccc   0x0000001a   Code   RO        24265    i.Drive_UART_Send_String  user_drive.o
    0x00028ce6   0x00028ce6   0x00000002   PAD
    0x00028ce8   0x00028ce8   0x00000038   Code   RO        24266    i.Drive_WDT_Even_Handle  user_drive.o
    0x00028d20   0x00028d20   0x00000088   Code   RO        24267    i.Drive_WDT_Init    user_drive.o
    0x00028da8   0x00028da8   0x000000bc   Code   RO        10260    i.GPIOTE_IRQHandler  nrfx_gpiote.o
    0x00028e64   0x00028e64   0x000000a4   Code   RO        10087    i.POWER_CLOCK_IRQHandler  nrfx_clock.o
    0x00028f08   0x00028f08   0x00000040   Code   RO        28206    i.Param_ADV_Data_Get  user_param.o
    0x00028f48   0x00028f48   0x00000030   Code   RO        28207    i.Param_ADV_Data_Init  user_param.o
    0x00028f78   0x00028f78   0x00000040   Code   RO        28208    i.Param_ADV_Data_Set  user_param.o
    0x00028fb8   0x00028fb8   0x00000078   Code   RO        28209    i.Param_ADV_Get_Delay  user_param.o
    0x00029030   0x00029030   0x00000064   Code   RO        28210    i.Param_ADV_Get_Interval  user_param.o
    0x00029094   0x00029094   0x0000004c   Code   RO        28211    i.Param_ADV_Get_Name  user_param.o
    0x000290e0   0x000290e0   0x00000030   Code   RO        28212    i.Param_ADV_Get_Param  user_param.o
    0x00029110   0x00029110   0x00000080   Code   RO        28213    i.Param_ADV_Get_Timeout  user_param.o
    0x00029190   0x00029190   0x00000070   Code   RO        28214    i.Param_ADV_Get_TxPwr  user_param.o
    0x00029200   0x00029200   0x00000034   Code   RO        28215    i.Param_ADV_Param_Init  user_param.o
    0x00029234   0x00029234   0x0000007c   Code   RO        28216    i.Param_ADV_Set_Delay  user_param.o
    0x000292b0   0x000292b0   0x00000070   Code   RO        28217    i.Param_ADV_Set_Interval  user_param.o
    0x00029320   0x00029320   0x00000074   Code   RO        28218    i.Param_ADV_Set_Name  user_param.o
    0x00029394   0x00029394   0x00000088   Code   RO        28220    i.Param_ADV_Set_Timeout  user_param.o
    0x0002941c   0x0002941c   0x000000cc   Code   RO        28221    i.Param_ADV_Set_TxPwr  user_param.o
    0x000294e8   0x000294e8   0x0000000c   Code   RO        28222    i.Param_ADV_Status_Get  user_param.o
    0x000294f4   0x000294f4   0x0000000c   Code   RO        28223    i.Param_ADV_Status_Set  user_param.o
    0x00029500   0x00029500   0x000000b8   Code   RO        28224    i.Param_ADV_Store_Name  user_param.o
    0x000295b8   0x000295b8   0x00000014   Code   RO        28225    i.Param_ADV_Two_Get  user_param.o
    0x000295cc   0x000295cc   0x00000044   Code   RO        28227    i.Param_ADV_Update_Data  user_param.o
    0x00029610   0x00029610   0x0000000c   Code   RO        28228    i.Param_Get_Ble_Connect_Status  user_param.o
    0x0002961c   0x0002961c   0x00000070   Code   RO        28229    i.Param_Get_MacAddr  user_param.o
    0x0002968c   0x0002968c   0x0000000c   Code   RO        28230    i.Param_Scan_Status_Get  user_param.o
    0x00029698   0x00029698   0x0000000c   Code   RO        28231    i.Param_Scan_Status_Set  user_param.o
    0x000296a4   0x000296a4   0x0000000c   Code   RO        28232    i.Param_Set_Ble_Connect_Status  user_param.o
    0x000296b0   0x000296b0   0x0000002a   Code   RO        28233    i.Param_Update_One  user_param.o
    0x000296da   0x000296da   0x00000002   PAD
    0x000296dc   0x000296dc   0x0000007c   Code   RO        28234    i.Param_Update_Two  user_param.o
    0x00029758   0x00029758   0x00000018   Code   RO        19254    i.RTC1_IRQHandler   drv_rtc.o
    0x00029770   0x00029770   0x00000008   Code   RO        21653    i.SEGGER_RTT_Init   segger_rtt.o
    0x00029778   0x00029778   0x00000084   Code   RO        21667    i.SEGGER_RTT_WriteNoLock  segger_rtt.o
    0x000297fc   0x000297fc   0x00000008   Code   RO        22002    i.SWI2_EGU2_IRQHandler  nrf_sdh.o
    0x00029804   0x00029804   0x00000010   Code   RO        30250    i.SystemCoreClockUpdate  system_nrf52820.o
    0x00029814   0x00029814   0x000001ac   Code   RO        30251    i.SystemInit        system_nrf52820.o
    0x000299c0   0x000299c0   0x00000018   Code   RO        16656    i.TIMER0_IRQHandler  nrfx_timer.o
    0x000299d8   0x000299d8   0x00000018   Code   RO        16657    i.TIMER1_IRQHandler  nrfx_timer.o
    0x000299f0   0x000299f0   0x00000018   Code   RO        16658    i.TIMER2_IRQHandler  nrfx_timer.o
    0x00029a08   0x00029a08   0x00000018   Code   RO        16659    i.TIMER3_IRQHandler  nrfx_timer.o
    0x00029a20   0x00029a20   0x00000010   Code   RO        12465    i.UARTE0_UART0_IRQHandler  nrfx_prs.o
    0x00029a30   0x00029a30   0x00000020   Code   RO        26241    i.Uart_Clean_Block  user_cmnc.o
    0x00029a50   0x00029a50   0x0000056c   Code   RO        26242    i.Uart_Cmd          user_cmnc.o
    0x00029fbc   0x00029fbc   0x000000f0   Code   RO        22245    i.Uart_Data_Choose  user_ble.o
    0x0002a0ac   0x0002a0ac   0x00000264   Code   RO        24268    i.User_Timer_Delay_Event_Handler  user_drive.o
    0x0002a310   0x0002a310   0x00000040   Code   RO        16843    i.WDT_IRQHandler    nrfx_wdt.o
    0x0002a350   0x0002a350   0x00000070   Code   RO        21671    i._DoInit           segger_rtt.o
    0x0002a3c0   0x0002a3c0   0x0000001c   Code   RO        21672    i._GetAvailWriteSpace  segger_rtt.o
    0x0002a3dc   0x0002a3dc   0x00000072   Code   RO        21674    i._WriteBlocking    segger_rtt.o
    0x0002a44e   0x0002a44e   0x0000004c   Code   RO        21675    i._WriteNoCheck     segger_rtt.o
    0x0002a49a   0x0002a49a   0x00000002   PAD
    0x0002a49c   0x0002a49c   0x00000028   Code   RO        32225    i.__0sprintf$1      mc_w.l(printf1.o)
    0x0002a4c4   0x0002a4c4   0x00000040   Code   RO        22246    i.__NVIC_SystemReset  user_ble.o
    0x0002a504   0x0002a504   0x00000008   Code   RO        32458    i.__aeabi_errno_addr  mc_w.l(errno.o)
    0x0002a50c   0x0002a50c   0x0000000e   Code   RO        32491    i.__scatterload_copy  mc_w.l(handlers.o)
    0x0002a51a   0x0002a51a   0x00000002   Code   RO        32492    i.__scatterload_null  mc_w.l(handlers.o)
    0x0002a51c   0x0002a51c   0x0000000e   Code   RO        32493    i.__scatterload_zeroinit  mc_w.l(handlers.o)
    0x0002a52a   0x0002a52a   0x00000002   PAD
    0x0002a52c   0x0002a52c   0x00000038   Code   RO        22003    i.__sd_nvic_app_accessible_irq  nrf_sdh.o
    0x0002a564   0x0002a564   0x0000000c   Code   RO        19149    i.__sd_nvic_irq_disable  app_util_platform.o
    0x0002a570   0x0002a570   0x00000154   Code   RO        32230    i._printf_core      mc_w.l(printf1.o)
    0x0002a6c4   0x0002a6c4   0x0000000a   Code   RO        32232    i._sputc            mc_w.l(printf1.o)
    0x0002a6ce   0x0002a6ce   0x00000010   Code   RO        20370    i.addr_is_aligned32  nrf_fstorage.o
    0x0002a6de   0x0002a6de   0x00000014   Code   RO        20371    i.addr_is_page_aligned  nrf_fstorage.o
    0x0002a6f2   0x0002a6f2   0x00000018   Code   RO         8302    i.addr_is_valid     ble_advertising.o
    0x0002a70a   0x0002a70a   0x0000001c   Code   RO        20372    i.addr_is_within_bounds  nrf_fstorage.o
    0x0002a726   0x0002a726   0x00000002   PAD
    0x0002a728   0x0002a728   0x0000002c   Code   RO        19473    i.address_is_valid  fds.o
    0x0002a754   0x0002a754   0x00000058   Code   RO         8303    i.adv_mode_next_avail_get  ble_advertising.o
    0x0002a7ac   0x0002a7ac   0x00000012   Code   RO         8304    i.adv_mode_next_get  ble_advertising.o
    0x0002a7be   0x0002a7be   0x00000036   Code   RO         9173    i.adv_name_compare  nrf_ble_scan.o
    0x0002a7f4   0x0002a7f4   0x00000012   Code   RO         8305    i.adv_set_data_size_max_get  ble_advertising.o
    0x0002a806   0x0002a806   0x00000062   Code   RO         9174    i.adv_uuid_compare  nrf_ble_scan.o
    0x0002a868   0x0002a868   0x00000054   Code   RO         6197    i.advertising_buttons_configure  bsp_btn_ble.o
    0x0002a8bc   0x0002a8bc   0x0000001e   Code   RO        22247    i.advertising_config_get  user_ble.o
    0x0002a8da   0x0002a8da   0x00000002   PAD
    0x0002a8dc   0x0002a8dc   0x000001c8   Code   RO        18912    i.app_error_fault_handler  app_error_weak.o
    0x0002aaa4   0x0002aaa4   0x00000088   Code   RO        18857    i.app_error_save_and_stop  app_error.o
    0x0002ab2c   0x0002ab2c   0x0000001e   Code   RO        21062    i.app_fifo_get      app_fifo.o
    0x0002ab4a   0x0002ab4a   0x00000024   Code   RO        21063    i.app_fifo_init     app_fifo.o
    0x0002ab6e   0x0002ab6e   0x00000022   Code   RO        21065    i.app_fifo_put      app_fifo.o
    0x0002ab90   0x0002ab90   0x000000a4   Code   RO        22248    i.app_shutdown_handler  user_ble.o
    0x0002ac34   0x0002ac34   0x00000010   Code   RO        18993    i.app_timer_cnt_get  app_timer2.o
    0x0002ac44   0x0002ac44   0x00000020   Code   RO        18994    i.app_timer_create  app_timer2.o
    0x0002ac64   0x0002ac64   0x0000006c   Code   RO        18995    i.app_timer_init    app_timer2.o
    0x0002acd0   0x0002acd0   0x00000036   Code   RO        18998    i.app_timer_start   app_timer2.o
    0x0002ad06   0x0002ad06   0x00000014   Code   RO        18999    i.app_timer_stop    app_timer2.o
    0x0002ad1a   0x0002ad1a   0x00000002   PAD
    0x0002ad1c   0x0002ad1c   0x00000098   Code   RO        21146    i.app_uart_get      app_uart_fifo.o
    0x0002adb4   0x0002adb4   0x000000dc   Code   RO        21147    i.app_uart_init     app_uart_fifo.o
    0x0002ae90   0x0002ae90   0x0000006c   Code   RO        21148    i.app_uart_put      app_uart_fifo.o
    0x0002aefc   0x0002aefc   0x0000000c   Code   RO        19150    i.app_util_critical_region_enter  app_util_platform.o
    0x0002af08   0x0002af08   0x00000048   Code   RO        19151    i.app_util_critical_region_exit  app_util_platform.o
    0x0002af50   0x0002af50   0x00000052   Code   RO         8175    i.appearance_encode  ble_advdata.o
    0x0002afa2   0x0002afa2   0x0000007c   Code   RO        12519    i.apply_config      nrfx_uart.o
    0x0002b01e   0x0002b01e   0x0000007c   Code   RO        14599    i.apply_config      nrfx_uarte.o
    0x0002b09a   0x0002b09a   0x00000002   PAD
    0x0002b09c   0x0002b09c   0x0000003c   Code   RO        21385    i.backend_id_assign  nrf_log_frontend.o
    0x0002b0d8   0x0002b0d8   0x0000006c   Code   RO         9362    i.blcm_link_ctx_get  ble_link_ctx_manager.o
    0x0002b144   0x0002b144   0x0000016c   Code   RO         8177    i.ble_advdata_encode  ble_advdata.o
    0x0002b2b0   0x0002b2b0   0x0000004e   Code   RO         8178    i.ble_advdata_name_find  ble_advdata.o
    0x0002b2fe   0x0002b2fe   0x00000028   Code   RO         8179    i.ble_advdata_parse  ble_advdata.o
    0x0002b326   0x0002b326   0x0000005c   Code   RO         8180    i.ble_advdata_search  ble_advdata.o
    0x0002b382   0x0002b382   0x000000d0   Code   RO         8182    i.ble_advdata_uuid_find  ble_advdata.o
    0x0002b452   0x0002b452   0x000000c6   Code   RO         8306    i.ble_advertising_advdata_update  ble_advertising.o
    0x0002b518   0x0002b518   0x00000006   Code   RO         8307    i.ble_advertising_conn_cfg_tag_set  ble_advertising.o
    0x0002b51e   0x0002b51e   0x00000108   Code   RO         8308    i.ble_advertising_init  ble_advertising.o
    0x0002b626   0x0002b626   0x00000012   Code   RO         8309    i.ble_advertising_modes_config_set  ble_advertising.o
    0x0002b638   0x0002b638   0x0000003c   Code   RO         8310    i.ble_advertising_on_ble_evt  ble_advertising.o
    0x0002b674   0x0002b674   0x00000174   Code   RO         8313    i.ble_advertising_start  ble_advertising.o
    0x0002b7e8   0x0002b7e8   0x0000009c   Code   RO         8458    i.ble_conn_params_init  ble_conn_params.o
    0x0002b884   0x0002b884   0x00000014   Code   RO         8565    i.ble_conn_state_conn_idx  ble_conn_state.o
    0x0002b898   0x0002b898   0x00000018   Code   RO         8567    i.ble_conn_state_for_each_connected  ble_conn_state.o
    0x0002b8b0   0x0002b8b0   0x0000001c   Code   RO         8579    i.ble_conn_state_valid  ble_conn_state.o
    0x0002b8cc   0x0002b8cc   0x00000076   Code   RO         8183    i.ble_device_addr_encode  ble_advdata.o
    0x0002b942   0x0002b942   0x00000002   PAD
    0x0002b944   0x0002b944   0x0000003c   Code   RO         9516    i.ble_dfu_buttonless_async_svci_init  ble_dfu_unbonded.o
    0x0002b980   0x0002b980   0x00000018   Code   RO         9517    i.ble_dfu_buttonless_backend_init  ble_dfu_unbonded.o
    0x0002b998   0x0002b998   0x00000040   Code   RO         9586    i.ble_dfu_buttonless_bootloader_start_finalize  ble_dfu.o
    0x0002b9d8   0x0002b9d8   0x0000001c   Code   RO         9518    i.ble_dfu_buttonless_bootloader_start_prepare  ble_dfu_unbonded.o
    0x0002b9f4   0x0002b9f4   0x00000062   Code   RO         9519    i.ble_dfu_buttonless_char_add  ble_dfu_unbonded.o
    0x0002ba56   0x0002ba56   0x00000002   PAD
    0x0002ba58   0x0002ba58   0x000000a4   Code   RO         9587    i.ble_dfu_buttonless_init  ble_dfu.o
    0x0002bafc   0x0002bafc   0x0000004a   Code   RO         9588    i.ble_dfu_buttonless_on_ble_evt  ble_dfu.o
    0x0002bb46   0x0002bb46   0x00000002   PAD
    0x0002bb48   0x0002bb48   0x0000008c   Code   RO         9520    i.ble_dfu_buttonless_on_ctrl_pt_write  ble_dfu_unbonded.o
    0x0002bbd4   0x0002bbd4   0x0000008c   Code   RO         9521    i.ble_dfu_buttonless_on_sys_evt  ble_dfu_unbonded.o
    0x0002bc60   0x0002bc60   0x00000064   Code   RO         9589    i.ble_dfu_buttonless_resp_send  ble_dfu.o
    0x0002bcc4   0x0002bcc4   0x000001d4   Code   RO        22249    i.ble_dfu_evt_handler  user_ble.o
    0x0002be98   0x0002be98   0x00000078   Code   RO         6198    i.ble_evt_handler   bsp_btn_ble.o
    0x0002bf10   0x0002bf10   0x00000040   Code   RO         8460    i.ble_evt_handler   ble_conn_params.o
    0x0002bf50   0x0002bf50   0x000000f8   Code   RO         8580    i.ble_evt_handler   ble_conn_state.o
    0x0002c048   0x0002c048   0x0000007a   Code   RO         9404    i.ble_nus_data_send  ble_nus.o
    0x0002c0c2   0x0002c0c2   0x00000002   PAD
    0x0002c0c4   0x0002c0c4   0x0000018c   Code   RO         9405    i.ble_nus_init      ble_nus.o
    0x0002c250   0x0002c250   0x00000044   Code   RO         9406    i.ble_nus_on_ble_evt  ble_nus.o
    0x0002c294   0x0002c294   0x00000012   Code   RO         8774    i.ble_srv_is_indication_enabled  ble_srv_common.o
    0x0002c2a6   0x0002c2a6   0x00000012   Code   RO         8775    i.ble_srv_is_notification_enabled  ble_srv_common.o
    0x0002c2b8   0x0002c2b8   0x0000005c   Code   RO         4253    i.bsp_event_to_button_action_assign  bsp.o
    0x0002c314   0x0002c314   0x000000e8   Code   RO        21386    i.buf_prealloc      nrf_log_frontend.o
    0x0002c3fc   0x0002c3fc   0x0000002c   Code   RO        20325    i.buffer_add        nrf_fprintf_format.o
    0x0002c428   0x0002c428   0x00000018   Code   RO        21387    i.buffer_is_empty   nrf_log_frontend.o
    0x0002c440   0x0002c440   0x00000020   Code   RO        22250    i.buttonless_dfu_sdh_state_observer  user_ble.o
    0x0002c460   0x0002c460   0x00000010   Code   RO        10262    i.channel_handler_get  nrfx_gpiote.o
    0x0002c470   0x0002c470   0x0000000c   Code   RO        10264    i.channel_port_get  nrfx_gpiote.o
    0x0002c47c   0x0002c47c   0x000001c8   Code   RO         8777    i.characteristic_add  ble_srv_common.o
    0x0002c644   0x0002c644   0x00000030   Code   RO         9722    i.clock_clk_started_notify  nrf_drv_clock.o
    0x0002c674   0x0002c674   0x00000028   Code   RO         9723    i.clock_irq_handler  nrf_drv_clock.o
    0x0002c69c   0x0002c69c   0x00000026   Code   RO        19001    i.compare_func      app_timer2.o
    0x0002c6c2   0x0002c6c2   0x00000018   Code   RO         8315    i.config_is_valid   ble_advertising.o
    0x0002c6da   0x0002c6da   0x00000020   Code   RO         9020    i.conn_handle_id_find  nrf_ble_gq.o
    0x0002c6fa   0x0002c6fa   0x0000003c   Code   RO         8581    i.conn_handle_list_get  ble_conn_state.o
    0x0002c736   0x0002c736   0x0000005a   Code   RO         8184    i.conn_int_check    ble_advdata.o
    0x0002c790   0x0002c790   0x00000068   Code   RO         8185    i.conn_int_encode   ble_advdata.o
    0x0002c7f8   0x0002c7f8   0x00000054   Code   RO         8461    i.conn_params_negotiation  ble_conn_params.o
    0x0002c84c   0x0002c84c   0x00000054   Code   RO         6201    i.connection_buttons_configure  bsp_btn_ble.o
    0x0002c8a0   0x0002c8a0   0x000000e8   Code   RO         8898    i.data_length_update  nrf_ble_gatt.o
    0x0002c988   0x0002c988   0x00000052   Code   RO        19474    i.delete_execute    fds.o
    0x0002c9da   0x0002c9da   0x00000002   PAD
    0x0002c9dc   0x0002c9dc   0x00000038   Code   RO        22251    i.disconnect        user_ble.o
    0x0002ca14   0x0002ca14   0x00000018   Code   RO        21388    i.dropped_sat16_get  nrf_log_frontend.o
    0x0002ca2c   0x0002ca2c   0x00000016   Code   RO        19255    i.drv_rtc_compare_disable  drv_rtc.o
    0x0002ca42   0x0002ca42   0x0000001a   Code   RO        19258    i.drv_rtc_compare_pending  drv_rtc.o
    0x0002ca5c   0x0002ca5c   0x0000005c   Code   RO        19259    i.drv_rtc_compare_set  drv_rtc.o
    0x0002cab8   0x0002cab8   0x0000000c   Code   RO        19260    i.drv_rtc_counter_get  drv_rtc.o
    0x0002cac4   0x0002cac4   0x00000128   Code   RO        19261    i.drv_rtc_init      drv_rtc.o
    0x0002cbec   0x0002cbec   0x00000024   Code   RO        19262    i.drv_rtc_irq_trigger  drv_rtc.o
    0x0002cc10   0x0002cc10   0x00000012   Code   RO        19264    i.drv_rtc_overflow_enable  drv_rtc.o
    0x0002cc22   0x0002cc22   0x00000010   Code   RO        19265    i.drv_rtc_overflow_pending  drv_rtc.o
    0x0002cc32   0x0002cc32   0x0000000e   Code   RO        19266    i.drv_rtc_start     drv_rtc.o
    0x0002cc40   0x0002cc40   0x0000000e   Code   RO        19267    i.drv_rtc_stop      drv_rtc.o
    0x0002cc4e   0x0002cc4e   0x000000fc   Code   RO        19272    i.drv_rtc_windowed_compare_set  drv_rtc.o
    0x0002cd4a   0x0002cd4a   0x00000002   Code   RO         9590    i.dummy_evt_handler  ble_dfu.o
    0x0002cd4c   0x0002cd4c   0x00000048   Code   RO         9522    i.enter_bootloader  ble_dfu_unbonded.o
    0x0002cd94   0x0002cd94   0x00000058   Code   RO        20462    i.erase             nrf_fstorage_sd.o
    0x0002cdec   0x0002cdec   0x0000000e   Code   RO        20463    i.erase_execute     nrf_fstorage_sd.o
    0x0002cdfa   0x0002cdfa   0x0000007e   Code   RO        19475    i.event_prepare     fds.o
    0x0002ce78   0x0002ce78   0x00000028   Code   RO        19476    i.event_send        fds.o
    0x0002cea0   0x0002cea0   0x00000068   Code   RO        20464    i.event_send        nrf_fstorage_sd.o
    0x0002cf08   0x0002cf08   0x00000018   Code   RO        19273    i.evt_disable       drv_rtc.o
    0x0002cf20   0x0002cf20   0x0000001c   Code   RO        19274    i.evt_enable        drv_rtc.o
    0x0002cf3c   0x0002cf3c   0x0000001c   Code   RO        19275    i.evt_pending       drv_rtc.o
    0x0002cf58   0x0002cf58   0x00000018   Code   RO        21068    i.fifo_get          app_fifo.o
    0x0002cf70   0x0002cf70   0x0000000a   Code   RO        21069    i.fifo_length       app_fifo.o
    0x0002cf7a   0x0002cf7a   0x0000000a   Code   RO        21149    i.fifo_length       app_uart_fifo.o
    0x0002cf84   0x0002cf84   0x00000012   Code   RO        21070    i.fifo_peek         app_fifo.o
    0x0002cf96   0x0002cf96   0x00000012   Code   RO        21071    i.fifo_put          app_fifo.o
    0x0002cfa8   0x0002cfa8   0x00000034   Code   RO        19496    i.file_find_and_delete  fds.o
    0x0002cfdc   0x0002cfdc   0x0000001e   Code   RO         8582    i.flag_toggle       ble_conn_state.o
    0x0002cffa   0x0002cffa   0x00000036   Code   RO         8186    i.flags_encode      ble_advdata.o
    0x0002d030   0x0002d030   0x0000002c   Code   RO         8316    i.flags_set         ble_advertising.o
    0x0002d05c   0x0002d05c   0x00000032   Code   RO         8583    i.for_each_set_flag  ble_conn_state.o
    0x0002d08e   0x0002d08e   0x0000000c   Code   RO        19500    i.fs_event_handler  fds.o
    0x0002d09a   0x0002d09a   0x00000036   Code   RO         9022    i.gattc_write_alloc  nrf_ble_gq.o
    0x0002d0d0   0x0002d0d0   0x0000004a   Code   RO         9023    i.gatts_hvx_alloc   nrf_ble_gq.o
    0x0002d11a   0x0002d11a   0x00000002   PAD
    0x0002d11c   0x0002d11c   0x00000074   Code   RO        19501    i.gc_execute        fds.o
    0x0002d190   0x0002d190   0x00000040   Code   RO        19502    i.gc_init           fds.o
    0x0002d1d0   0x0002d1d0   0x00000028   Code   RO        19503    i.gc_next_page      fds.o
    0x0002d1f8   0x0002d1f8   0x0000004c   Code   RO        19504    i.gc_page_erase     fds.o
    0x0002d244   0x0002d244   0x00000050   Code   RO        19505    i.gc_page_next      fds.o
    0x0002d294   0x0002d294   0x00000040   Code   RO        19506    i.gc_record_copy    fds.o
    0x0002d2d4   0x0002d2d4   0x00000024   Code   RO        19507    i.gc_record_find_next  fds.o
    0x0002d2f8   0x0002d2f8   0x00000058   Code   RO        19508    i.gc_state_advance  fds.o
    0x0002d350   0x0002d350   0x0000002c   Code   RO        19509    i.gc_swap_erase     fds.o
    0x0002d37c   0x0002d37c   0x00000060   Code   RO        19510    i.gc_swap_pages     fds.o
    0x0002d3dc   0x0002d3dc   0x00000024   Code   RO        19511    i.gc_swap_promote   fds.o
    0x0002d400   0x0002d400   0x00000018   Code   RO        19512    i.gc_tag_new_swap   fds.o
    0x0002d418   0x0002d418   0x00000020   Code   RO        19513    i.gc_update_swap_offset  fds.o
    0x0002d438   0x0002d438   0x0000003c   Code   RO        19002    i.get_now           app_timer2.o
    0x0002d474   0x0002d474   0x00000030   Code   RO        19514    i.header_check      fds.o
    0x0002d4a4   0x0002d4a4   0x00000016   Code   RO        19515    i.header_has_next   fds.o
    0x0002d4ba   0x0002d4ba   0x0000000e   Code   RO        19516    i.header_jump       fds.o
    0x0002d4c8   0x0002d4c8   0x0000003c   Code   RO        20465    i.init              nrf_fstorage_sd.o
    0x0002d504   0x0002d504   0x00000134   Code   RO        19517    i.init_execute      fds.o
    0x0002d638   0x0002d638   0x0000002c   Code   RO         8462    i.instance_get      ble_conn_params.o
    0x0002d664   0x0002d664   0x000000be   Code   RO        20326    i.int_print         nrf_fprintf_format.o
    0x0002d722   0x0002d722   0x00000002   PAD
    0x0002d724   0x0002d724   0x00000094   Code   RO        12521    i.interrupts_enable  nrfx_uart.o
    0x0002d7b8   0x0002d7b8   0x000000b4   Code   RO        14601    i.interrupts_enable  nrfx_uarte.o
    0x0002d86c   0x0002d86c   0x00000046   Code   RO        21390    i.invalid_packets_omit  nrf_log_frontend.o
    0x0002d8b2   0x0002d8b2   0x0000005c   Code   RO        16660    i.irq_handler       nrfx_timer.o
    0x0002d90e   0x0002d90e   0x00000002   PAD
    0x0002d910   0x0002d910   0x00000014   Code   RO        20466    i.is_busy           nrf_fstorage_sd.o
    0x0002d924   0x0002d924   0x00000072   Code   RO         8463    i.is_conn_params_ok  ble_conn_params.o
    0x0002d996   0x0002d996   0x00000022   Code   RO         9175    i.is_whitelist_used  nrf_ble_scan.o
    0x0002d9b8   0x0002d9b8   0x00000010   Code   RO        19518    i.is_word_aligned   fds.o
    0x0002d9c8   0x0002d9c8   0x0000000c   Code   RO         9726    i.item_dequeue      nrf_drv_clock.o
    0x0002d9d4   0x0002d9d4   0x00000026   Code   RO        10265    i.latch_pending_read_and_check  nrfx_gpiote.o
    0x0002d9fa   0x0002d9fa   0x00000002   PAD
    0x0002d9fc   0x0002d9fc   0x00000018   Code   RO         9728    i.lfclk_stop        nrf_drv_clock.o
    0x0002da14   0x0002da14   0x00000018   Code   RO         8899    i.link_init         nrf_ble_gatt.o
    0x0002da2c   0x0002da2c   0x000000cc   Code   RO        21391    i.log_skip          nrf_log_frontend.o
    0x0002daf8   0x0002daf8   0x00000078   Code   RO            4    i.main              main.o
    0x0002db70   0x0002db70   0x00000076   Code   RO         8187    i.manuf_specific_data_encode  ble_advdata.o
    0x0002dbe6   0x0002dbe6   0x000000ca   Code   RO        20597    i.memobj_op         nrf_memobj.o
    0x0002dcb0   0x0002dcb0   0x00000038   Code   RO        21392    i.module_idx_get    nrf_log_frontend.o
    0x0002dce8   0x0002dce8   0x000000c8   Code   RO         8188    i.name_encode       ble_advdata.o
    0x0002ddb0   0x0002ddb0   0x0000005c   Code   RO        30361    i.nrf52_errata_136  system_nrf52820.o
    0x0002de0c   0x0002de0c   0x0000005c   Code   RO        30456    i.nrf52_errata_36   system_nrf52820.o
    0x0002de68   0x0002de68   0x0000005c   Code   RO        30479    i.nrf52_errata_66   system_nrf52820.o
    0x0002dec4   0x0002dec4   0x00000016   Code   RO        19963    i.nrf_atfifo_clear  nrf_atfifo.o
    0x0002deda   0x0002deda   0x00000028   Code   RO        19965    i.nrf_atfifo_init   nrf_atfifo.o
    0x0002df02   0x0002df02   0x0000001c   Code   RO        19966    i.nrf_atfifo_item_alloc  nrf_atfifo.o
    0x0002df1e   0x0002df1e   0x0000001c   Code   RO        19967    i.nrf_atfifo_item_free  nrf_atfifo.o
    0x0002df3a   0x0002df3a   0x0000001c   Code   RO        19968    i.nrf_atfifo_item_get  nrf_atfifo.o
    0x0002df56   0x0002df56   0x0000001c   Code   RO        19969    i.nrf_atfifo_item_put  nrf_atfifo.o
    0x0002df72   0x0002df72   0x0000001e   Code   RO        20034    i.nrf_atflags_clear  nrf_atflags.o
    0x0002df90   0x0002df90   0x0000001e   Code   RO        20039    i.nrf_atflags_get   nrf_atflags.o
    0x0002dfae   0x0002dfae   0x0000001e   Code   RO        20041    i.nrf_atflags_set   nrf_atflags.o
    0x0002dfcc   0x0002dfcc   0x0000000e   Code   RO        20102    i.nrf_atomic_flag_clear_fetch  nrf_atomic.o
    0x0002dfda   0x0002dfda   0x0000000e   Code   RO        20103    i.nrf_atomic_flag_set  nrf_atomic.o
    0x0002dfe8   0x0002dfe8   0x0000000e   Code   RO        20104    i.nrf_atomic_flag_set_fetch  nrf_atomic.o
    0x0002dff6   0x0002dff6   0x00000016   Code   RO        20105    i.nrf_atomic_u32_add  nrf_atomic.o
    0x0002e00c   0x0002e00c   0x00000016   Code   RO        20106    i.nrf_atomic_u32_and  nrf_atomic.o
    0x0002e022   0x0002e022   0x00000016   Code   RO        20109    i.nrf_atomic_u32_fetch_and  nrf_atomic.o
    0x0002e038   0x0002e038   0x00000016   Code   RO        20110    i.nrf_atomic_u32_fetch_or  nrf_atomic.o
    0x0002e04e   0x0002e04e   0x00000016   Code   RO        20111    i.nrf_atomic_u32_fetch_store  nrf_atomic.o
    0x0002e064   0x0002e064   0x00000016   Code   RO        20115    i.nrf_atomic_u32_or  nrf_atomic.o
    0x0002e07a   0x0002e07a   0x00000016   Code   RO        20117    i.nrf_atomic_u32_sub  nrf_atomic.o
    0x0002e090   0x0002e090   0x00000052   Code   RO        20239    i.nrf_balloc_alloc  nrf_balloc.o
    0x0002e0e2   0x0002e0e2   0x00000010   Code   RO        20240    i.nrf_balloc_block2idx  nrf_balloc.o
    0x0002e0f2   0x0002e0f2   0x00000030   Code   RO        20241    i.nrf_balloc_free   nrf_balloc.o
    0x0002e122   0x0002e122   0x0000000c   Code   RO        20242    i.nrf_balloc_idx2block  nrf_balloc.o
    0x0002e12e   0x0002e12e   0x0000003c   Code   RO        20243    i.nrf_balloc_init   nrf_balloc.o
    0x0002e16a   0x0002e16a   0x00000016   Code   RO        10633    i.nrf_bitmask_bit_is_set  nrfx_gpiote.o
    0x0002e180   0x0002e180   0x00000034   Code   RO         8905    i.nrf_ble_gatt_init  nrf_ble_gatt.o
    0x0002e1b4   0x0002e1b4   0x00000108   Code   RO         8906    i.nrf_ble_gatt_on_ble_evt  nrf_ble_gatt.o
    0x0002e2bc   0x0002e2bc   0x00000086   Code   RO         9027    i.nrf_ble_gq_on_ble_evt  nrf_ble_gq.o
    0x0002e342   0x0002e342   0x00000020   Code   RO         9117    i.nrf_ble_qwr_conn_handle_assign  nrf_ble_qwr.o
    0x0002e362   0x0002e362   0x00000032   Code   RO         9118    i.nrf_ble_qwr_init  nrf_ble_qwr.o
    0x0002e394   0x0002e394   0x0000007c   Code   RO         9119    i.nrf_ble_qwr_on_ble_evt  nrf_ble_qwr.o
    0x0002e410   0x0002e410   0x00000054   Code   RO         9178    i.nrf_ble_scan_connect_with_target  nrf_ble_scan.o
    0x0002e464   0x0002e464   0x00000014   Code   RO         9180    i.nrf_ble_scan_default_conn_param_set  nrf_ble_scan.o
    0x0002e478   0x0002e478   0x0000002e   Code   RO         9181    i.nrf_ble_scan_default_param_set  nrf_ble_scan.o
    0x0002e4a6   0x0002e4a6   0x00000044   Code   RO         9183    i.nrf_ble_scan_filter_set  nrf_ble_scan.o
    0x0002e4ea   0x0002e4ea   0x0000001e   Code   RO         9184    i.nrf_ble_scan_filters_disable  nrf_ble_scan.o
    0x0002e508   0x0002e508   0x00000062   Code   RO         9185    i.nrf_ble_scan_filters_enable  nrf_ble_scan.o
    0x0002e56a   0x0002e56a   0x00000080   Code   RO         9186    i.nrf_ble_scan_init  nrf_ble_scan.o
    0x0002e5ea   0x0002e5ea   0x0000006c   Code   RO         9187    i.nrf_ble_scan_name_filter_add  nrf_ble_scan.o
    0x0002e656   0x0002e656   0x00000102   Code   RO         9188    i.nrf_ble_scan_on_adv_report  nrf_ble_scan.o
    0x0002e758   0x0002e758   0x00000046   Code   RO         9189    i.nrf_ble_scan_on_ble_evt  nrf_ble_scan.o
    0x0002e79e   0x0002e79e   0x00000034   Code   RO         9190    i.nrf_ble_scan_on_connected_evt  nrf_ble_scan.o
    0x0002e7d2   0x0002e7d2   0x00000038   Code   RO         9191    i.nrf_ble_scan_on_timeout  nrf_ble_scan.o
    0x0002e80a   0x0002e80a   0x00000002   PAD
    0x0002e80c   0x0002e80c   0x00000094   Code   RO         9193    i.nrf_ble_scan_start  nrf_ble_scan.o
    0x0002e8a0   0x0002e8a0   0x00000004   Code   RO         9194    i.nrf_ble_scan_stop  nrf_ble_scan.o
    0x0002e8a4   0x0002e8a4   0x00000044   Code   RO         9195    i.nrf_ble_scan_uuid_filter_add  nrf_ble_scan.o
    0x0002e8e8   0x0002e8e8   0x00000012   Code   RO        10088    i.nrf_clock_event_check  nrfx_clock.o
    0x0002e8fa   0x0002e8fa   0x00000012   Code   RO        10089    i.nrf_clock_event_clear  nrfx_clock.o
    0x0002e90c   0x0002e90c   0x0000000c   Code   RO        10091    i.nrf_clock_int_disable  nrfx_clock.o
    0x0002e918   0x0002e918   0x00000010   Code   RO        10093    i.nrf_clock_lf_is_running  nrfx_clock.o
    0x0002e928   0x0002e928   0x00000008   Code   RO        10094    i.nrf_clock_task_trigger  nrfx_clock.o
    0x0002e930   0x0002e930   0x000000f4   Code   RO         9692    i.nrf_dfu_svci_vector_table_set  nrf_dfu_svci.o
    0x0002ea24   0x0002ea24   0x000000a8   Code   RO         9693    i.nrf_dfu_svci_vector_table_unset  nrf_dfu_svci.o
    0x0002eacc   0x0002eacc   0x0000004c   Code   RO         9734    i.nrf_drv_clock_init  nrf_drv_clock.o
    0x0002eb18   0x0002eb18   0x00000030   Code   RO         9738    i.nrf_drv_clock_lfclk_release  nrf_drv_clock.o
    0x0002eb48   0x0002eb48   0x0000008c   Code   RO         9893    i.nrf_drv_uart_init  nrf_drv_uart.o
    0x0002ebd4   0x0002ebd4   0x00000044   Code   RO        21150    i.nrf_drv_uart_rx   app_uart_fifo.o
    0x0002ec18   0x0002ec18   0x00000044   Code   RO        21151    i.nrf_drv_uart_tx   app_uart_fifo.o
    0x0002ec5c   0x0002ec5c   0x0000002a   Code   RO        20286    i.nrf_fprintf       nrf_fprintf.o
    0x0002ec86   0x0002ec86   0x0000001c   Code   RO        20287    i.nrf_fprintf_buffer_flush  nrf_fprintf.o
    0x0002eca2   0x0002eca2   0x000001f0   Code   RO        20327    i.nrf_fprintf_fmt   nrf_fprintf_format.o
    0x0002ee92   0x0002ee92   0x00000002   PAD
    0x0002ee94   0x0002ee94   0x00000170   Code   RO        20373    i.nrf_fstorage_erase  nrf_fstorage.o
    0x0002f004   0x0002f004   0x0000001c   Code   RO        20467    i.nrf_fstorage_sdh_req_handler  nrf_fstorage_sd.o
    0x0002f020   0x0002f020   0x0000002c   Code   RO        20468    i.nrf_fstorage_sdh_state_handler  nrf_fstorage_sd.o
    0x0002f04c   0x0002f04c   0x0000008c   Code   RO        20469    i.nrf_fstorage_sys_evt_handler  nrf_fstorage_sd.o
    0x0002f0d8   0x0002f0d8   0x00000264   Code   RO        20380    i.nrf_fstorage_write  nrf_fstorage.o
    0x0002f33c   0x0002f33c   0x00000028   Code   RO        12889    i.nrf_gpio_cfg      nrfx_uart.o
    0x0002f364   0x0002f364   0x00000028   Code   RO        14969    i.nrf_gpio_cfg      nrfx_uarte.o
    0x0002f38c   0x0002f38c   0x0000001a   Code   RO        12891    i.nrf_gpio_cfg_input  nrfx_uart.o
    0x0002f3a6   0x0002f3a6   0x0000001a   Code   RO        14971    i.nrf_gpio_cfg_input  nrfx_uarte.o
    0x0002f3c0   0x0002f3c0   0x00000018   Code   RO        12892    i.nrf_gpio_cfg_output  nrfx_uart.o
    0x0002f3d8   0x0002f3d8   0x00000018   Code   RO        14972    i.nrf_gpio_cfg_output  nrfx_uarte.o
    0x0002f3f0   0x0002f3f0   0x00000032   Code   RO        10636    i.nrf_gpio_cfg_sense_set  nrfx_gpiote.o
    0x0002f422   0x0002f422   0x00000002   PAD
    0x0002f424   0x0002f424   0x00000034   Code   RO        10637    i.nrf_gpio_latches_read_and_clear  nrfx_gpiote.o
    0x0002f458   0x0002f458   0x00000016   Code   RO        12893    i.nrf_gpio_pin_set  nrfx_uart.o
    0x0002f46e   0x0002f46e   0x00000016   Code   RO        14973    i.nrf_gpio_pin_set  nrfx_uarte.o
    0x0002f484   0x0002f484   0x0000000c   Code   RO        10642    i.nrf_gpiote_event_addr_get  nrfx_gpiote.o
    0x0002f490   0x0002f490   0x0000001c   Code   RO        10643    i.nrf_gpiote_event_clear  nrfx_gpiote.o
    0x0002f4ac   0x0002f4ac   0x00000016   Code   RO        10644    i.nrf_gpiote_event_is_set  nrfx_gpiote.o
    0x0002f4c2   0x0002f4c2   0x00000002   PAD
    0x0002f4c4   0x0002f4c4   0x00000054   Code   RO        21393    i.nrf_log_backend_add  nrf_log_frontend.o
    0x0002f518   0x0002f518   0x00000002   Code   RO        21226    i.nrf_log_backend_rtt_flush  nrf_log_backend_rtt.o
    0x0002f51a   0x0002f51a   0x00000008   Code   RO        21227    i.nrf_log_backend_rtt_init  nrf_log_backend_rtt.o
    0x0002f522   0x0002f522   0x00000002   Code   RO        21228    i.nrf_log_backend_rtt_panic_set  nrf_log_backend_rtt.o
    0x0002f524   0x0002f524   0x00000020   Code   RO        21229    i.nrf_log_backend_rtt_put  nrf_log_backend_rtt.o
    0x0002f544   0x0002f544   0x000000f2   Code   RO        21297    i.nrf_log_backend_serial_put  nrf_log_backend_serial.o
    0x0002f636   0x0002f636   0x00000002   PAD
    0x0002f638   0x0002f638   0x00000038   Code   RO        21395    i.nrf_log_color_id_get  nrf_log_frontend.o
    0x0002f670   0x0002f670   0x00000028   Code   RO        21349    i.nrf_log_default_backends_init  nrf_log_default_backends.o
    0x0002f698   0x0002f698   0x0000031c   Code   RO        21396    i.nrf_log_frontend_dequeue  nrf_log_frontend.o
    0x0002f9b4   0x0002f9b4   0x00000014   Code   RO        21398    i.nrf_log_frontend_std_0  nrf_log_frontend.o
    0x0002f9c8   0x0002f9c8   0x00000018   Code   RO        21399    i.nrf_log_frontend_std_1  nrf_log_frontend.o
    0x0002f9e0   0x0002f9e0   0x00000020   Code   RO        21400    i.nrf_log_frontend_std_2  nrf_log_frontend.o
    0x0002fa00   0x0002fa00   0x00000028   Code   RO        21401    i.nrf_log_frontend_std_3  nrf_log_frontend.o
    0x0002fa28   0x0002fa28   0x00000038   Code   RO        21403    i.nrf_log_frontend_std_5  nrf_log_frontend.o
    0x0002fa60   0x0002fa60   0x000000bc   Code   RO        21589    i.nrf_log_hexdump_entry_process  nrf_log_str_formatter.o
    0x0002fb1c   0x0002fb1c   0x00000048   Code   RO        21405    i.nrf_log_init      nrf_log_frontend.o
    0x0002fb64   0x0002fb64   0x00000014   Code   RO        21406    i.nrf_log_module_cnt_get  nrf_log_frontend.o
    0x0002fb78   0x0002fb78   0x00000024   Code   RO        21410    i.nrf_log_module_name_get  nrf_log_frontend.o
    0x0002fb9c   0x0002fb9c   0x00000034   Code   RO        21411    i.nrf_log_panic     nrf_log_frontend.o
    0x0002fbd0   0x0002fbd0   0x000000c8   Code   RO        21590    i.nrf_log_std_entry_process  nrf_log_str_formatter.o
    0x0002fc98   0x0002fc98   0x0000007a   Code   RO        20598    i.nrf_memobj_alloc  nrf_memobj.o
    0x0002fd12   0x0002fd12   0x00000040   Code   RO        20599    i.nrf_memobj_free   nrf_memobj.o
    0x0002fd52   0x0002fd52   0x00000010   Code   RO        20600    i.nrf_memobj_get    nrf_memobj.o
    0x0002fd62   0x0002fd62   0x0000000c   Code   RO        20601    i.nrf_memobj_pool_init  nrf_memobj.o
    0x0002fd6e   0x0002fd6e   0x0000001e   Code   RO        20602    i.nrf_memobj_put    nrf_memobj.o
    0x0002fd8c   0x0002fd8c   0x00000022   Code   RO        20603    i.nrf_memobj_read   nrf_memobj.o
    0x0002fdae   0x0002fdae   0x00000022   Code   RO        20604    i.nrf_memobj_write  nrf_memobj.o
    0x0002fdd0   0x0002fdd0   0x00000016   Code   RO        20675    i.nrf_mtx_unlock    nrf_pwr_mgmt.o
    0x0002fde6   0x0002fde6   0x00000002   PAD
    0x0002fde8   0x0002fde8   0x00000040   Code   RO        20677    i.nrf_pwr_mgmt_init  nrf_pwr_mgmt.o
    0x0002fe28   0x0002fe28   0x00000016   Code   RO        20678    i.nrf_pwr_mgmt_run  nrf_pwr_mgmt.o
    0x0002fe3e   0x0002fe3e   0x00000002   PAD
    0x0002fe40   0x0002fe40   0x00000064   Code   RO        20679    i.nrf_pwr_mgmt_shutdown  nrf_pwr_mgmt.o
    0x0002fea4   0x0002fea4   0x0000009c   Code   RO        20754    i.nrf_queue_generic_pop  nrf_queue.o
    0x0002ff40   0x0002ff40   0x00000016   Code   RO        20756    i.nrf_queue_is_empty  nrf_queue.o
    0x0002ff56   0x0002ff56   0x00000020   Code   RO        20757    i.nrf_queue_is_full  nrf_queue.o
    0x0002ff76   0x0002ff76   0x00000010   Code   RO        20760    i.nrf_queue_next_idx  nrf_queue.o
    0x0002ff86   0x0002ff86   0x000000cc   Code   RO        20762    i.nrf_queue_push    nrf_queue.o
    0x00030052   0x00030052   0x0000001c   Code   RO        20879    i.nrf_ringbuf_init  nrf_ringbuf.o
    0x0003006e   0x0003006e   0x0000000c   Code   RO        19276    i.nrf_rtc_cc_get    drv_rtc.o
    0x0003007a   0x0003007a   0x0000000a   Code   RO        19277    i.nrf_rtc_cc_set    drv_rtc.o
    0x00030084   0x00030084   0x00000008   Code   RO        19278    i.nrf_rtc_counter_get  drv_rtc.o
    0x0003008c   0x0003008c   0x0000000e   Code   RO        19279    i.nrf_rtc_event_clear  drv_rtc.o
    0x0003009a   0x0003009a   0x00000006   Code   RO        19280    i.nrf_rtc_event_disable  drv_rtc.o
    0x000300a0   0x000300a0   0x00000006   Code   RO        19281    i.nrf_rtc_event_enable  drv_rtc.o
    0x000300a6   0x000300a6   0x00000006   Code   RO        19282    i.nrf_rtc_int_disable  drv_rtc.o
    0x000300ac   0x000300ac   0x00000006   Code   RO        19283    i.nrf_rtc_int_enable  drv_rtc.o
    0x000300b2   0x000300b2   0x00000006   Code   RO        19284    i.nrf_rtc_task_trigger  drv_rtc.o
    0x000300b8   0x000300b8   0x00000018   Code   RO        22133    i.nrf_sdh_ble_app_ram_start_get  nrf_sdh_ble.o
    0x000300d0   0x000300d0   0x000001a0   Code   RO        22134    i.nrf_sdh_ble_default_cfg_set  nrf_sdh_ble.o
    0x00030270   0x00030270   0x0000014c   Code   RO        22135    i.nrf_sdh_ble_enable  nrf_sdh_ble.o
    0x000303bc   0x000303bc   0x000000bc   Code   RO        22136    i.nrf_sdh_ble_evts_poll  nrf_sdh_ble.o
    0x00030478   0x00030478   0x00000064   Code   RO        22004    i.nrf_sdh_disable_request  nrf_sdh.o
    0x000304dc   0x000304dc   0x00000084   Code   RO        22005    i.nrf_sdh_enable_request  nrf_sdh.o
    0x00030560   0x00030560   0x00000030   Code   RO        22006    i.nrf_sdh_evts_poll  nrf_sdh.o
    0x00030590   0x00030590   0x0000000c   Code   RO        22007    i.nrf_sdh_is_enabled  nrf_sdh.o
    0x0003059c   0x0003059c   0x00000028   Code   RO        22009    i.nrf_sdh_request_continue  nrf_sdh.o
    0x000305c4   0x000305c4   0x00000098   Code   RO        22192    i.nrf_sdh_soc_evts_poll  nrf_sdh_soc.o
    0x0003065c   0x0003065c   0x00000006   Code   RO        22012    i.nrf_section_iter_get  nrf_sdh.o
    0x00030662   0x00030662   0x00000014   Code   RO        20937    i.nrf_section_iter_init  nrf_section_iter.o
    0x00030676   0x00030676   0x0000002e   Code   RO        20938    i.nrf_section_iter_item_set  nrf_section_iter.o
    0x000306a4   0x000306a4   0x0000002e   Code   RO        20939    i.nrf_section_iter_next  nrf_section_iter.o
    0x000306d2   0x000306d2   0x00000028   Code   RO        20972    i.nrf_sortlist_add  nrf_sortlist.o
    0x000306fa   0x000306fa   0x00000008   Code   RO        20974    i.nrf_sortlist_peek  nrf_sortlist.o
    0x00030702   0x00030702   0x00000018   Code   RO        20975    i.nrf_sortlist_pop  nrf_sortlist.o
    0x0003071a   0x0003071a   0x00000026   Code   RO        20976    i.nrf_sortlist_remove  nrf_sortlist.o
    0x00030740   0x00030740   0x00000040   Code   RO        21028    i.nrf_strerror_find  nrf_strerror.o
    0x00030780   0x00030780   0x0000001c   Code   RO        21029    i.nrf_strerror_get  nrf_strerror.o
    0x0003079c   0x0003079c   0x0000000e   Code   RO        16661    i.nrf_timer_compare_event_get  nrfx_timer.o
    0x000307aa   0x000307aa   0x0000000a   Code   RO        16662    i.nrf_timer_compare_int_get  nrfx_timer.o
    0x000307b4   0x000307b4   0x0000000e   Code   RO        16663    i.nrf_timer_event_clear  nrfx_timer.o
    0x000307c2   0x000307c2   0x00000006   Code   RO        16664    i.nrf_timer_int_disable  nrfx_timer.o
    0x000307c8   0x000307c8   0x00000006   Code   RO        16665    i.nrf_timer_int_enable  nrfx_timer.o
    0x000307ce   0x000307ce   0x0000000c   Code   RO        16666    i.nrf_timer_shorts_disable  nrfx_timer.o
    0x000307da   0x000307da   0x00000006   Code   RO        16667    i.nrf_timer_task_trigger  nrfx_timer.o
    0x000307e0   0x000307e0   0x0000000c   Code   RO        12894    i.nrf_uart_errorsrc_get_and_clear  nrfx_uart.o
    0x000307ec   0x000307ec   0x0000000e   Code   RO        12895    i.nrf_uart_event_check  nrfx_uart.o
    0x000307fa   0x000307fa   0x0000000e   Code   RO        12896    i.nrf_uart_event_clear  nrfx_uart.o
    0x00030808   0x00030808   0x0000000c   Code   RO        12897    i.nrf_uart_hwfc_pins_set  nrfx_uart.o
    0x00030814   0x00030814   0x00000006   Code   RO        12898    i.nrf_uart_int_disable  nrfx_uart.o
    0x0003081a   0x0003081a   0x00000006   Code   RO        12899    i.nrf_uart_int_enable  nrfx_uart.o
    0x00030820   0x00030820   0x00000012   Code   RO        12900    i.nrf_uart_int_enable_check  nrfx_uart.o
    0x00030832   0x00030832   0x00000006   Code   RO        12901    i.nrf_uart_task_trigger  nrfx_uart.o
    0x00030838   0x00030838   0x0000000e   Code   RO        12902    i.nrf_uart_txrx_pins_set  nrfx_uart.o
    0x00030846   0x00030846   0x0000000c   Code   RO        14974    i.nrf_uarte_errorsrc_get_and_clear  nrfx_uarte.o
    0x00030852   0x00030852   0x0000000e   Code   RO        14975    i.nrf_uarte_event_check  nrfx_uarte.o
    0x00030860   0x00030860   0x0000000e   Code   RO        14976    i.nrf_uarte_event_clear  nrfx_uarte.o
    0x0003086e   0x0003086e   0x0000000c   Code   RO        14977    i.nrf_uarte_hwfc_pins_set  nrfx_uarte.o
    0x0003087a   0x0003087a   0x00000006   Code   RO        14978    i.nrf_uarte_int_disable  nrfx_uarte.o
    0x00030880   0x00030880   0x00000006   Code   RO        14979    i.nrf_uarte_int_enable  nrfx_uarte.o
    0x00030886   0x00030886   0x0000000a   Code   RO        14980    i.nrf_uarte_rx_amount_get  nrfx_uarte.o
    0x00030890   0x00030890   0x0000000c   Code   RO        14981    i.nrf_uarte_shorts_disable  nrfx_uarte.o
    0x0003089c   0x0003089c   0x00000006   Code   RO        14982    i.nrf_uarte_task_trigger  nrfx_uarte.o
    0x000308a2   0x000308a2   0x0000000a   Code   RO        14983    i.nrf_uarte_tx_amount_get  nrfx_uarte.o
    0x000308ac   0x000308ac   0x0000000e   Code   RO        14984    i.nrf_uarte_txrx_pins_set  nrfx_uarte.o
    0x000308ba   0x000308ba   0x00000002   PAD
    0x000308bc   0x000308bc   0x00000014   Code   RO        16844    i.nrf_wdt_reload_request_set  nrfx_wdt.o
    0x000308d0   0x000308d0   0x00000014   Code   RO         9741    i.nrf_wdt_started   nrf_drv_clock.o
    0x000308e4   0x000308e4   0x00000014   Code   RO        10099    i.nrfx_clock_enable  nrfx_clock.o
    0x000308f8   0x000308f8   0x00000028   Code   RO        10102    i.nrfx_clock_init   nrfx_clock.o
    0x00030920   0x00030920   0x00000022   Code   RO        10105    i.nrfx_clock_lfclk_stop  nrfx_clock.o
    0x00030942   0x00030942   0x00000002   PAD
    0x00030944   0x00030944   0x00000018   Code   RO        19285    i.nrfx_coredep_delay_us  drv_rtc.o
    0x0003095c   0x0003095c   0x00000008   Code   RO        10107    i.nrfx_get_irq_number  nrfx_clock.o
    0x00030964   0x00030964   0x00000008   Code   RO        12903    i.nrfx_get_irq_number  nrfx_uart.o
    0x0003096c   0x0003096c   0x00000008   Code   RO        14985    i.nrfx_get_irq_number  nrfx_uarte.o
    0x00030974   0x00030974   0x00000008   Code   RO        16668    i.nrfx_get_irq_number  nrfx_timer.o
    0x0003097c   0x0003097c   0x00000014   Code   RO        14986    i.nrfx_is_in_ram    nrfx_uarte.o
    0x00030990   0x00030990   0x000000b0   Code   RO        10108    i.nrfx_power_clock_irq_init  nrfx_clock.o
    0x00030a40   0x00030a40   0x0000004e   Code   RO        12466    i.nrfx_prs_acquire  nrfx_prs.o
    0x00030a8e   0x00030a8e   0x00000048   Code   RO        16671    i.nrfx_timer_compare  nrfx_timer.o
    0x00030ad6   0x00030ad6   0x00000002   PAD
    0x00030ad8   0x00030ad8   0x00000024   Code   RO        16675    i.nrfx_timer_enable  nrfx_timer.o
    0x00030afc   0x00030afc   0x00000042   Code   RO        16676    i.nrfx_timer_extended_compare  nrfx_timer.o
    0x00030b3e   0x00030b3e   0x00000002   PAD
    0x00030b40   0x00030b40   0x000000fc   Code   RO        16678    i.nrfx_timer_init   nrfx_timer.o
    0x00030c3c   0x00030c3c   0x00000030   Code   RO        24636    i.nrfx_timer_ms_to_ticks  user_drive.o
    0x00030c6c   0x00030c6c   0x00000014   Code   RO        12904    i.nrfx_uart_0_irq_handler  nrfx_uart.o
    0x00030c80   0x00030c80   0x00000088   Code   RO        12906    i.nrfx_uart_init    nrfx_uart.o
    0x00030d08   0x00030d08   0x00000124   Code   RO        12907    i.nrfx_uart_rx      nrfx_uart.o
    0x00030e2c   0x00030e2c   0x0000008c   Code   RO        12912    i.nrfx_uart_tx      nrfx_uart.o
    0x00030eb8   0x00030eb8   0x00000024   Code   RO        12914    i.nrfx_uart_tx_in_progress  nrfx_uart.o
    0x00030edc   0x00030edc   0x00000014   Code   RO        14987    i.nrfx_uarte_0_irq_handler  nrfx_uarte.o
    0x00030ef0   0x00030ef0   0x00000080   Code   RO        14989    i.nrfx_uarte_init   nrfx_uarte.o
    0x00030f70   0x00030f70   0x00000138   Code   RO        14990    i.nrfx_uarte_rx     nrfx_uarte.o
    0x000310a8   0x000310a8   0x000000c0   Code   RO        14993    i.nrfx_uarte_tx     nrfx_uarte.o
    0x00031168   0x00031168   0x00000020   Code   RO        14995    i.nrfx_uarte_tx_in_progress  nrfx_uarte.o
    0x00031188   0x00031188   0x00000054   Code   RO        16845    i.nrfx_wdt_channel_alloc  nrfx_wdt.o
    0x000311dc   0x000311dc   0x0000000c   Code   RO        16846    i.nrfx_wdt_channel_feed  nrfx_wdt.o
    0x000311e8   0x000311e8   0x00000024   Code   RO        16847    i.nrfx_wdt_enable   nrfx_wdt.o
    0x0003120c   0x0003120c   0x000000c8   Code   RO        16849    i.nrfx_wdt_init     nrfx_wdt.o
    0x000312d4   0x000312d4   0x00000014   Code   RO        19003    i.on_compare1_evt   app_timer2.o
    0x000312e8   0x000312e8   0x00000020   Code   RO        19004    i.on_compare_evt    app_timer2.o
    0x00031308   0x00031308   0x00000030   Code   RO         8464    i.on_conn_params_update  ble_conn_params.o
    0x00031338   0x00031338   0x00000070   Code   RO         8465    i.on_connect        ble_conn_params.o
    0x000313a8   0x000313a8   0x00000074   Code   RO         9407    i.on_connect        ble_nus.o
    0x0003141c   0x0003141c   0x0000000c   Code   RO         9591    i.on_connect        ble_dfu.o
    0x00031428   0x00031428   0x0000000e   Code   RO         8317    i.on_connected      ble_advertising.o
    0x00031436   0x00031436   0x00000002   PAD
    0x00031438   0x00031438   0x000000c4   Code   RO         8907    i.on_connected_evt  nrf_ble_gatt.o
    0x000314fc   0x000314fc   0x0000007c   Code   RO         9592    i.on_ctrlpt_write   ble_dfu.o
    0x00031578   0x00031578   0x00000054   Code   RO         8908    i.on_data_length_update_evt  nrf_ble_gatt.o
    0x000315cc   0x000315cc   0x00000030   Code   RO         8909    i.on_data_length_update_request_evt  nrf_ble_gatt.o
    0x000315fc   0x000315fc   0x00000032   Code   RO         8466    i.on_disconnect     ble_conn_params.o
    0x0003162e   0x0003162e   0x00000002   PAD
    0x00031630   0x00031630   0x0000001c   Code   RO         9593    i.on_disconnect     ble_dfu.o
    0x0003164c   0x0003164c   0x00000032   Code   RO         8318    i.on_disconnected   ble_advertising.o
    0x0003167e   0x0003167e   0x00000014   Code   RO         8910    i.on_disconnected_evt  nrf_ble_gatt.o
    0x00031692   0x00031692   0x00000002   PAD
    0x00031694   0x00031694   0x000000c8   Code   RO         8911    i.on_exchange_mtu_request_evt  nrf_ble_gatt.o
    0x0003175c   0x0003175c   0x00000064   Code   RO         8912    i.on_exchange_mtu_rsp_evt  nrf_ble_gatt.o
    0x000317c0   0x000317c0   0x0000002c   Code   RO         9594    i.on_hvc            ble_dfu.o
    0x000317ec   0x000317ec   0x00000048   Code   RO         9408    i.on_hvx_tx_complete  ble_nus.o
    0x00031834   0x00031834   0x00000024   Code   RO        20470    i.on_operation_failure  nrf_fstorage_sd.o
    0x00031858   0x00031858   0x00000060   Code   RO        20471    i.on_operation_success  nrf_fstorage_sd.o
    0x000318b8   0x000318b8   0x0000001c   Code   RO        19005    i.on_overflow_evt   app_timer2.o
    0x000318d4   0x000318d4   0x00000044   Code   RO         9595    i.on_rw_authorize_req  ble_dfu.o
    0x00031918   0x00031918   0x0000006a   Code   RO         9120    i.on_rw_authorize_request  nrf_ble_qwr.o
    0x00031982   0x00031982   0x00000040   Code   RO         8319    i.on_terminated     ble_advertising.o
    0x000319c2   0x000319c2   0x00000002   Code   RO         9121    i.on_user_mem_release  nrf_ble_qwr.o
    0x000319c4   0x000319c4   0x00000020   Code   RO         9122    i.on_user_mem_request  nrf_ble_qwr.o
    0x000319e4   0x000319e4   0x00000058   Code   RO         8467    i.on_write          ble_conn_params.o
    0x00031a3c   0x00031a3c   0x00000094   Code   RO         9409    i.on_write          ble_nus.o
    0x00031ad0   0x00031ad0   0x00000048   Code   RO        19520    i.page_from_record  fds.o
    0x00031b18   0x00031b18   0x0000001c   Code   RO        19523    i.page_offsets_update  fds.o
    0x00031b34   0x00031b34   0x00000020   Code   RO        19525    i.page_tag_write_data  fds.o
    0x00031b54   0x00031b54   0x00000024   Code   RO        19526    i.page_tag_write_swap  fds.o
    0x00031b78   0x00031b78   0x0000001c   Code   RO         8320    i.phy_is_valid      ble_advertising.o
    0x00031b94   0x00031b94   0x000000c0   Code   RO        10683    i.port_event_handle  nrfx_gpiote.o
    0x00031c54   0x00031c54   0x00000010   Code   RO        10684    i.port_handler_pin_get  nrfx_gpiote.o
    0x00031c64   0x00031c64   0x00000010   Code   RO        10685    i.port_handler_polarity_get  nrfx_gpiote.o
    0x00031c74   0x00031c74   0x00000048   Code   RO        21592    i.postfix_process   nrf_log_str_formatter.o
    0x00031cbc   0x00031cbc   0x000000a4   Code   RO        21593    i.prefix_process    nrf_log_str_formatter.o
    0x00031d60   0x00031d60   0x00000018   Code   RO        12468    i.prs_box_get       nrfx_prs.o
    0x00031d78   0x00031d78   0x00000014   Code   RO        19530    i.queue_free        fds.o
    0x00031d8c   0x00031d8c   0x00000018   Code   RO        20472    i.queue_free        nrf_fstorage_sd.o
    0x00031da4   0x00031da4   0x00000018   Code   RO        19531    i.queue_has_next    fds.o
    0x00031dbc   0x00031dbc   0x00000014   Code   RO        19533    i.queue_load        fds.o
    0x00031dd0   0x00031dd0   0x0000002c   Code   RO        20473    i.queue_load_next   nrf_fstorage_sd.o
    0x00031dfc   0x00031dfc   0x00000124   Code   RO         9028    i.queue_process     nrf_ble_gq.o
    0x00031f20   0x00031f20   0x000000c4   Code   RO        19534    i.queue_process     fds.o
    0x00031fe4   0x00031fe4   0x00000090   Code   RO        20474    i.queue_process     nrf_fstorage_sd.o
    0x00032074   0x00032074   0x0000001c   Code   RO        20475    i.queue_start       nrf_fstorage_sd.o
    0x00032090   0x00032090   0x0000001e   Code   RO        20768    i.queue_utilization_get  nrf_queue.o
    0x000320ae   0x000320ae   0x00000002   PAD
    0x000320b0   0x000320b0   0x00000010   Code   RO        22137    i.ram_end_address_get  nrf_sdh_ble.o
    0x000320c0   0x000320c0   0x0000001c   Code   RO        20476    i.read              nrf_fstorage_sd.o
    0x000320dc   0x000320dc   0x00000028   Code   RO         8584    i.record_activate   ble_conn_state.o
    0x00032104   0x00032104   0x00000094   Code   RO        19536    i.record_find       fds.o
    0x00032198   0x00032198   0x0000003c   Code   RO        19537    i.record_find_and_delete  fds.o
    0x000321d4   0x000321d4   0x0000007c   Code   RO        19538    i.record_find_by_desc  fds.o
    0x00032250   0x00032250   0x00000078   Code   RO        19539    i.record_find_next  fds.o
    0x000322c8   0x000322c8   0x00000040   Code   RO        19540    i.record_header_flag_dirty  fds.o
    0x00032308   0x00032308   0x0000002c   Code   RO        19541    i.record_header_write_begin  fds.o
    0x00032334   0x00032334   0x00000038   Code   RO        19542    i.record_header_write_finalize  fds.o
    0x0003236c   0x0003236c   0x00000038   Code   RO        19543    i.record_header_write_id  fds.o
    0x000323a4   0x000323a4   0x00000020   Code   RO         8585    i.record_invalidate  ble_conn_state.o
    0x000323c4   0x000323c4   0x00000048   Code   RO         8586    i.record_purge_disconnected  ble_conn_state.o
    0x0003240c   0x0003240c   0x00000014   Code   RO         8587    i.record_set_disconnected  ble_conn_state.o
    0x00032420   0x00032420   0x00000030   Code   RO        19545    i.record_write_data  fds.o
    0x00032450   0x00032450   0x00000040   Code   RO         9030    i.request_err_code_handle  nrf_ble_gq.o
    0x00032490   0x00032490   0x00000006   Code   RO        20477    i.rmap              nrf_fstorage_sd.o
    0x00032496   0x00032496   0x0000003e   Code   RO        19006    i.rtc_irq           app_timer2.o
    0x000324d4   0x000324d4   0x0000007c   Code   RO        19007    i.rtc_schedule      app_timer2.o
    0x00032550   0x00032550   0x000000a4   Code   RO        19008    i.rtc_update        app_timer2.o
    0x000325f4   0x000325f4   0x0000003e   Code   RO        12917    i.rx_byte           nrfx_uart.o
    0x00032632   0x00032632   0x0000001c   Code   RO        12918    i.rx_done_event     nrfx_uart.o
    0x0003264e   0x0003264e   0x0000001c   Code   RO        14998    i.rx_done_event     nrfx_uarte.o
    0x0003266a   0x0003266a   0x00000022   Code   RO        12919    i.rx_enable         nrfx_uart.o
    0x0003268c   0x0003268c   0x0000007c   Code   RO        22013    i.sd_nvic_DisableIRQ  nrf_sdh.o
    0x00032708   0x00032708   0x000000a4   Code   RO        22014    i.sd_nvic_EnableIRQ  nrf_sdh.o
    0x000327ac   0x000327ac   0x00000068   Code   RO        19156    i.sd_nvic_critical_region_enter  app_util_platform.o
    0x00032814   0x00032814   0x00000090   Code   RO         9742    i.sd_state_evt_handler  nrf_drv_clock.o
    0x000328a4   0x000328a4   0x0000003c   Code   RO        22015    i.sdh_request_observer_notify  nrf_sdh.o
    0x000328e0   0x000328e0   0x00000034   Code   RO        22016    i.sdh_state_observer_notify  nrf_sdh.o
    0x00032914   0x00032914   0x00000018   Code   RO         8468    i.send_error_evt    ble_conn_params.o
    0x0003292c   0x0003292c   0x00000024   Code   RO         8469    i.send_update_request  ble_conn_params.o
    0x00032950   0x00032950   0x00000084   Code   RO        21230    i.serial_tx         nrf_log_backend_rtt.o
    0x000329d4   0x000329d4   0x00000096   Code   RO         8189    i.service_data_encode  ble_advdata.o
    0x00032a6a   0x00032a6a   0x00000030   Code   RO         8321    i.set_adv_mode_directed  ble_advertising.o
    0x00032a9a   0x00032a9a   0x00000024   Code   RO         8322    i.set_adv_mode_directed_high_duty  ble_advertising.o
    0x00032abe   0x00032abe   0x0000005c   Code   RO         8323    i.set_adv_mode_fast  ble_advertising.o
    0x00032b1a   0x00032b1a   0x0000005c   Code   RO         8324    i.set_adv_mode_slow  ble_advertising.o
    0x00032b76   0x00032b76   0x00000002   PAD
    0x00032b78   0x00032b78   0x00000060   Code   RO         9523    i.set_adv_name      ble_dfu_unbonded.o
    0x00032bd8   0x00032bd8   0x000000be   Code   RO         8779    i.set_security_req  ble_srv_common.o
    0x00032c96   0x00032c96   0x00000002   PAD
    0x00032c98   0x00032c98   0x000000cc   Code   RO        20680    i.shutdown_process  nrf_pwr_mgmt.o
    0x00032d64   0x00032d64   0x0000001c   Code   RO         9743    i.soc_evt_handler   nrf_drv_clock.o
    0x00032d80   0x00032d80   0x00000060   Code   RO        22017    i.softdevice_evt_irq_disable  nrf_sdh.o
    0x00032de0   0x00032de0   0x00000060   Code   RO        22018    i.softdevices_evt_irq_enable  nrf_sdh.o
    0x00032e40   0x00032e40   0x00000014   Code   RO        19009    i.sorted_list_stop_all  app_timer2.o
    0x00032e54   0x00032e54   0x00000018   Code   RO        19010    i.sortlist_pop      app_timer2.o
    0x00032e6c   0x00032e6c   0x00000064   Code   RO        21413    i.std_header_set    nrf_log_frontend.o
    0x00032ed0   0x00032ed0   0x00000070   Code   RO        21414    i.std_n             nrf_log_frontend.o
    0x00032f40   0x00032f40   0x00000074   Code   RO        20328    i.string_print      nrf_fprintf_format.o
    0x00032fb4   0x00032fb4   0x0000000a   Code   RO        19286    i.ticks_sub         drv_rtc.o
    0x00032fbe   0x00032fbe   0x00000002   PAD
    0x00032fc0   0x00032fc0   0x0000006c   Code   RO        19011    i.timer_expire      app_timer2.o
    0x0003302c   0x0003302c   0x00000094   Code   RO        19012    i.timer_req_process  app_timer2.o
    0x000330c0   0x000330c0   0x00000040   Code   RO        19013    i.timer_req_schedule  app_timer2.o
    0x00033100   0x00033100   0x00000002   Code   RO        21594    i.timestamp_print   nrf_log_str_formatter.o
    0x00033102   0x00033102   0x00000036   Code   RO        12920    i.tx_blocking       nrfx_uart.o
    0x00033138   0x00033138   0x00000026   Code   RO        12921    i.tx_byte           nrfx_uart.o
    0x0003315e   0x0003315e   0x00000020   Code   RO        12922    i.tx_done_event     nrfx_uart.o
    0x0003317e   0x0003317e   0x00000020   Code   RO        14999    i.tx_done_event     nrfx_uarte.o
    0x0003319e   0x0003319e   0x00000036   Code   RO         8190    i.tx_power_level_encode  ble_advdata.o
    0x000331d4   0x000331d4   0x000000e4   Code   RO        21152    i.uart_event_handler  app_uart_fifo.o
    0x000332b8   0x000332b8   0x00000038   Code   RO         9894    i.uart_evt_handler  nrf_drv_uart.o
    0x000332f0   0x000332f0   0x0000014e   Code   RO        12923    i.uart_irq_handler  nrfx_uart.o
    0x0003343e   0x0003343e   0x00000002   PAD
    0x00033440   0x00033440   0x00000038   Code   RO         9895    i.uarte_evt_handler  nrf_drv_uart.o
    0x00033478   0x00033478   0x00000134   Code   RO        15000    i.uarte_irq_handler  nrfx_uarte.o
    0x000335ac   0x000335ac   0x0000000c   Code   RO         8780    i.uint16_decode     ble_srv_common.o
    0x000335b8   0x000335b8   0x0000000c   Code   RO         8191    i.uint16_encode     ble_advdata.o
    0x000335c4   0x000335c4   0x00000024   Code   RO        20478    i.uninit            nrf_fstorage_sd.o
    0x000335e8   0x000335e8   0x000000b8   Code   RO        20329    i.unsigned_print    nrf_fprintf_format.o
    0x000336a0   0x000336a0   0x00000074   Code   RO         8470    i.update_timeout_handler  ble_conn_params.o
    0x00033714   0x00033714   0x0000001e   Code   RO         8325    i.use_whitelist     ble_advertising.o
    0x00033732   0x00033732   0x0000002c   Code   RO         9123    i.user_mem_reply    nrf_ble_qwr.o
    0x0003375e   0x0003375e   0x0000004e   Code   RO         8192    i.uuid_list_encode  ble_advdata.o
    0x000337ac   0x000337ac   0x000000d6   Code   RO         8193    i.uuid_list_sized_encode  ble_advdata.o
    0x00033882   0x00033882   0x00000008   Code   RO         8326    i.whitelist_has_entries  ble_advertising.o
    0x0003388a   0x0003388a   0x00000006   Code   RO        20479    i.wmap              nrf_fstorage_sd.o
    0x00033890   0x00033890   0x00000054   Code   RO        20480    i.write             nrf_fstorage_sd.o
    0x000338e4   0x000338e4   0x000000c8   Code   RO        19548    i.write_execute     fds.o
    0x000339ac   0x000339ac   0x00000058   Code   RO        20481    i.write_execute     nrf_fstorage_sd.o
    0x00033a04   0x00033a04   0x00000016   Data   RO         8913    .constdata          nrf_ble_gatt.o
    0x00033a1a   0x00033a1a   0x00000002   PAD
    0x00033a1c   0x00033a1c   0x00000018   Data   RO         9032    .constdata          nrf_ble_gq.o
    0x00033a34   0x00033a34   0x00000010   Data   RO         9410    .constdata          ble_nus.o
    0x00033a44   0x00033a44   0x00000018   Data   RO         9597    .constdata          ble_dfu.o
    0x00033a5c   0x00033a5c   0x0000003e   Data   RO        10687    .constdata          nrfx_gpiote.o
    0x00033a9a   0x00033a9a   0x00000002   PAD
    0x00033a9c   0x00033a9c   0x0000002e   Data   RO        12925    .constdata          nrfx_uart.o
    0x00033aca   0x00033aca   0x00000002   PAD
    0x00033acc   0x00033acc   0x00000030   Data   RO        15002    .constdata          nrfx_uarte.o
    0x00033afc   0x00033afc   0x00000014   Data   RO        19015    .constdata          app_timer2.o
    0x00033b10   0x00033b10   0x00000006   Data   RO        19287    .constdata          drv_rtc.o
    0x00033b16   0x00033b16   0x00000002   PAD
    0x00033b18   0x00033b18   0x00000018   Data   RO        19552    .constdata          fds.o
    0x00033b30   0x00033b30   0x00000010   Data   RO        20330    .constdata          nrf_fprintf_format.o
    0x00033b40   0x00033b40   0x0000005e   Data   RO        20381    .constdata          nrf_fstorage.o
    0x00033b9e   0x00033b9e   0x00000002   PAD
    0x00033ba0   0x00033ba0   0x00000030   Data   RO        20483    .constdata          nrf_fstorage_sd.o
    0x00033bd0   0x00033bd0   0x00000024   Data   RO        20682    .constdata          nrf_pwr_mgmt.o
    0x00033bf4   0x00033bf4   0x0000013c   Data   RO        21030    .constdata          nrf_strerror.o
    0x00033d30   0x00033d30   0x00000020   Data   RO        21154    .constdata          app_uart_fifo.o
    0x00033d50   0x00033d50   0x00000016   Data   RO        21232    .constdata          nrf_log_backend_rtt.o
    0x00033d66   0x00033d66   0x00000002   PAD
    0x00033d68   0x00033d68   0x0000000c   Data   RO        21416    .constdata          nrf_log_frontend.o
    0x00033d74   0x00033d74   0x00000058   Data   RO        22019    .constdata          nrf_sdh.o
    0x00033dcc   0x00033dcc   0x00000030   Data   RO        22138    .constdata          nrf_sdh_ble.o
    0x00033dfc   0x00033dfc   0x0000001c   Data   RO        22193    .constdata          nrf_sdh_soc.o
    0x00033e18   0x00033e18   0x0000001a   Data   RO        22620    .constdata          user_ble.o
    0x00033e32   0x00033e32   0x00000002   PAD
    0x00033e34   0x00033e34   0x00000044   Data   RO        24638    .constdata          user_drive.o
    0x00033e78   0x00033e78   0x00000008   PAD
    0x00033e80   0x00033e80   0x00000006   Data   RO        26612    .constdata          user_cmnc.o
    0x00033e86   0x00033e86   0x00000081   Data   RO        32133    .constdata          mc_w.l(ctype_o.o)
    0x00033f07   0x00033f07   0x00000001   PAD
    0x00033f08   0x00033f08   0x00000004   Data   RO        32134    .constdata          mc_w.l(ctype_o.o)
    0x00033f0c   0x00033f0c   0x000000a2   Data   RO         8914    .conststring        nrf_ble_gatt.o
    0x00033fae   0x00033fae   0x00000002   PAD
    0x00033fb0   0x00033fb0   0x0000004a   Data   RO         9033    .conststring        nrf_ble_gq.o
    0x00033ffa   0x00033ffa   0x00000002   PAD
    0x00033ffc   0x00033ffc   0x000000ce   Data   RO         9525    .conststring        ble_dfu_unbonded.o
    0x000340ca   0x000340ca   0x00000002   PAD
    0x000340cc   0x000340cc   0x0000004f   Data   RO        20382    .conststring        nrf_fstorage.o
    0x0003411b   0x0003411b   0x00000001   PAD
    0x0003411c   0x0003411c   0x000003eb   Data   RO        21031    .conststring        nrf_strerror.o
    0x00034507   0x00034507   0x00000001   PAD
    0x00034508   0x00034508   0x00000066   Data   RO        21595    .conststring        nrf_log_str_formatter.o
    0x0003456e   0x0003456e   0x00000002   PAD
    0x00034570   0x00034570   0x000001cf   Data   RO        22139    .conststring        nrf_sdh_ble.o
    0x0003473f   0x0003473f   0x00000001   PAD
    0x00034740   0x00034740   0x00000041   Data   RO        22621    .conststring        user_ble.o
    0x00034781   0x00034781   0x00000003   PAD
    0x00034784   0x00034784   0x0000000d   Data   RO         8915    .conststrlit        nrf_ble_gatt.o
    0x00034791   0x00034791   0x00000003   PAD
    0x00034794   0x00034794   0x0000000b   Data   RO         9034    .conststrlit        nrf_ble_gq.o
    0x0003479f   0x0003479f   0x00000001   PAD
    0x000347a0   0x000347a0   0x00000009   Data   RO         9196    .conststrlit        nrf_ble_scan.o
    0x000347a9   0x000347a9   0x00000003   PAD
    0x000347ac   0x000347ac   0x00000008   Data   RO         9411    .conststrlit        ble_nus.o
    0x000347b4   0x000347b4   0x00000006   Data   RO         9746    .conststrlit        nrf_drv_clock.o
    0x000347ba   0x000347ba   0x00000002   PAD
    0x000347bc   0x000347bc   0x00000006   Data   RO        10110    .conststrlit        nrfx_clock.o
    0x000347c2   0x000347c2   0x00000002   PAD
    0x000347c4   0x000347c4   0x00000007   Data   RO        10688    .conststrlit        nrfx_gpiote.o
    0x000347cb   0x000347cb   0x00000001   PAD
    0x000347cc   0x000347cc   0x00000004   Data   RO        12470    .conststrlit        nrfx_prs.o
    0x000347d0   0x000347d0   0x00000005   Data   RO        12926    .conststrlit        nrfx_uart.o
    0x000347d5   0x000347d5   0x00000003   PAD
    0x000347d8   0x000347d8   0x00000006   Data   RO        15003    .conststrlit        nrfx_uarte.o
    0x000347de   0x000347de   0x00000002   PAD
    0x000347e0   0x000347e0   0x00000006   Data   RO        16685    .conststrlit        nrfx_timer.o
    0x000347e6   0x000347e6   0x00000002   PAD
    0x000347e8   0x000347e8   0x00000004   Data   RO        16851    .conststrlit        nrfx_wdt.o
    0x000347ec   0x000347ec   0x0000000b   Data   RO        17299    .conststrlit        app_button.o
    0x000347f7   0x000347f7   0x00000001   PAD
    0x000347f8   0x000347f8   0x0000000a   Data   RO        19016    .conststrlit        app_timer2.o
    0x00034802   0x00034802   0x00000002   PAD
    0x00034804   0x00034804   0x0000000d   Data   RO        20383    .conststrlit        nrf_fstorage.o
    0x00034811   0x00034811   0x00000003   PAD
    0x00034814   0x00034814   0x00000009   Data   RO        20683    .conststrlit        nrf_pwr_mgmt.o
    0x0003481d   0x0003481d   0x00000003   PAD
    0x00034820   0x00034820   0x00000009   Data   RO        20977    .conststrlit        nrf_sortlist.o
    0x00034829   0x00034829   0x00000003   PAD
    0x0003482c   0x0003482c   0x00000010   Data   RO        21350    .conststrlit        nrf_log_default_backends.o
    0x0003483c   0x0003483c   0x00000004   Data   RO        21417    .conststrlit        nrf_log_frontend.o
    0x00034840   0x00034840   0x00000008   Data   RO        22020    .conststrlit        nrf_sdh.o
    0x00034848   0x00034848   0x0000000c   Data   RO        22140    .conststrlit        nrf_sdh_ble.o
    0x00034854   0x00034854   0x0000000c   Data   RO        22194    .conststrlit        nrf_sdh_soc.o
    0x00034860   0x00034860   0x00000020   Data   RO        32489    Region$$Table       anon$$obj.o
    0x00034880   0x00034880   0x00000010   Data   RO        21352    log_backends        nrf_log_default_backends.o
    0x00034890   0x00034890   0x00000008   Data   RO         8916    log_const_data      nrf_ble_gatt.o
    0x00034898   0x00034898   0x00000008   Data   RO         9035    log_const_data      nrf_ble_gq.o
    0x000348a0   0x000348a0   0x00000008   Data   RO         9197    log_const_data      nrf_ble_scan.o
    0x000348a8   0x000348a8   0x00000008   Data   RO         9413    log_const_data      ble_nus.o
    0x000348b0   0x000348b0   0x00000008   Data   RO         9747    log_const_data      nrf_drv_clock.o
    0x000348b8   0x000348b8   0x00000008   Data   RO        10112    log_const_data      nrfx_clock.o
    0x000348c0   0x000348c0   0x00000008   Data   RO        10689    log_const_data      nrfx_gpiote.o
    0x000348c8   0x000348c8   0x00000008   Data   RO        12472    log_const_data      nrfx_prs.o
    0x000348d0   0x000348d0   0x00000008   Data   RO        12927    log_const_data      nrfx_uart.o
    0x000348d8   0x000348d8   0x00000008   Data   RO        15004    log_const_data      nrfx_uarte.o
    0x000348e0   0x000348e0   0x00000008   Data   RO        16686    log_const_data      nrfx_timer.o
    0x000348e8   0x000348e8   0x00000008   Data   RO        16853    log_const_data      nrfx_wdt.o
    0x000348f0   0x000348f0   0x00000008   Data   RO        17301    log_const_data      app_button.o
    0x000348f8   0x000348f8   0x00000008   Data   RO        19018    log_const_data      app_timer2.o
    0x00034900   0x00034900   0x00000008   Data   RO        20384    log_const_data      nrf_fstorage.o
    0x00034908   0x00034908   0x00000008   Data   RO        20685    log_const_data      nrf_pwr_mgmt.o
    0x00034910   0x00034910   0x00000008   Data   RO        20978    log_const_data      nrf_sortlist.o
    0x00034918   0x00034918   0x00000008   Data   RO        21419    log_const_data      nrf_log_frontend.o
    0x00034920   0x00034920   0x00000008   Data   RO        22022    log_const_data      nrf_sdh.o
    0x00034928   0x00034928   0x00000008   Data   RO        22142    log_const_data      nrf_sdh_ble.o
    0x00034930   0x00034930   0x00000008   Data   RO        22195    log_const_data      nrf_sdh_soc.o
    0x00034938   0x00034938   0x00000014   Data   RO        21420    nrf_balloc          nrf_log_frontend.o
    0x0003494c   0x0003494c   0x00000014   Data   RO        22623    nrf_balloc          user_ble.o
    0x00034960   0x00034960   0x00000014   Data   RO        22624    nrf_queue           user_ble.o
    0x00034974   0x00034974   0x00000004   Data   RO        22625    pwr_mgmt_data0      user_ble.o
    0x00034978   0x00034978   0x00000008   Data   RO         8590    sdh_ble_observers0  ble_conn_state.o
    0x00034980   0x00034980   0x00000008   Data   RO         6571    sdh_ble_observers1  bsp_btn_ble.o
    0x00034988   0x00034988   0x00000008   Data   RO         8473    sdh_ble_observers1  ble_conn_params.o
    0x00034990   0x00034990   0x00000020   Data   RO        22626    sdh_ble_observers1  user_ble.o
    0x000349b0   0x000349b0   0x00000008   Data   RO         9598    sdh_ble_observers2  ble_dfu.o
    0x000349b8   0x000349b8   0x00000010   Data   RO        22627    sdh_ble_observers2  user_ble.o
    0x000349c8   0x000349c8   0x00000008   Data   RO        22628    sdh_ble_observers3  user_ble.o
    0x000349d0   0x000349d0   0x00000008   Data   RO        20485    sdh_req_observers0  nrf_fstorage_sd.o
    0x000349d8   0x000349d8   0x00000008   Data   RO         9748    sdh_soc_observers0  nrf_drv_clock.o
    0x000349e0   0x000349e0   0x00000008   Data   RO        20486    sdh_soc_observers0  nrf_fstorage_sd.o
    0x000349e8   0x000349e8   0x00000008   Data   RO         9527    sdh_soc_observers1  ble_dfu_unbonded.o
    0x000349f0   0x000349f0   0x00000008   Data   RO        22143    sdh_stack_observers0  nrf_sdh_ble.o
    0x000349f8   0x000349f8   0x00000008   Data   RO        22196    sdh_stack_observers0  nrf_sdh_soc.o
    0x00034a00   0x00034a00   0x00000008   Data   RO         9749    sdh_state_observers0  nrf_drv_clock.o
    0x00034a08   0x00034a08   0x00000008   Data   RO        20487    sdh_state_observers0  nrf_fstorage_sd.o
    0x00034a10   0x00034a10   0x00000008   Data   RO        22629    sdh_state_observers0  user_ble.o


    Execution Region RW_IRAM1 (Exec base: 0x200039e8, Load base: 0x00034a18, Size: 0x00003b78, Max: 0x00003c00, ABSOLUTE, COMPRESSED[0x000001b0])

    Exec Addr    Load Addr    Size         Type   Attr      Idx    E Section Name        Object

    0x200039e8   COMPRESSED   0x00000008   Data   RW         6570    .data               bsp_btn_ble.o
    0x200039f0   COMPRESSED   0x00000008   Data   RW         8472    .data               ble_conn_params.o
    0x200039f8   COMPRESSED   0x0000001f   Data   RW         9412    .data               ble_nus.o
    0x20003a17   COMPRESSED   0x00000001   PAD
    0x20003a18   COMPRESSED   0x00000004   Data   RW         9526    .data               ble_dfu_unbonded.o
    0x20003a1c   COMPRESSED   0x00000009   Data   RW         9896    .data               nrf_drv_uart.o
    0x20003a25   COMPRESSED   0x00000003   PAD
    0x20003a28   COMPRESSED   0x00000008   Data   RW        10111    .data               nrfx_clock.o
    0x20003a30   COMPRESSED   0x00000008   Data   RW        12471    .data               nrfx_prs.o
    0x20003a38   COMPRESSED   0x00000008   Data   RW        16852    .data               nrfx_wdt.o
    0x20003a40   COMPRESSED   0x00000024   Data   RW        19017    .data               app_timer2.o
    0x20003a64   COMPRESSED   0x0000000c   Data   RW        19288    .data               drv_rtc.o
    0x20003a70   COMPRESSED   0x00000030   Data   RW        19553    .data               fds.o
    0x20003aa0   COMPRESSED   0x00000008   Data   RW        20484    .data               nrf_fstorage_sd.o
    0x20003aa8   COMPRESSED   0x00000009   Data   RW        20684    .data               nrf_pwr_mgmt.o
    0x20003ab1   COMPRESSED   0x00000003   PAD
    0x20003ab4   COMPRESSED   0x0000001b   Data   RW        21155    .data               app_uart_fifo.o
    0x20003acf   COMPRESSED   0x00000001   Data   RW        21233    .data               nrf_log_backend_rtt.o
    0x20003ad0   COMPRESSED   0x00000008   Data   RW        21351    .data               nrf_log_default_backends.o
    0x20003ad8   COMPRESSED   0x00000014   Data   RW        21418    .data               nrf_log_frontend.o
    0x20003aec   COMPRESSED   0x00000040   Data   RW        21596    .data               nrf_log_str_formatter.o
    0x20003b2c   COMPRESSED   0x00000003   Data   RW        22021    .data               nrf_sdh.o
    0x20003b2f   COMPRESSED   0x00000001   Data   RW        22141    .data               nrf_sdh_ble.o
    0x20003b30   COMPRESSED   0x0000006c   Data   RW        22622    .data               user_ble.o
    0x20003b9c   COMPRESSED   0x00000028   Data   RW        24639    .data               user_drive.o
    0x20003bc4   COMPRESSED   0x00000203   Data   RW        26613    .data               user_cmnc.o
    0x20003dc7   COMPRESSED   0x00000025   Data   RW        28604    .data               user_param.o
    0x20003dec   COMPRESSED   0x00000004   Data   RW        30619    .data               system_nrf52820.o
    0x20003df0   COMPRESSED   0x00000004   Data   RW        32461    .data               mc_w.l(errno.o)
    0x20003df4   COMPRESSED   0x00000014   Data   RW        19554    fs_data             fds.o
    0x20003e08        -       0x00000070   Zero   RW         4630    .bss                bsp.o
    0x20003e78        -       0x00000050   Zero   RW         8471    .bss                ble_conn_params.o
    0x20003ec8        -       0x0000007c   Zero   RW         8589    .bss                ble_conn_state.o
    0x20003f44        -       0x00000028   Zero   RW         9524    .bss                ble_dfu_unbonded.o
    0x20003f6c        -       0x0000001c   Zero   RW         9596    .bss                ble_dfu.o
    0x20003f88        -       0x00000014   Zero   RW         9744    .bss                nrf_drv_clock.o
    0x20003f9c        -       0x0000005c   Zero   RW        10686    .bss                nrfx_gpiote.o
    0x20003ff8        -       0x0000002c   Zero   RW        12924    .bss                nrfx_uart.o
    0x20004024        -       0x00000024   Zero   RW        15001    .bss                nrfx_uarte.o
    0x20004048        -       0x00000030   Zero   RW        16683    .bss                nrfx_timer.o
    0x20004078        -       0x00000020   Zero   RW        18858    .bss                app_error.o
    0x20004098        -       0x00000068   Zero   RW        19014    .bss                app_timer2.o
    0x20004100        -       0x0000000c   Zero   RW        19157    .bss                app_util_platform.o
    0x2000410c        -       0x000000f0   Zero   RW        19551    .bss                fds.o
    0x200041fc        -       0x000000b0   Zero   RW        20482    .bss                nrf_fstorage_sd.o
    0x200042ac        -       0x0000000c   Zero   RW        20681    .bss                nrf_pwr_mgmt.o
    0x200042b8        -       0x00000020   Zero   RW        21153    .bss                app_uart_fifo.o
    0x200042d8        -       0x00000040   Zero   RW        21231    .bss                nrf_log_backend_rtt.o
    0x20004318        -       0x00000578   Zero   RW        21415    .bss                nrf_log_frontend.o
    0x20004890        -       0x00000288   Zero   RW        21676    .bss                segger_rtt.o
    0x20004b18        -       0x00000728   Zero   RW        22619    .bss                user_ble.o
    0x20005240        -       0x00000200   Zero   RW        24637    .bss                user_drive.o
    0x20005440        -       0x000000cc   Zero   RW        26611    .bss                user_cmnc.o
    0x2000550c        -       0x00000050   Zero   RW        28603    .bss                user_param.o
    0x2000555c   COMPRESSED   0x00000004   PAD
    0x20005560        -       0x00002000   Zero   RW        30240    STACK               arm_startup_nrf52820.o


==============================================================================

Image component sizes


      Code (inc. data)   RO Data    RW Data    ZI Data      Debug   Object Name

         0          0         19          0          0       1695   app_button.o
       136          4          0          0         32       3586   app_error.o
        26          0          0          0          0        564   app_error_handler_keil.o
       456        194          0          0          0       1694   app_error_weak.o
       170          0          0          0          0       6190   app_fifo.o
         0          0          0          0          0      37206   app_scheduler.o
      1122        124         38         36        104      19033   app_timer2.o
       854        172         32         27         32      16746   app_uart_fifo.o
       200         24          0          0         12      11566   app_util_platform.o
        36          8        512          0       8192        916   arm_startup_nrf52820.o
         0          0          0          0          0        408   auth_status_tracker.o
      2056          0          0          0          0      58368   ble_advdata.o
      1596          6          0          0          0      20559   ble_advertising.o
       936         56          8          8         80      12071   ble_conn_params.o
       624         96          8          0        124      11160   ble_conn_state.o
       680         54         32          0         28      23164   ble_dfu.o
         0          0          0          0          0       7052   ble_dfu_bonded.o
       658         62        214          4         40       7450   ble_dfu_unbonded.o
       108          0          0          0          0       1644   ble_link_ctx_manager.o
       922         14         32         31          0       7580   ble_nus.o
       694          6          0          0          0      42113   ble_srv_common.o
         0          0          0          0          0        540   boards.o
        92          6          0          0        112       7556   bsp.o
       288          8          8          8          0       3900   bsp_btn_ble.o
      1010         98          6         12          0      53881   drv_rtc.o
      2908        318         24         68        240      37575   fds.o
       120          0          0          0          0     198206   main.o
       374          0          0          0          0       6808   nrf_atfifo.o
        90          0          0          0          0       3208   nrf_atflags.o
       422          0          0          0          0       9577   nrf_atomic.o
       218          0          0          0          0       3823   nrf_balloc.o
      1220        280        205          0          0      39563   nrf_ble_gatt.o
       650         58        117          0          0      16399   nrf_ble_gq.o
       390          0          0          0          0       6289   nrf_ble_qwr.o
      1424         46         17          0          0      17483   nrf_ble_scan.o
       412        236          0          0          0       1370   nrf_dfu_svci.o
       440         52         30          0         20      45064   nrf_drv_clock.o
       252         42          0          9          0      18108   nrf_drv_uart.o
        70          0          0          0          0       3705   nrf_fprintf.o
      1030          6         16          0          0       7242   nrf_fprintf_format.o
      1044        356        194          0          0       8288   nrf_fstorage.o
      1118        118         72          8        176      19339   nrf_fstorage_sd.o
       176         16         22          1         64       7285   nrf_log_backend_rtt.o
       242          0          0          0          0      11149   nrf_log_backend_serial.o
        40          6         32          8          0       3437   nrf_log_default_backends.o
      2170        148         44         20       1400      33460   nrf_log_frontend.o
       626        112        102         64          0       6124   nrf_log_str_formatter.o
       514          0          0          0          0       9755   nrf_memobj.o
       412         50         53          9         12      46834   nrf_pwr_mgmt.o
       460          0          0          0          0       6109   nrf_queue.o
        28          0          0          0          0       2467   nrf_ringbuf.o
       994        210        104          3          0      45410   nrf_sdh.o
       976        306        539          1          0       6639   nrf_sdh_ble.o
       152         68         56          0          0       2800   nrf_sdh_soc.o
       112          0          0          0          0       2876   nrf_section_iter.o
       110          0         17          0          0       4137   nrf_sortlist.o
        92         10       1319          0          0       2847   nrf_strerror.o
       514         38         14          8          0      50168   nrfx_clock.o
       664         44         77          0         92      60878   nrfx_gpiote.o
       118         14         12          8          0       3909   nrfx_prs.o
       690         60         14          0         48      21015   nrfx_timer.o
      1700         46         59          0         44      35613   nrfx_uart.o
      1612         46         62          0         36      31027   nrfx_uarte.o
       416         62         12          8          0       8248   nrfx_wdt.o
       470         44          0          0        648       8617   segger_rtt.o
       720         62          0          4          0       4139   system_nrf52820.o
      3760       1358        199        108       1832      28954   user_ble.o
      3054        580          6        515        204      16445   user_cmnc.o
      2010        530         68         40        512      25145   user_drive.o
      2126        526          0         37         80      20193   user_param.o

    ----------------------------------------------------------------------
     49882       6780       4494       1052      14168    1304369   Object Totals
         0          0         32          0          0          0   (incl. Generated)
        78          0         67          7          4          0   (incl. Padding)

    ----------------------------------------------------------------------

      Code (inc. data)   RO Data    RW Data    ZI Data      Debug   Library Member Name

        86          0          0          0          0          0   __dczerorl2.o
        28          0          0          0          0         68   _chval.o
       158          0          0          0          0         92   _strtoul.o
        26          0          0          0          0         80   atoi.o
         8          4        133          0          0         68   ctype_o.o
         0          0          0          0          0          0   entry.o
         0          0          0          0          0          0   entry10a.o
         0          0          0          0          0          0   entry11a.o
         8          4          0          0          0          0   entry2.o
         4          0          0          0          0          0   entry5.o
         0          0          0          0          0          0   entry7b.o
         0          0          0          0          0          0   entry8b.o
         8          4          0          0          0          0   entry9a.o
         8          4          0          4          0         68   errno.o
        30          0          0          0          0          0   handlers.o
        36          8          0          0          0         68   init.o
        30          0          0          0          0         68   llshl.o
        32          0          0          0          0         68   llushr.o
        26          0          0          0          0         80   memcmp.o
        36          0          0          0          0         68   memcpya.o
        36          0          0          0          0        108   memseta.o
       390         10          0          0          0        252   printf1.o
        24          0          0          0          0         68   strcat.o
        28          0          0          0          0         76   strcmp.o
        18          0          0          0          0         68   strcpy.o
        14          0          0          0          0         68   strlen.o
        30          0          0          0          0         80   strncmp.o
       112          0          0          0          0         88   strtol.o
        44          0          0          0          0         80   uidiv.o
        98          0          0          0          0         92   uldiv.o

    ----------------------------------------------------------------------
      1322         34        134          4          0       1708   Library Totals
         4          0          1          0          0          0   (incl. Padding)

    ----------------------------------------------------------------------

      Code (inc. data)   RO Data    RW Data    ZI Data      Debug   Library Name

      1318         34        133          4          0       1708   mc_w.l

    ----------------------------------------------------------------------
      1322         34        134          4          0       1708   Library Totals

    ----------------------------------------------------------------------

==============================================================================


      Code (inc. data)   RO Data    RW Data    ZI Data      Debug   

     51204       6814       4628       1056      14168    1274433   Grand Totals
     51204       6814       4628        432      14168    1274433   ELF Image Totals (compressed)
     51204       6814       4628        432          0          0   ROM Totals

==============================================================================

    Total RO  Size (Code + RO Data)                55832 (  54.52kB)
    Total RW  Size (RW Data + ZI Data)             15224 (  14.87kB)
    Total ROM Size (Code + RO Data + RW Data)      56264 (  54.95kB)

==============================================================================

